00:00:00.291 |I| Configuration LogValueChange: ResScale set to: 1
00:00:00.304 |I| Configuration LogValueChange: ResScaleCustom set to: 1
00:00:00.304 |I| Configuration LogValueChange: MaxAnisotropy set to: -1
00:00:00.305 |I| Configuration LogValueChange: AspectRatio set to: Fixed16x9
00:00:00.306 |I| Configuration LogValueChange: PreferredGpu set to: 0x1002_0x1114
00:00:00.306 |I| Configuration LogValueChange: ScalingFilterLevel set to: 80
00:00:00.306 |I| Configuration LogValueChange: CustomVSyncInterval set to: 120
00:00:00.306 |I| Configuration LogValueChange: EnableShaderCache set to: True
00:00:00.306 |I| Configuration LogValueChange: EnableMacroHLE set to: True
00:00:00.307 |I| Configuration LogValueChange: Language set to: AmericanEnglish
00:00:00.308 |I| Configuration LogValueChange: Region set to: USA
00:00:00.308 |I| Configuration LogValueChange: TimeZone set to: UTC
00:00:00.310 |I| Configuration LogValueChange: SystemTimeOffset set to: -37
00:00:00.310 |I| Configuration LogValueChange: EnableDockedMode set to: True
00:00:00.310 |I| Configuration LogValueChange: EnablePtc set to: True
00:00:00.312 |I| Configuration LogValueChange: TickScalar set to: 50
00:00:00.312 |I| Configuration LogValueChange: EnableFsIntegrityChecks set to: True
00:00:00.313 |I| Configuration LogValueChange: AudioBackend set to: SDL2
00:00:00.313 |I| Configuration LogValueChange: AudioVolume set to: 1
00:00:00.314 |I| Configuration LogValueChange: MemoryManagerMode set to: HostMappedUnsafe
00:00:00.314 |I| Configuration LogValueChange: UseHypervisor set to: True
00:00:00.316 |I| Configuration LogValueChange: LdnPassphrase set to: 
00:00:00.316 |I| Configuration LogValueChange: LdnServer set to: 
00:00:00.316 |I| Configuration LogValueChange: GdbStubPort set to: 55555
00:00:00.325 |W| Application GetActualScaleFactor: Couldn't determine monitor DPI: Wayland not yet supported
00:00:00.326 |N| Application PrintSystemInfo:    ___                 __    _              
00:00:00.326 |N| Application PrintSystemInfo:   / _ \  __ __ __ __  / /   (_)  ___   ___ _
00:00:00.326 |N| Application PrintSystemInfo:  / , _/ / // // // / / _ \ / /  / _ \ / _ `/
00:00:00.326 |N| Application PrintSystemInfo: /_/|_|  \_, / \_,_/ /_.__//_/  /_//_/ \_, / 
00:00:00.326 |N| Application PrintSystemInfo:        /___/                         /___/  
00:00:00.326 |N| Application PrintSystemInfo: Ryujinx Version: 1.3.3
00:00:00.326 |N| Application PrintSystemInfo: .NET Runtime: .NET 9.0.9
00:00:00.335 |N| Application PrintSystemInfo: Operating System: Arch Linux (X64)
00:00:00.335 |N| Application PrintSystemInfo: CPU: AMD Ryzen AI 7 350 w/ Radeon 860M ; 16 logical
00:00:00.338 |N| Application PrintSystemInfo: RAM: Total 14.9 GiB ; Available 13.3 GiB
00:00:00.341 |N| Application PrintSystemInfo: Logs Enabled: Info, Warning, Error, Guest, Stub
00:00:00.341 |N| Application PrintSystemInfo: Launch Mode: UserProfile
00:00:00.575 |E| .NET TP Worker ATTENTION: default value of option mesa_glthread overridden by environment.
00:00:00.617 |E| .NET TP Worker ATTENTION: default value of option mesa_glthread overridden by environment.
00:00:00.619 |E| .NET TP Worker ATTENTION: default value of option mesa_glthread overridden by environment.
00:00:05.026 |I| Application QueryLatestAsync: Checking for updates from: https://update.ryujinx.app/latest/query?os=linux&arch=amd64&rc=stable
00:00:05.174 |E| .NET TP Worker ATTENTION: default value of option mesa_glthread overridden by environment.
00:00:05.771 |I| Application BeginUpdateAsync: Up to date.
00:00:00.084 |I| Gpu : Backend Threading (Auto): True
00:00:00.297 |N| Application LoadGuestApplication: Using Firmware Version: 19.0.1
00:00:00.297 |N| Application LoadGuestApplication: Loading content archive from '/home/[redacted]/Downloads/Games/Pokemon Brilliant Diamond [0100000011D90000][v0].nsp'.
00:00:00.297 |I| Application LoadGuestApplication: Loading as NSP.
00:00:00.315 |I| ModLoader QueryContentsDir: Searching mods for Application 0100000011D90000 in "/home/[redacted]/.config/Ryujinx/mods/contents"
00:00:00.318 |I| ModLoader QueryContentsDir: Searching mods for Application 0100000011D90000 in "/home/[redacted]/.config/Ryujinx/sdcard/atmosphere/contents"
00:00:00.325 |I| Loader Load: Loading rtld...
00:00:00.338 |I| Loader PrintRoSectionInfo: rtld:
    Module: nnrtld
00:00:00.338 |I| Loader Load: Loading main...
00:00:00.728 |I| Loader PrintRoSectionInfo: main:
    Module: F:\JenkinsWorkSpace\workspace\BuildRom_Launch\unity_project\Dpr\SwitchIL2CPPCache\il2cpp_cache\linkresult_22F671898E59E8B9B3F93C78532B1E40\SwitchPlayer.nss
    SDK Libraries: SDK MW+UnityTechnologies+Unity-2019_4_27_f1
                   SDK MW+Nintendo+NintendoSDK_libcurl-11_4_3-Release
                   SDK MW+Nintendo+NintendoSDK_libz-11_4_3-Release
                   SDK MW+Nintendo+NEX-4_6_11-appdl
                   SDK MW+Nintendo+PIA_UNITY-0.33.0
                   SDK MW+Nintendo+PiaSession-5_37_0
                   SDK MW+Nintendo+PiaTransport-5_37_0
                   SDK MW+Nintendo+NEX_DS-4_6_11
                   SDK MW+Nintendo+NEX_R2-4_6_11
                   SDK MW+Nintendo+NEX_RK-4_6_11
                   SDK MW+Nintendo+NEX_CO-4_6_11
                   SDK MW+Nintendo+NEX_SS-4_6_11
                   SDK MW+Nintendo+NEX_UT-4_6_11
                   SDK MW+Nintendo+PiaCommon-5_37_0
                   SDK MW+Nintendo+Pia-5_37_0_58082
                   SDK MW+Nintendo+PiaFramework-5_37_0
                   SDK MW+Nintendo+PiaLan-5_37_0
                   SDK MW+Nintendo+PiaLocal-5_37_0
                   SDK MW+Nintendo+PiaNex-5_37_0-forNEX-4_6_5
                   SDK MW+Nintendo+PiaReckoning-5_37_0
                   SDK MW+Nintendo+PiaSync-5_37_0
                   SDK MW+Nintendo+NEX_MM-4_6_11
                   SDK MW+Nintendo+PiaClone-5_37_0
00:00:00.728 |I| Loader Load: Loading subsdk0...
00:00:00.753 |I| Loader PrintRoSectionInfo: subsdk0:
    Module: multimedia
    SDK Libraries: SDK MW+Nintendo+NintendoSDK_movie-11_4_3-Release
00:00:00.753 |I| Loader Load: Loading sdk...
00:00:00.800 |I| Loader PrintRoSectionInfo: sdk:
    Module: nnSdk
    FS SDK Version: 11.4.3
    SDK Libraries: SDK MW+Nintendo+NintendoSDK_libz-11_4_3-Release
                   SDK MW+Nintendo+NintendoSdk_nnSdk-11_4_3-Release
                   SDK MW+Nintendo+NintendoSDK_NVN-11_4_3-Release
00:00:00.902 |I| Ptc Initialize: Initializing Profiled Persistent Translation Cache (enabled: True).
00:00:00.902 |I| Ptc Initialize: PPTC (v7009) Profile: 1.0.0-default
00:00:01.586 |I| Ptc Load: Loaded Translation Cache (size: 132819621 bytes, translated functions: 68480).
00:00:01.602 |I| Ptc Load: Loaded Profiling Info (size: 309376 bytes, profiled functions: 67957).
00:00:01.604 |I| Application ParseCapability: Application requested cores with index range 0 to 2
00:00:01.605 |I| Loader LoadNsos: Loading image 0 at 0x0000000008500000...
00:00:01.606 |I| Loader LoadNsos: Loading image 1 at 0x0000000008504000...
00:00:01.631 |I| Loader LoadNsos: Loading image 2 at 0x000000000d2bd000...
00:00:01.632 |I| Loader LoadNsos: Loading image 3 at 0x000000000d963000...
00:00:01.636 |I| ModLoader LoadCheats: Build ids found for application 0100000011D90000:
    6F8B1226CC8CD958021D6BFD226EBF23F892AB9B000000000000000000000000
    F87FC6075104EC4D9642A4AA6BB2221600000000000000000000000000000000
    507F19D1240D09D00992248E8A0FD77EBD784EB4000000000000000000000000
    2D369D9999E3E10E665106F840FFFF9BDAA0BB8E000000000000000000000000
00:00:01.638 |I| Application EnsureSaveData: Ensuring required savedata exists.
00:00:01.655 |I| Loader Start: Application Loaded: Pokémon Brilliant Diamond v1.0.0 [0100000011d90000] [64-bit]
00:00:01.695 |I| GUI.WindowThread Hid Configure: Configured Controller ProController to Player1
00:00:01.714 |I| GUI.WindowThread Hid SetupNpad: Connected Controller ProController to Player1
00:00:01.800 |N| GUI.RenderThread Gpu PrintGpuInformation: AMD Radeon 860M Graphics (RADV KRACKAN1) (Vulkan v1.4.335, Driver v26.0.1)
00:00:01.800 |N| GUI.RenderThread Gpu PrintGpuInformation: GPU Memory: 5429 MiB
00:00:01.805 |I| GPU.MainThread Gpu LoadShaders: Loading 3357 shaders from the cache...
00:00:03.586 |I| GPU.MainThread Gpu LoadShaders: Shader cache loaded.
00:00:04.094 |W| HLE.GuestThread.46 Cpu Allocate: JIT Cache Region 0 exhausted, creating new Cache Region 1 (512 MB Total Allocation).
00:00:04.463 |I| HLE.GuestThread.46 Ptc LoadTranslations: 67761 translated functions loaded
00:00:04.477 |I| HLE.GuestThread.46 Ptc MakeAndSaveTranslations: 0 of 196 functions translated | Thread count: 15
00:00:05.097 |I| HLE.GuestThread.46 Ptc MakeAndSaveTranslations: 196 of 196 functions translated in 0.4894695 seconds | 0 functions blacklisted | Thread count: 15
00:00:05.161 |S| HLE.OsThread.47 ServiceAm GetAppletResourceUserId: Stubbed. {appletResourceUserId: 1}
00:00:05.167 |S| HLE.OsThread.47 ServiceAm AcquireForegroundRights: Stubbed. 
00:00:05.168 |S| HLE.OsThread.47 ServiceAm SetFocusHandlingMode: Stubbed. {unknownFlag1: False ; unknownFlag2: False ; unknownFlag3: True}
00:00:05.168 |S| HLE.OsThread.47 ServiceAm SetOutOfFocusSuspendingEnabled: Stubbed. {outOfFocusSuspendingEnabled: False}
00:00:05.174 |S| HLE.OsThread.47 ServicePctl Initialize: Stubbed. 
00:00:05.200 |S| HLE.OsThread.4 ServiceNv FinishInitialize: Stubbed. 
00:00:05.204 |S| HLE.OsThread.47 ServiceAm SetRestartMessageEnabled: Stubbed. {restartMessageEnabled: True}
00:00:05.204 |S| HLE.OsThread.47 ServiceAm SetPerformanceModeChangedNotification: Stubbed. {performanceModeChangedNotification: True}
00:00:05.204 |S| HLE.OsThread.47 ServiceAm SetOperationModeChangedNotification: Stubbed. {operationModeChangedNotification: True}
00:00:05.458 |S| HLE.OsThread.1 ServiceBsd RegisterClient: Stubbed. 
00:00:05.458 |S| HLE.OsThread.1 ServiceBsd StartMonitoring: Stubbed. {unknown0: 0}
00:00:05.607 |S| HLE.OsThread.47 ServiceSsl SetInterfaceVersion: Stubbed. {interfaceVersion: 3}
00:00:05.616 |S| HLE.OsThread.3 ServiceHid ActivateTouchScreen: Stubbed. {appletResourceUserId: 1}
00:00:05.617 |S| HLE.OsThread.3 ServiceHid ActiveNpadImpl: Stubbed. {appletResourceUserId: 1 ; revision: 3}
00:00:05.617 |S| HLE.OsThread.3 ServiceHid SetSupportedNpadStyleSet: Stubbed. {pid: 127 ; appletResourceUserId: 1 ; type: ProController, Handheld, JoyconPair}
00:00:05.620 |S| HLE.OsThread.3 ServiceHid SetSupportedNpadIdType: Stubbed. 9 Players: Handheld,Player1,Player2,Player3,Player4,Player5,Player6,Player7,Player8
00:00:05.627 |S| HLE.OsThread.4 ServiceNv InitializeEx: Stubbed. 
00:00:05.638 |S| HLE.OsThread.4 ServiceNv GetActiveSlotMask: Stubbed. 
00:00:05.675 |S| HLE.OsThread.4 ServiceNv SetNvMapFd: Stubbed. 
00:00:05.676 |S| HLE.OsThread.4 ServiceNv AllocGpfifoEx2: Stubbed. 
00:00:05.676 |S| HLE.OsThread.4 ServiceNv AllocObjCtx: Stubbed. 
00:00:05.676 |S| HLE.OsThread.4 ServiceNv SetErrorNotifier: Stubbed. 
00:00:05.677 |S| HLE.OsThread.4 ServiceNv SetUserData: Stubbed. 
00:00:05.677 |S| HLE.OsThread.4 ServiceNv SetTimeout: Stubbed. 
00:00:05.677 |S| HLE.OsThread.4 ServiceNv SetTimeslice: Stubbed. 
00:00:05.678 |S| HLE.OsThread.4 ServiceNv ZcullBind: Stubbed. 
00:00:05.681 |I| HLE.OsThread.47 SurfaceFlinger CreateLayerFromId: Creating layer 1
00:00:05.682 |I| HLE.OsThread.47 SurfaceFlinger CreateLayerFromId: Creating layer 2
00:00:05.732 |I| HLE.OsThread.11 AudioRenderer AcquireSessionId: Registered new output (0)
00:00:05.760 |I| HLE.OsThread.11 Audio EnsureAudioStreamSetup: New audio stream setup with a target sample count of 1024
00:00:05.917 |S| HLE.OsThread.3 ServiceHid SetSupportedNpadIdType: Stubbed. 2 Players: Player1,Handheld
00:00:05.918 |S| HLE.OsThread.3 ServiceHid SetSupportedNpadStyleSet: Stubbed. {pid: 127 ; appletResourceUserId: 1 ; type: ProController, Handheld, JoyconPair}
00:00:06.060 |I| Ptc.DiskWriter Ptc Save: Saved Translation Cache (size: 133692305 bytes, translated functions: 68676).
00:00:08.461 |S| HLE.OsThread.47 ServiceAcc InitializeApplicationInfo: Stubbed. {TitleId: 72057594337361920}
00:00:08.463 |S| HLE.OsThread.47 ServiceAcc IsUserAccountSwitchLocked: Stubbed. 
00:00:12.805 |S| HLE.OsThread.47 ServiceAm SetFocusHandlingMode: Stubbed. {unknownFlag1: False ; unknownFlag2: False ; unknownFlag3: True}
00:00:12.805 |S| HLE.OsThread.47 ServiceAm SetOutOfFocusSuspendingEnabled: Stubbed. {outOfFocusSuspendingEnabled: False}
00:00:12.816 |I| HLE.OsThread.11 AudioRenderer AcquireSessionId: Registered new output (1)
00:00:12.829 |I| HLE.OsThread.11 Audio EnsureAudioStreamSetup: New audio stream setup with a target sample count of 1024
00:00:12.882 |S| HLE.OsThread.4 ServiceNv ZbcSetTable: Stubbed. 
00:00:12.883 |S| HLE.OsThread.4 ServiceNv GetActiveSlotMask: Stubbed. 
00:00:16.088 |S| HLE.OsThread.4 ServiceNv ZbcSetTable: Stubbed. 
00:00:16.088 |S| HLE.OsThread.4 ServiceNv GetActiveSlotMask: Stubbed. 
00:00:19.560 |S| HLE.OsThread.3 ServiceHid StartSixAxisSensor: Stubbed. {appletResourceUserId: 1 ; sixAxisSensorHandle: 131075}
00:00:23.850 |S| HLE.OsThread.4 ServiceNv ZbcSetTable: Stubbed. 
00:00:23.850 |S| HLE.OsThread.4 ServiceNv GetActiveSlotMask: Stubbed. 
00:00:35.115 |I| Ptc.DiskWriter Ptc Save: Saved Profiling Info (size: 309406 bytes, profiled functions: 67963).
00:01:05.109 |I| Ptc.DiskWriter Ptc Save: Saved Profiling Info (size: 309433 bytes, profiled functions: 67969).
00:01:35.105 |I| Ptc.DiskWriter Ptc Save: Saved Profiling Info (size: 309463 bytes, profiled functions: 67977).
00:01:52.489 |S| HLE.OsThread.47 ServiceAm LockExit: Stubbed. 
00:01:52.538 |S| HLE.OsThread.4 ServiceNv ZbcSetTable: Stubbed. 
00:01:52.538 |S| HLE.OsThread.4 ServiceNv GetActiveSlotMask: Stubbed. 
00:01:52.695 |S| HLE.OsThread.47 ServiceAm UnlockExit: Stubbed. 
00:01:52.702 |S| HLE.OsThread.4 ServiceNv ZbcSetTable: Stubbed. 
00:01:52.702 |S| HLE.OsThread.4 ServiceNv GetActiveSlotMask: Stubbed. 
00:02:05.106 |I| Ptc.DiskWriter Ptc Save: Saved Profiling Info (size: 309477 bytes, profiled functions: 67980).
00:03:35.106 |I| Ptc.DiskWriter Ptc Save: Saved Profiling Info (size: 309482 bytes, profiled functions: 67981).
00:04:05.105 |I| Ptc.DiskWriter Ptc Save: Saved Profiling Info (size: 309489 bytes, profiled functions: 67982).
00:04:35.104 |I| Ptc.DiskWriter Ptc Save: Saved Profiling Info (size: 309645 bytes, profiled functions: 68016).
00:04:36.038 |S| HLE.OsThread.47 ServiceAm LockExit: Stubbed. 
00:04:36.056 |S| HLE.OsThread.47 ServiceAm UnlockExit: Stubbed. 
00:04:40.599 |W| HLE.GuestThread.48 KernelSvc : WaitSynchronization(handleIndex: 0xFFFFFFFF) = TerminationRequested
00:04:40.599 |W| HLE.GuestThread.46 KernelSvc : WaitProcessWideKeyAtomic() = TerminationRequested
00:04:40.599 |W| HLE.GuestThread.49 KernelSvc : WaitProcessWideKeyAtomic() = TerminationRequested
00:04:40.599 |W| HLE.GuestThread.50 KernelSvc : WaitProcessWideKeyAtomic() = TerminationRequested
00:04:40.599 |W| HLE.GuestThread.52 KernelSvc : WaitProcessWideKeyAtomic() = TerminationRequested
00:04:40.599 |W| HLE.GuestThread.54 KernelSvc : WaitProcessWideKeyAtomic() = TerminationRequested
00:04:40.599 |W| HLE.GuestThread.51 KernelSvc : WaitProcessWideKeyAtomic() = TerminationRequested
00:04:40.599 |W| HLE.GuestThread.69 KernelSvc : WaitProcessWideKeyAtomic() = TerminationRequested
00:04:40.599 |W| HLE.GuestThread.58 KernelSvc : WaitProcessWideKeyAtomic() = TerminationRequested
00:04:40.599 |W| HLE.GuestThread.53 KernelSvc : WaitProcessWideKeyAtomic() = TerminationRequested
00:04:40.599 |W| HLE.GuestThread.72 KernelSvc : WaitSynchronization(handleIndex: 0xFFFFFFFF) = TerminationRequested
00:04:40.599 |W| HLE.GuestThread.59 KernelSvc : WaitProcessWideKeyAtomic() = TerminationRequested
00:04:40.599 |W| HLE.GuestThread.55 KernelSvc : WaitProcessWideKeyAtomic() = TerminationRequested
00:04:40.599 |W| HLE.GuestThread.74 KernelSvc : WaitSynchronization(handleIndex: 0xFFFFFFFF) = TerminationRequested
00:04:40.599 |W| HLE.GuestThread.71 KernelSvc : WaitProcessWideKeyAtomic() = TerminationRequested
00:04:40.599 |W| HLE.GuestThread.56 KernelSvc : WaitProcessWideKeyAtomic() = TerminationRequested
00:04:40.599 |W| HLE.GuestThread.76 KernelSvc : WaitProcessWideKeyAtomic() = TerminationRequested
00:04:40.599 |W| HLE.GuestThread.57 KernelSvc : WaitProcessWideKeyAtomic() = TerminationRequested
00:04:40.599 |W| HLE.GuestThread.87 KernelSvc : WaitProcessWideKeyAtomic() = TerminationRequested
00:04:40.599 |W| HLE.GuestThread.60 KernelSvc : WaitProcessWideKeyAtomic() = TerminationRequested
00:04:40.599 |W| HLE.GuestThread.86 KernelSvc : WaitProcessWideKeyAtomic() = TerminationRequested
00:04:40.599 |W| HLE.GuestThread.73 KernelSvc : SendSyncRequest() = TerminationRequested
00:04:40.599 |W| HLE.GuestThread.61 KernelSvc : WaitProcessWideKeyAtomic() = TerminationRequested
00:04:40.599 |W| HLE.GuestThread.70 KernelSvc : WaitProcessWideKeyAtomic() = TerminationRequested
00:04:40.599 |W| HLE.GuestThread.68 KernelSvc : WaitProcessWideKeyAtomic() = TerminationRequested
00:04:40.599 |W| HLE.GuestThread.62 KernelSvc : WaitProcessWideKeyAtomic() = TerminationRequested
00:04:40.599 |W| HLE.GuestThread.67 KernelSvc : WaitProcessWideKeyAtomic() = TerminationRequested
00:04:40.599 |W| HLE.GuestThread.63 KernelSvc : WaitProcessWideKeyAtomic() = TerminationRequested
00:04:40.599 |W| HLE.GuestThread.66 KernelSvc : WaitProcessWideKeyAtomic() = TerminationRequested
00:04:40.599 |W| HLE.GuestThread.65 KernelSvc : WaitProcessWideKeyAtomic() = TerminationRequested
00:04:40.599 |W| HLE.GuestThread.64 KernelSvc : WaitProcessWideKeyAtomic() = TerminationRequested
00:04:40.600 |W| HLE.GuestThread.77 KernelSvc : WaitProcessWideKeyAtomic() = TerminationRequested
00:04:40.600 |W| HLE.GuestThread.78 KernelSvc : WaitProcessWideKeyAtomic() = TerminationRequested
00:04:40.600 |W| HLE.GuestThread.79 KernelSvc : WaitProcessWideKeyAtomic() = TerminationRequested
00:04:40.600 |W| HLE.GuestThread.80 KernelSvc : WaitProcessWideKeyAtomic() = TerminationRequested
00:04:40.600 |W| HLE.GuestThread.81 KernelSvc : WaitProcessWideKeyAtomic() = TerminationRequested
00:04:40.603 |E| HLE.OsThread.7 SurfaceFlinger DequeueBuffer: No available buffer slots
00:04:40.606 |E| HLE.OsThread.7 SurfaceFlinger OnTransact: Error returned by transaction DequeueBuffer: Busy
00:04:40.647 |I| HLE.OsThread.11 AudioRenderer ReleaseSessionId: Unregistered output (0)
00:04:40.694 |I| HLE.OsThread.11 AudioRenderer ReleaseSessionId: Unregistered output (1)
00:04:40.725 |W| GUI.WindowThread ServiceNv Close: Closing channel
00:04:40.898 |N| GUI.RenderThread Application ReloadConfig: Loading configuration from: /home/[redacted]/.config/Ryujinx/Config.json
00:00:00.047 |I| Gpu : Backend Threading (Auto): True
00:00:00.130 |N| Application LoadGuestApplication: Using Firmware Version: 19.0.1
00:00:00.130 |N| Application LoadGuestApplication: Loading content archive from '/home/[redacted]/Downloads/Games/Pokemon Brilliant Diamond [0100000011D90000][v0].nsp'.
00:00:00.130 |I| Application LoadGuestApplication: Loading as NSP.
00:00:00.132 |I| ModLoader QueryContentsDir: Searching mods for Application 0100000011D90000 in "/home/[redacted]/.config/Ryujinx/mods/contents"
00:00:00.132 |I| ModLoader QueryContentsDir: Searching mods for Application 0100000011D90000 in "/home/[redacted]/.config/Ryujinx/sdcard/atmosphere/contents"
00:00:00.132 |I| Loader Load: Loading rtld...
00:00:00.132 |I| Loader PrintRoSectionInfo: rtld:
    Module: nnrtld
00:00:00.132 |I| Loader Load: Loading main...
00:00:00.500 |I| Loader PrintRoSectionInfo: main:
    Module: F:\JenkinsWorkSpace\workspace\BuildRom_Launch\unity_project\Dpr\SwitchIL2CPPCache\il2cpp_cache\linkresult_22F671898E59E8B9B3F93C78532B1E40\SwitchPlayer.nss
    SDK Libraries: SDK MW+UnityTechnologies+Unity-2019_4_27_f1
                   SDK MW+Nintendo+NintendoSDK_libcurl-11_4_3-Release
                   SDK MW+Nintendo+NintendoSDK_libz-11_4_3-Release
                   SDK MW+Nintendo+NEX-4_6_11-appdl
                   SDK MW+Nintendo+PIA_UNITY-0.33.0
                   SDK MW+Nintendo+PiaSession-5_37_0
                   SDK MW+Nintendo+PiaTransport-5_37_0
                   SDK MW+Nintendo+NEX_DS-4_6_11
                   SDK MW+Nintendo+NEX_R2-4_6_11
                   SDK MW+Nintendo+NEX_RK-4_6_11
                   SDK MW+Nintendo+NEX_CO-4_6_11
                   SDK MW+Nintendo+NEX_SS-4_6_11
                   SDK MW+Nintendo+NEX_UT-4_6_11
                   SDK MW+Nintendo+PiaCommon-5_37_0
                   SDK MW+Nintendo+Pia-5_37_0_58082
                   SDK MW+Nintendo+PiaFramework-5_37_0
                   SDK MW+Nintendo+PiaLan-5_37_0
                   SDK MW+Nintendo+PiaLocal-5_37_0
                   SDK MW+Nintendo+PiaNex-5_37_0-forNEX-4_6_5
                   SDK MW+Nintendo+PiaReckoning-5_37_0
                   SDK MW+Nintendo+PiaSync-5_37_0
                   SDK MW+Nintendo+NEX_MM-4_6_11
                   SDK MW+Nintendo+PiaClone-5_37_0
00:00:00.500 |I| Loader Load: Loading subsdk0...
00:00:00.527 |I| Loader PrintRoSectionInfo: subsdk0:
    Module: multimedia
    SDK Libraries: SDK MW+Nintendo+NintendoSDK_movie-11_4_3-Release
00:00:00.527 |I| Loader Load: Loading sdk...
00:00:00.585 |I| Loader PrintRoSectionInfo: sdk:
    Module: nnSdk
    FS SDK Version: 11.4.3
    SDK Libraries: SDK MW+Nintendo+NintendoSDK_libz-11_4_3-Release
                   SDK MW+Nintendo+NintendoSdk_nnSdk-11_4_3-Release
                   SDK MW+Nintendo+NintendoSDK_NVN-11_4_3-Release
00:00:00.631 |I| Ptc Initialize: Initializing Profiled Persistent Translation Cache (enabled: True).
00:00:00.631 |I| Ptc Initialize: PPTC (v7009) Profile: 1.0.0-default
00:00:01.442 |I| Ptc Load: Loaded Translation Cache (size: 133692305 bytes, translated functions: 68676).
00:00:01.445 |I| Ptc Load: Loaded Profiling Info (size: 309645 bytes, profiled functions: 68016).
00:00:01.446 |I| Application ParseCapability: Application requested cores with index range 0 to 2
00:00:01.446 |I| Loader LoadNsos: Loading image 0 at 0x0000000008500000...
00:00:01.446 |I| Loader LoadNsos: Loading image 1 at 0x0000000008504000...
00:00:01.464 |I| Loader LoadNsos: Loading image 2 at 0x000000000d2bd000...
00:00:01.465 |I| Loader LoadNsos: Loading image 3 at 0x000000000d963000...
00:00:01.468 |I| ModLoader LoadCheats: Build ids found for application 0100000011D90000:
    6F8B1226CC8CD958021D6BFD226EBF23F892AB9B000000000000000000000000
    F87FC6075104EC4D9642A4AA6BB2221600000000000000000000000000000000
    507F19D1240D09D00992248E8A0FD77EBD784EB4000000000000000000000000
    2D369D9999E3E10E665106F840FFFF9BDAA0BB8E000000000000000000000000
00:00:01.468 |I| Application EnsureSaveData: Ensuring required savedata exists.
00:00:01.473 |I| Loader Start: Application Loaded: Pokémon Brilliant Diamond v1.0.0 [0100000011d90000] [64-bit]
00:00:01.485 |I| GUI.WindowThread Hid Configure: Configured Controller ProController to Player1
00:00:01.485 |I| GUI.WindowThread Hid SetupNpad: Connected Controller ProController to Player1
00:00:01.511 |N| GUI.RenderThread Gpu PrintGpuInformation: AMD Radeon 860M Graphics (RADV KRACKAN1) (Vulkan v1.4.335, Driver v26.0.1)
00:00:01.511 |N| GUI.RenderThread Gpu PrintGpuInformation: GPU Memory: 5429 MiB
00:00:01.511 |I| GPU.MainThread Gpu LoadShaders: Loading 3358 shaders from the cache...
00:00:02.770 |I| GPU.MainThread Gpu LoadShaders: Shader cache loaded.
00:00:03.124 |W| HLE.GuestThread.46 Cpu Allocate: JIT Cache Region 0 exhausted, creating new Cache Region 1 (512 MB Total Allocation).
00:00:03.478 |I| HLE.GuestThread.46 Ptc LoadTranslations: 67949 translated functions loaded
00:00:03.490 |I| HLE.GuestThread.46 Ptc MakeAndSaveTranslations: 0 of 67 functions translated | Thread count: 15
00:00:03.530 |I| HLE.GuestThread.46 Ptc MakeAndSaveTranslations: 67 of 67 functions translated in 0.0391107 seconds | 0 functions blacklisted | Thread count: 15
00:00:03.575 |S| HLE.OsThread.47 ServiceAm GetAppletResourceUserId: Stubbed. {appletResourceUserId: 1}
00:00:03.576 |S| HLE.OsThread.47 ServiceAm AcquireForegroundRights: Stubbed. 
00:00:03.576 |S| HLE.OsThread.47 ServiceAm SetFocusHandlingMode: Stubbed. {unknownFlag1: False ; unknownFlag2: False ; unknownFlag3: True}
00:00:03.576 |S| HLE.OsThread.47 ServiceAm SetOutOfFocusSuspendingEnabled: Stubbed. {outOfFocusSuspendingEnabled: False}
00:00:03.577 |S| HLE.OsThread.47 ServicePctl Initialize: Stubbed. 
00:00:03.587 |S| HLE.OsThread.4 ServiceNv FinishInitialize: Stubbed. 
00:00:03.588 |S| HLE.OsThread.47 ServiceAm SetRestartMessageEnabled: Stubbed. {restartMessageEnabled: True}
00:00:03.588 |S| HLE.OsThread.47 ServiceAm SetPerformanceModeChangedNotification: Stubbed. {performanceModeChangedNotification: True}
00:00:03.588 |S| HLE.OsThread.47 ServiceAm SetOperationModeChangedNotification: Stubbed. {operationModeChangedNotification: True}
00:00:03.833 |S| HLE.OsThread.1 ServiceBsd RegisterClient: Stubbed. 
00:00:03.833 |S| HLE.OsThread.1 ServiceBsd StartMonitoring: Stubbed. {unknown0: 0}
00:00:03.964 |S| HLE.OsThread.47 ServiceSsl SetInterfaceVersion: Stubbed. {interfaceVersion: 3}
00:00:03.968 |S| HLE.OsThread.3 ServiceHid ActivateTouchScreen: Stubbed. {appletResourceUserId: 1}
00:00:03.968 |S| HLE.OsThread.3 ServiceHid ActiveNpadImpl: Stubbed. {appletResourceUserId: 1 ; revision: 3}
00:00:03.968 |S| HLE.OsThread.3 ServiceHid SetSupportedNpadStyleSet: Stubbed. {pid: 127 ; appletResourceUserId: 1 ; type: ProController, Handheld, JoyconPair}
00:00:03.968 |S| HLE.OsThread.3 ServiceHid SetSupportedNpadIdType: Stubbed. 9 Players: Handheld,Player1,Player2,Player3,Player4,Player5,Player6,Player7,Player8
00:00:03.971 |S| HLE.OsThread.4 ServiceNv InitializeEx: Stubbed. 
00:00:03.971 |S| HLE.OsThread.4 ServiceNv GetActiveSlotMask: Stubbed. 
00:00:03.984 |S| HLE.OsThread.4 ServiceNv SetNvMapFd: Stubbed. 
00:00:03.984 |S| HLE.OsThread.4 ServiceNv AllocGpfifoEx2: Stubbed. 
00:00:03.984 |S| HLE.OsThread.4 ServiceNv AllocObjCtx: Stubbed. 
00:00:03.985 |S| HLE.OsThread.4 ServiceNv SetErrorNotifier: Stubbed. 
00:00:03.985 |S| HLE.OsThread.4 ServiceNv SetUserData: Stubbed. 
00:00:03.985 |S| HLE.OsThread.4 ServiceNv SetTimeout: Stubbed. 
00:00:03.985 |S| HLE.OsThread.4 ServiceNv SetTimeslice: Stubbed. 
00:00:03.985 |S| HLE.OsThread.4 ServiceNv ZcullBind: Stubbed. 
00:00:03.986 |I| HLE.OsThread.47 SurfaceFlinger CreateLayerFromId: Creating layer 1
00:00:03.986 |I| HLE.OsThread.47 SurfaceFlinger CreateLayerFromId: Creating layer 2
00:00:04.006 |I| HLE.OsThread.11 AudioRenderer AcquireSessionId: Registered new output (0)
00:00:04.026 |I| HLE.OsThread.11 Audio EnsureAudioStreamSetup: New audio stream setup with a target sample count of 1024
00:00:04.167 |S| HLE.OsThread.3 ServiceHid SetSupportedNpadIdType: Stubbed. 2 Players: Player1,Handheld
00:00:04.168 |S| HLE.OsThread.3 ServiceHid SetSupportedNpadStyleSet: Stubbed. {pid: 127 ; appletResourceUserId: 1 ; type: ProController, Handheld, JoyconPair}
00:00:04.459 |I| Ptc.DiskWriter Ptc Save: Saved Translation Cache (size: 133841423 bytes, translated functions: 68743).
00:00:06.745 |S| HLE.OsThread.47 ServiceAcc InitializeApplicationInfo: Stubbed. {TitleId: 72057594337361920}
00:00:06.746 |S| HLE.OsThread.47 ServiceAcc IsUserAccountSwitchLocked: Stubbed. 
00:00:11.205 |S| HLE.OsThread.47 ServiceAm SetFocusHandlingMode: Stubbed. {unknownFlag1: False ; unknownFlag2: False ; unknownFlag3: True}
00:00:11.205 |S| HLE.OsThread.47 ServiceAm SetOutOfFocusSuspendingEnabled: Stubbed. {outOfFocusSuspendingEnabled: False}
00:00:11.216 |I| HLE.OsThread.11 AudioRenderer AcquireSessionId: Registered new output (1)
00:00:11.243 |I| HLE.OsThread.11 Audio EnsureAudioStreamSetup: New audio stream setup with a target sample count of 1024
00:00:11.258 |S| HLE.OsThread.4 ServiceNv ZbcSetTable: Stubbed. 
00:00:11.258 |S| HLE.OsThread.4 ServiceNv GetActiveSlotMask: Stubbed. 
00:00:14.667 |S| HLE.OsThread.4 ServiceNv ZbcSetTable: Stubbed. 
00:00:14.667 |S| HLE.OsThread.4 ServiceNv GetActiveSlotMask: Stubbed. 
00:00:43.472 |S| HLE.OsThread.3 ServiceHid StartSixAxisSensor: Stubbed. {appletResourceUserId: 1 ; sixAxisSensorHandle: 131075}
00:00:47.928 |S| HLE.OsThread.4 ServiceNv ZbcSetTable: Stubbed. 
00:00:47.928 |S| HLE.OsThread.4 ServiceNv GetActiveSlotMask: Stubbed. 
00:00:50.406 |S| HLE.OsThread.4 ServiceNv ZbcSetTable: Stubbed. 
00:00:50.406 |S| HLE.OsThread.4 ServiceNv GetActiveSlotMask: Stubbed. 
00:00:50.594 |S| HLE.OsThread.4 ServiceNv ZbcSetTable: Stubbed. 
00:00:50.594 |S| HLE.OsThread.4 ServiceNv GetActiveSlotMask: Stubbed. 
00:00:57.021 |S| HLE.OsThread.47 ServiceAm LockExit: Stubbed. 
00:00:57.028 |S| HLE.OsThread.4 ServiceNv ZbcSetTable: Stubbed. 
00:00:57.028 |S| HLE.OsThread.4 ServiceNv GetActiveSlotMask: Stubbed. 
00:00:57.242 |S| HLE.OsThread.47 ServiceAm UnlockExit: Stubbed. 
00:01:03.544 |I| Ptc.DiskWriter Ptc Save: Saved Profiling Info (size: 309682 bytes, profiled functions: 68024).
00:01:42.883 |S| HLE.OsThread.4 ServiceNv ZbcSetTable: Stubbed. 
00:01:42.883 |S| HLE.OsThread.4 ServiceNv GetActiveSlotMask: Stubbed. 
00:02:03.538 |I| Ptc.DiskWriter Ptc Save: Saved Profiling Info (size: 309933 bytes, profiled functions: 68084).
00:02:33.538 |I| Ptc.DiskWriter Ptc Save: Saved Profiling Info (size: 310013 bytes, profiled functions: 68102).
00:04:03.540 |I| Ptc.DiskWriter Ptc Save: Saved Profiling Info (size: 310058 bytes, profiled functions: 68112).
00:04:29.429 |S| HLE.OsThread.47 ServiceAm LockExit: Stubbed. 
00:04:29.442 |S| HLE.OsThread.47 ServiceAm UnlockExit: Stubbed. 
00:04:33.537 |I| Ptc.DiskWriter Ptc Save: Saved Profiling Info (size: 310062 bytes, profiled functions: 68113).
00:04:35.832 |I| .NET TP Worker ServiceNifm LocalInterfaceCacheHandler: NetworkAddress changed, invalidating cached data.
00:04:48.764 |I| .NET TP Worker ServiceNifm LocalInterfaceCacheHandler: NetworkAddress changed, invalidating cached data.
00:06:33.536 |I| Ptc.DiskWriter Ptc Save: Saved Profiling Info (size: 310085 bytes, profiled functions: 68118).
00:07:33.537 |I| Ptc.DiskWriter Ptc Save: Saved Profiling Info (size: 310099 bytes, profiled functions: 68121).
00:08:03.539 |I| Ptc.DiskWriter Ptc Save: Saved Profiling Info (size: 310115 bytes, profiled functions: 68124).
00:08:33.536 |I| Ptc.DiskWriter Ptc Save: Saved Profiling Info (size: 310124 bytes, profiled functions: 68126).
00:09:33.537 |I| Ptc.DiskWriter Ptc Save: Saved Profiling Info (size: 310144 bytes, profiled functions: 68130).
00:11:03.536 |I| Ptc.DiskWriter Ptc Save: Saved Profiling Info (size: 310149 bytes, profiled functions: 68131).
00:11:33.542 |I| Ptc.DiskWriter Ptc Save: Saved Profiling Info (size: 310222 bytes, profiled functions: 68149).
00:12:03.538 |I| Ptc.DiskWriter Ptc Save: Saved Profiling Info (size: 310227 bytes, profiled functions: 68150).
00:12:33.538 |I| Ptc.DiskWriter Ptc Save: Saved Profiling Info (size: 310232 bytes, profiled functions: 68151).
00:13:03.536 |I| Ptc.DiskWriter Ptc Save: Saved Profiling Info (size: 310241 bytes, profiled functions: 68153).
00:13:33.537 |I| Ptc.DiskWriter Ptc Save: Saved Profiling Info (size: 310249 bytes, profiled functions: 68155).
00:14:33.537 |I| Ptc.DiskWriter Ptc Save: Saved Profiling Info (size: 310260 bytes, profiled functions: 68156).
00:15:03.539 |I| Ptc.DiskWriter Ptc Save: Saved Profiling Info (size: 310260 bytes, profiled functions: 68156).
00:15:33.538 |I| Ptc.DiskWriter Ptc Save: Saved Profiling Info (size: 310284 bytes, profiled functions: 68160).
00:16:03.546 |I| Ptc.DiskWriter Ptc Save: Saved Profiling Info (size: 310285 bytes, profiled functions: 68161).
00:16:33.400 |S| HLE.OsThread.47 ServiceAm LockExit: Stubbed. 
00:16:33.538 |I| Ptc.DiskWriter Ptc Save: Saved Profiling Info (size: 310294 bytes, profiled functions: 68163).
00:16:33.618 |S| HLE.OsThread.47 ServiceAm UnlockExit: Stubbed. 
00:17:33.537 |I| Ptc.DiskWriter Ptc Save: Saved Profiling Info (size: 310299 bytes, profiled functions: 68164).
00:18:03.537 |I| Ptc.DiskWriter Ptc Save: Saved Profiling Info (size: 310316 bytes, profiled functions: 68166).
00:19:03.537 |I| Ptc.DiskWriter Ptc Save: Saved Profiling Info (size: 310318 bytes, profiled functions: 68166).
00:19:16.471 |I| .NET TP Worker ServiceNifm LocalInterfaceCacheHandler: NetworkAddress changed, invalidating cached data.
00:19:23.257 |I| .NET TP Worker ServiceNifm LocalInterfaceCacheHandler: NetworkAddress changed, invalidating cached data.
00:20:03.535 |I| Ptc.DiskWriter Ptc Save: Saved Profiling Info (size: 310327 bytes, profiled functions: 68168).
00:20:33.537 |I| Ptc.DiskWriter Ptc Save: Saved Profiling Info (size: 310339 bytes, profiled functions: 68171).
00:21:03.536 |I| Ptc.DiskWriter Ptc Save: Saved Profiling Info (size: 310349 bytes, profiled functions: 68173).
00:21:33.536 |I| Ptc.DiskWriter Ptc Save: Saved Profiling Info (size: 310360 bytes, profiled functions: 68175).
00:22:03.535 |I| Ptc.DiskWriter Ptc Save: Saved Profiling Info (size: 310396 bytes, profiled functions: 68182).
00:22:33.535 |I| Ptc.DiskWriter Ptc Save: Saved Profiling Info (size: 310414 bytes, profiled functions: 68183).
00:23:03.537 |I| Ptc.DiskWriter Ptc Save: Saved Profiling Info (size: 310419 bytes, profiled functions: 68184).
00:23:33.535 |I| Ptc.DiskWriter Ptc Save: Saved Profiling Info (size: 310437 bytes, profiled functions: 68188).
00:24:03.535 |I| Ptc.DiskWriter Ptc Save: Saved Profiling Info (size: 310442 bytes, profiled functions: 68189).
00:24:33.537 |I| Ptc.DiskWriter Ptc Save: Saved Profiling Info (size: 310480 bytes, profiled functions: 68198).
00:25:03.536 |I| Ptc.DiskWriter Ptc Save: Saved Profiling Info (size: 310506 bytes, profiled functions: 68204).
00:25:33.535 |I| Ptc.DiskWriter Ptc Save: Saved Profiling Info (size: 310567 bytes, profiled functions: 68215).
00:26:03.537 |I| Ptc.DiskWriter Ptc Save: Saved Profiling Info (size: 310588 bytes, profiled functions: 68217).
00:26:33.537 |I| Ptc.DiskWriter Ptc Save: Saved Profiling Info (size: 310661 bytes, profiled functions: 68229).
00:27:03.536 |I| Ptc.DiskWriter Ptc Save: Saved Profiling Info (size: 310683 bytes, profiled functions: 68234).
00:27:33.537 |I| Ptc.DiskWriter Ptc Save: Saved Profiling Info (size: 310691 bytes, profiled functions: 68234).
00:28:03.535 |I| Ptc.DiskWriter Ptc Save: Saved Profiling Info (size: 310706 bytes, profiled functions: 68238).
00:28:33.538 |I| Ptc.DiskWriter Ptc Save: Saved Profiling Info (size: 310710 bytes, profiled functions: 68239).
00:29:03.537 |I| Ptc.DiskWriter Ptc Save: Saved Profiling Info (size: 310721 bytes, profiled functions: 68241).
00:29:33.536 |I| Ptc.DiskWriter Ptc Save: Saved Profiling Info (size: 310726 bytes, profiled functions: 68242).
00:29:39.227 |S| HLE.OsThread.4 ServiceNv ZbcSetTable: Stubbed. 
00:29:39.227 |S| HLE.OsThread.4 ServiceNv GetActiveSlotMask: Stubbed. 
00:30:03.536 |I| Ptc.DiskWriter Ptc Save: Saved Profiling Info (size: 310740 bytes, profiled functions: 68246).
00:30:33.536 |I| Ptc.DiskWriter Ptc Save: Saved Profiling Info (size: 310750 bytes, profiled functions: 68247).
00:31:03.536 |I| Ptc.DiskWriter Ptc Save: Saved Profiling Info (size: 310754 bytes, profiled functions: 68247).
00:32:33.537 |I| Ptc.DiskWriter Ptc Save: Saved Profiling Info (size: 310758 bytes, profiled functions: 68247).
00:33:03.535 |I| Ptc.DiskWriter Ptc Save: Saved Profiling Info (size: 310771 bytes, profiled functions: 68248).
00:33:33.537 |I| Ptc.DiskWriter Ptc Save: Saved Profiling Info (size: 310812 bytes, profiled functions: 68254).
00:34:03.535 |I| Ptc.DiskWriter Ptc Save: Saved Profiling Info (size: 310814 bytes, profiled functions: 68255).
00:44:33.535 |I| Ptc.DiskWriter Ptc Save: Saved Profiling Info (size: 310818 bytes, profiled functions: 68255).
00:45:03.537 |I| Ptc.DiskWriter Ptc Save: Saved Profiling Info (size: 310828 bytes, profiled functions: 68257).
00:45:33.536 |I| Ptc.DiskWriter Ptc Save: Saved Profiling Info (size: 310880 bytes, profiled functions: 68269).
00:46:03.535 |I| Ptc.DiskWriter Ptc Save: Saved Profiling Info (size: 310964 bytes, profiled functions: 68289).
00:46:33.537 |I| Ptc.DiskWriter Ptc Save: Saved Profiling Info (size: 311010 bytes, profiled functions: 68299).
00:48:33.536 |I| Ptc.DiskWriter Ptc Save: Saved Profiling Info (size: 311019 bytes, profiled functions: 68301).
00:49:03.537 |I| Ptc.DiskWriter Ptc Save: Saved Profiling Info (size: 311032 bytes, profiled functions: 68303).
00:49:22.959 |I| .NET TP Worker ServiceNifm LocalInterfaceCacheHandler: NetworkAddress changed, invalidating cached data.
00:49:33.537 |I| Ptc.DiskWriter Ptc Save: Saved Profiling Info (size: 311111 bytes, profiled functions: 68325).
00:50:03.536 |I| Ptc.DiskWriter Ptc Save: Saved Profiling Info (size: 311115 bytes, profiled functions: 68326).
00:50:33.536 |I| Ptc.DiskWriter Ptc Save: Saved Profiling Info (size: 311119 bytes, profiled functions: 68326).
00:52:33.537 |I| Ptc.DiskWriter Ptc Save: Saved Profiling Info (size: 311124 bytes, profiled functions: 68327).
00:53:28.824 |S| HLE.OsThread.47 ServiceAm LockExit: Stubbed. 
00:53:28.985 |S| HLE.OsThread.47 ServiceAm UnlockExit: Stubbed. 
00:53:33.536 |I| Ptc.DiskWriter Ptc Save: Saved Profiling Info (size: 311112 bytes, profiled functions: 68327).
00:53:50.495 |S| HLE.OsThread.47 ServiceAm LockExit: Stubbed. 
00:53:50.686 |S| HLE.OsThread.47 ServiceAm UnlockExit: Stubbed. 
00:54:03.536 |I| Ptc.DiskWriter Ptc Save: Saved Profiling Info (size: 311122 bytes, profiled functions: 68330).
00:56:03.535 |I| Ptc.DiskWriter Ptc Save: Saved Profiling Info (size: 311150 bytes, profiled functions: 68336).
00:56:33.536 |I| Ptc.DiskWriter Ptc Save: Saved Profiling Info (size: 311170 bytes, profiled functions: 68340).
00:57:03.536 |I| Ptc.DiskWriter Ptc Save: Saved Profiling Info (size: 311174 bytes, profiled functions: 68341).
00:58:03.535 |I| Ptc.DiskWriter Ptc Save: Saved Profiling Info (size: 311179 bytes, profiled functions: 68342).
01:00:03.536 |I| Ptc.DiskWriter Ptc Save: Saved Profiling Info (size: 311189 bytes, profiled functions: 68344).
01:00:33.536 |I| Ptc.DiskWriter Ptc Save: Saved Profiling Info (size: 311199 bytes, profiled functions: 68346).
01:01:03.535 |I| Ptc.DiskWriter Ptc Save: Saved Profiling Info (size: 311234 bytes, profiled functions: 68353).
01:01:33.536 |I| Ptc.DiskWriter Ptc Save: Saved Profiling Info (size: 311247 bytes, profiled functions: 68354).
01:02:03.536 |I| Ptc.DiskWriter Ptc Save: Saved Profiling Info (size: 311276 bytes, profiled functions: 68360).
01:02:39.328 |S| HLE.OsThread.47 ServiceAm LockExit: Stubbed. 
01:02:39.501 |S| HLE.OsThread.47 ServiceAm UnlockExit: Stubbed. 
01:03:03.534 |I| Ptc.DiskWriter Ptc Save: Saved Profiling Info (size: 311347 bytes, profiled functions: 68375).
01:03:33.063 |S| HLE.OsThread.47 ServiceAm LockExit: Stubbed. 
01:03:33.070 |S| HLE.OsThread.47 ServiceAm UnlockExit: Stubbed. 
01:03:33.535 |I| Ptc.DiskWriter Ptc Save: Saved Profiling Info (size: 311363 bytes, profiled functions: 68376).
01:04:03.534 |I| Ptc.DiskWriter Ptc Save: Saved Profiling Info (size: 311368 bytes, profiled functions: 68377).
01:04:33.537 |I| Ptc.DiskWriter Ptc Save: Saved Profiling Info (size: 311374 bytes, profiled functions: 68380).
01:05:03.537 |I| Ptc.DiskWriter Ptc Save: Saved Profiling Info (size: 311400 bytes, profiled functions: 68385).
01:05:33.535 |I| Ptc.DiskWriter Ptc Save: Saved Profiling Info (size: 311417 bytes, profiled functions: 68387).
01:06:03.536 |I| Ptc.DiskWriter Ptc Save: Saved Profiling Info (size: 311419 bytes, profiled functions: 68387).
01:06:33.535 |I| Ptc.DiskWriter Ptc Save: Saved Profiling Info (size: 311420 bytes, profiled functions: 68387).
01:07:03.535 |I| Ptc.DiskWriter Ptc Save: Saved Profiling Info (size: 311423 bytes, profiled functions: 68388).
01:07:25.189 |I| .NET TP Worker ServiceNifm LocalInterfaceCacheHandler: NetworkAddress changed, invalidating cached data.
01:07:33.629 |I| Ptc.DiskWriter Ptc Save: Saved Profiling Info (size: 311426 bytes, profiled functions: 68389).
01:08:08.145 |I| .NET TP Worker ServiceNifm LocalInterfaceCacheHandler: NetworkAddress changed, invalidating cached data.
01:08:33.543 |I| Ptc.DiskWriter Ptc Save: Saved Profiling Info (size: 311440 bytes, profiled functions: 68391).
01:09:03.538 |I| Ptc.DiskWriter Ptc Save: Saved Profiling Info (size: 311462 bytes, profiled functions: 68391).
01:09:33.538 |I| Ptc.DiskWriter Ptc Save: Saved Profiling Info (size: 311531 bytes, profiled functions: 68391).
01:10:03.535 |I| Ptc.DiskWriter Ptc Save: Saved Profiling Info (size: 311546 bytes, profiled functions: 68391).
01:11:33.536 |I| Ptc.DiskWriter Ptc Save: Saved Profiling Info (size: 311560 bytes, profiled functions: 68392).
01:13:33.537 |I| Ptc.DiskWriter Ptc Save: Saved Profiling Info (size: 311562 bytes, profiled functions: 68392).
01:14:03.538 |I| Ptc.DiskWriter Ptc Save: Saved Profiling Info (size: 311580 bytes, profiled functions: 68396).
01:14:08.867 |S| HLE.OsThread.47 ServiceAm LockExit: Stubbed. 
01:14:09.078 |S| HLE.OsThread.47 ServiceAm UnlockExit: Stubbed. 
01:19:03.543 |I| Ptc.DiskWriter Ptc Save: Saved Profiling Info (size: 311612 bytes, profiled functions: 68398).
01:19:33.537 |I| Ptc.DiskWriter Ptc Save: Saved Profiling Info (size: 311650 bytes, profiled functions: 68409).
01:21:03.537 |I| Ptc.DiskWriter Ptc Save: Saved Profiling Info (size: 311690 bytes, profiled functions: 68419).
01:21:33.537 |I| Ptc.DiskWriter Ptc Save: Saved Profiling Info (size: 311717 bytes, profiled functions: 68425).
01:22:03.537 |I| Ptc.DiskWriter Ptc Save: Saved Profiling Info (size: 311744 bytes, profiled functions: 68431).
01:22:08.064 |S| HLE.OsThread.47 ServiceAm LockExit: Stubbed. 
01:22:08.073 |S| HLE.OsThread.47 ServiceAm UnlockExit: Stubbed. 
01:23:40.210 |W| HLE.GuestThread.48 KernelSvc : WaitSynchronization(handleIndex: 0xFFFFFFFF) = TerminationRequested
01:23:40.210 |W| HLE.GuestThread.49 KernelSvc : WaitProcessWideKeyAtomic() = TerminationRequested
01:23:40.210 |W| HLE.GuestThread.46 KernelSvc : WaitProcessWideKeyAtomic() = TerminationRequested
01:23:40.210 |W| HLE.GuestThread.71 KernelSvc : WaitProcessWideKeyAtomic() = TerminationRequested
01:23:40.210 |W| HLE.GuestThread.51 KernelSvc : WaitProcessWideKeyAtomic() = TerminationRequested
01:23:40.210 |W| HLE.GuestThread.50 KernelSvc : WaitProcessWideKeyAtomic() = TerminationRequested
01:23:40.210 |W| HLE.GuestThread.72 KernelSvc : WaitSynchronization(handleIndex: 0xFFFFFFFF) = TerminationRequested
01:23:40.210 |W| HLE.GuestThread.52 KernelSvc : WaitProcessWideKeyAtomic() = TerminationRequested
01:23:40.210 |W| HLE.GuestThread.70 KernelSvc : WaitProcessWideKeyAtomic() = TerminationRequested
01:23:40.210 |W| HLE.GuestThread.76 KernelSvc : WaitProcessWideKeyAtomic() = TerminationRequested
01:23:40.211 |W| HLE.GuestThread.69 KernelSvc : WaitProcessWideKeyAtomic() = TerminationRequested
01:23:40.211 |W| HLE.GuestThread.53 KernelSvc : WaitProcessWideKeyAtomic() = TerminationRequested
01:23:40.211 |W| HLE.GuestThread.54 KernelSvc : WaitProcessWideKeyAtomic() = TerminationRequested
01:23:40.211 |W| HLE.GuestThread.68 KernelSvc : WaitProcessWideKeyAtomic() = TerminationRequested
01:23:40.211 |W| HLE.GuestThread.55 KernelSvc : WaitProcessWideKeyAtomic() = TerminationRequested
01:23:40.211 |W| HLE.GuestThread.67 KernelSvc : WaitProcessWideKeyAtomic() = TerminationRequested
01:23:40.211 |W| HLE.GuestThread.56 KernelSvc : WaitProcessWideKeyAtomic() = TerminationRequested
01:23:40.211 |W| HLE.GuestThread.66 KernelSvc : WaitProcessWideKeyAtomic() = TerminationRequested
01:23:40.211 |W| HLE.GuestThread.57 KernelSvc : WaitProcessWideKeyAtomic() = TerminationRequested
01:23:40.211 |W| HLE.GuestThread.65 KernelSvc : WaitProcessWideKeyAtomic() = TerminationRequested
01:23:40.211 |W| HLE.GuestThread.58 KernelSvc : WaitProcessWideKeyAtomic() = TerminationRequested
01:23:40.211 |W| HLE.GuestThread.64 KernelSvc : WaitProcessWideKeyAtomic() = TerminationRequested
01:23:40.211 |W| HLE.GuestThread.59 KernelSvc : WaitProcessWideKeyAtomic() = TerminationRequested
01:23:40.211 |W| HLE.GuestThread.63 KernelSvc : WaitProcessWideKeyAtomic() = TerminationRequested
01:23:40.211 |W| HLE.GuestThread.60 KernelSvc : WaitProcessWideKeyAtomic() = TerminationRequested
01:23:40.211 |W| HLE.GuestThread.62 KernelSvc : WaitProcessWideKeyAtomic() = TerminationRequested
01:23:40.211 |W| HLE.GuestThread.61 KernelSvc : WaitProcessWideKeyAtomic() = TerminationRequested
01:23:40.211 |W| HLE.GuestThread.74 KernelSvc : WaitSynchronization(handleIndex: 0xFFFFFFFF) = TerminationRequested
01:23:40.211 |W| HLE.GuestThread.73 KernelSvc : SendSyncRequest() = TerminationRequested
01:23:40.211 |W| HLE.GuestThread.77 KernelSvc : WaitProcessWideKeyAtomic() = TerminationRequested
01:23:40.211 |W| HLE.GuestThread.78 KernelSvc : WaitProcessWideKeyAtomic() = TerminationRequested
01:23:40.211 |W| HLE.GuestThread.79 KernelSvc : WaitProcessWideKeyAtomic() = TerminationRequested
01:23:40.211 |W| HLE.GuestThread.80 KernelSvc : WaitProcessWideKeyAtomic() = TerminationRequested
01:23:40.211 |W| HLE.GuestThread.81 KernelSvc : WaitProcessWideKeyAtomic() = TerminationRequested
01:23:40.213 |E| HLE.OsThread.7 SurfaceFlinger DequeueBuffer: No available buffer slots
01:23:40.213 |E| HLE.OsThread.7 SurfaceFlinger OnTransact: Error returned by transaction DequeueBuffer: Busy
01:23:40.255 |I| HLE.OsThread.11 AudioRenderer ReleaseSessionId: Unregistered output (0)
01:23:40.298 |I| HLE.OsThread.11 AudioRenderer ReleaseSessionId: Unregistered output (1)
01:23:40.310 |W| GUI.WindowThread ServiceNv Close: Closing channel
01:23:40.766 |N| GUI.RenderThread Application ReloadConfig: Loading configuration from: /home/[redacted]/.config/Ryujinx/Config.json
