00:00:00.286 |I| Configuration LogValueChange: ResScale set to: 1
00:00:00.302 |I| Configuration LogValueChange: ResScaleCustom set to: 1
00:00:00.302 |I| Configuration LogValueChange: MaxAnisotropy set to: -1
00:00:00.303 |I| Configuration LogValueChange: AspectRatio set to: Fixed16x9
00:00:00.304 |I| Configuration LogValueChange: PreferredGpu set to: 0x1002_0x1114
00:00:00.305 |I| Configuration LogValueChange: ScalingFilterLevel set to: 80
00:00:00.305 |I| Configuration LogValueChange: CustomVSyncInterval set to: 120
00:00:00.305 |I| Configuration LogValueChange: EnableShaderCache set to: True
00:00:00.305 |I| Configuration LogValueChange: EnableMacroHLE set to: True
00:00:00.306 |I| Configuration LogValueChange: Language set to: AmericanEnglish
00:00:00.307 |I| Configuration LogValueChange: Region set to: USA
00:00:00.307 |I| Configuration LogValueChange: TimeZone set to: UTC
00:00:00.310 |I| Configuration LogValueChange: SystemTimeOffset set to: -37
00:00:00.310 |I| Configuration LogValueChange: EnableDockedMode set to: True
00:00:00.310 |I| Configuration LogValueChange: EnablePtc set to: True
00:00:00.312 |I| Configuration LogValueChange: TickScalar set to: 50
00:00:00.312 |I| Configuration LogValueChange: EnableFsIntegrityChecks set to: True
00:00:00.313 |I| Configuration LogValueChange: AudioBackend set to: SDL2
00:00:00.313 |I| Configuration LogValueChange: AudioVolume set to: 1
00:00:00.314 |I| Configuration LogValueChange: MemoryManagerMode set to: HostMappedUnsafe
00:00:00.315 |I| Configuration LogValueChange: UseHypervisor set to: True
00:00:00.317 |I| Configuration LogValueChange: LdnPassphrase set to: 
00:00:00.317 |I| Configuration LogValueChange: LdnServer set to: 
00:00:00.318 |I| Configuration LogValueChange: GdbStubPort set to: 55555
00:00:00.329 |W| Application GetActualScaleFactor: Couldn't determine monitor DPI: Wayland not yet supported
00:00:00.330 |N| Application PrintSystemInfo:    ___                 __    _              
00:00:00.330 |N| Application PrintSystemInfo:   / _ \  __ __ __ __  / /   (_)  ___   ___ _
00:00:00.330 |N| Application PrintSystemInfo:  / , _/ / // // // / / _ \ / /  / _ \ / _ `/
00:00:00.330 |N| Application PrintSystemInfo: /_/|_|  \_, / \_,_/ /_.__//_/  /_//_/ \_, / 
00:00:00.330 |N| Application PrintSystemInfo:        /___/                         /___/  
00:00:00.330 |N| Application PrintSystemInfo: Ryujinx Version: 1.3.3
00:00:00.330 |N| Application PrintSystemInfo: .NET Runtime: .NET 9.0.9
00:00:00.343 |N| Application PrintSystemInfo: Operating System: Arch Linux (X64)
00:00:00.343 |N| Application PrintSystemInfo: CPU: AMD Ryzen AI 7 350 w/ Radeon 860M ; 16 logical
00:00:00.347 |N| Application PrintSystemInfo: RAM: Total 14.9 GiB ; Available 10.1 GiB
00:00:00.351 |N| Application PrintSystemInfo: Logs Enabled: Info, Warning, Error, Guest, Stub
00:00:00.351 |N| Application PrintSystemInfo: Launch Mode: UserProfile
00:00:00.662 |E| .NET TP Worker ATTENTION: default value of option mesa_glthread overridden by environment.
00:00:00.717 |E| .NET TP Worker ATTENTION: default value of option mesa_glthread overridden by environment.
00:00:00.720 |E| .NET TP Worker ATTENTION: default value of option mesa_glthread overridden by environment.
00:00:04.700 |I| Application QueryLatestAsync: Checking for updates from: https://update.ryujinx.app/latest/query?os=linux&arch=amd64&rc=stable
00:00:05.419 |I| Application BeginUpdateAsync: Up to date.
00:00:00.086 |I| Gpu : Backend Threading (Auto): True
00:00:00.291 |N| Application LoadGuestApplication: Using Firmware Version: 19.0.1
00:00:00.291 |N| Application LoadGuestApplication: Loading content archive from '/home/[redacted]/Downloads/Games/Pokemon Brilliant Diamond [0100000011D90000][v0].nsp'.
00:00:00.291 |I| Application LoadGuestApplication: Loading as NSP.
00:00:00.311 |I| ModLoader QueryContentsDir: Searching mods for Application 0100000011D90000 in "/home/[redacted]/.config/Ryujinx/mods/contents"
00:00:00.317 |I| ModLoader QueryContentsDir: Searching mods for Application 0100000011D90000 in "/home/[redacted]/.config/Ryujinx/sdcard/atmosphere/contents"
00:00:00.320 |I| Loader Load: Loading rtld...
00:00:00.333 |I| Loader PrintRoSectionInfo: rtld:
    Module: nnrtld
00:00:00.334 |I| Loader Load: Loading main...
00:00:00.704 |I| Loader PrintRoSectionInfo: main:
    Module: F:\JenkinsWorkSpace\workspace\BuildRom_Launch\unity_project\Dpr\SwitchIL2CPPCache\il2cpp_cache\linkresult_22F671898E59E8B9B3F93C78532B1E40\SwitchPlayer.nss
    SDK Libraries: SDK MW+UnityTechnologies+Unity-2019_4_27_f1
                   SDK MW+Nintendo+NintendoSDK_libcurl-11_4_3-Release
                   SDK MW+Nintendo+NintendoSDK_libz-11_4_3-Release
                   SDK MW+Nintendo+NEX-4_6_11-appdl
                   SDK MW+Nintendo+PIA_UNITY-0.33.0
                   SDK MW+Nintendo+PiaSession-5_37_0
                   SDK MW+Nintendo+PiaTransport-5_37_0
                   SDK MW+Nintendo+NEX_DS-4_6_11
                   SDK MW+Nintendo+NEX_R2-4_6_11
                   SDK MW+Nintendo+NEX_RK-4_6_11
                   SDK MW+Nintendo+NEX_CO-4_6_11
                   SDK MW+Nintendo+NEX_SS-4_6_11
                   SDK MW+Nintendo+NEX_UT-4_6_11
                   SDK MW+Nintendo+PiaCommon-5_37_0
                   SDK MW+Nintendo+Pia-5_37_0_58082
                   SDK MW+Nintendo+PiaFramework-5_37_0
                   SDK MW+Nintendo+PiaLan-5_37_0
                   SDK MW+Nintendo+PiaLocal-5_37_0
                   SDK MW+Nintendo+PiaNex-5_37_0-forNEX-4_6_5
                   SDK MW+Nintendo+PiaReckoning-5_37_0
                   SDK MW+Nintendo+PiaSync-5_37_0
                   SDK MW+Nintendo+NEX_MM-4_6_11
                   SDK MW+Nintendo+PiaClone-5_37_0
00:00:00.704 |I| Loader Load: Loading subsdk0...
00:00:00.727 |I| Loader PrintRoSectionInfo: subsdk0:
    Module: multimedia
    SDK Libraries: SDK MW+Nintendo+NintendoSDK_movie-11_4_3-Release
00:00:00.727 |I| Loader Load: Loading sdk...
00:00:00.775 |I| Loader PrintRoSectionInfo: sdk:
    Module: nnSdk
    FS SDK Version: 11.4.3
    SDK Libraries: SDK MW+Nintendo+NintendoSDK_libz-11_4_3-Release
                   SDK MW+Nintendo+NintendoSdk_nnSdk-11_4_3-Release
                   SDK MW+Nintendo+NintendoSDK_NVN-11_4_3-Release
00:00:00.880 |I| Ptc Initialize: Initializing Profiled Persistent Translation Cache (enabled: True).
00:00:00.880 |I| Ptc Initialize: PPTC (v7009) Profile: 1.0.0-default
00:00:01.539 |I| Ptc Load: Loaded Translation Cache (size: 130965296 bytes, translated functions: 67877).
00:00:01.554 |I| Ptc Load: Loaded Profiling Info (size: 307522 bytes, profiled functions: 67540).
00:00:01.557 |I| Application ParseCapability: Application requested cores with index range 0 to 2
00:00:01.558 |I| Loader LoadNsos: Loading image 0 at 0x0000000008500000...
00:00:01.558 |I| Loader LoadNsos: Loading image 1 at 0x0000000008504000...
00:00:01.584 |I| Loader LoadNsos: Loading image 2 at 0x000000000d2bd000...
00:00:01.585 |I| Loader LoadNsos: Loading image 3 at 0x000000000d963000...
00:00:01.589 |I| ModLoader LoadCheats: Build ids found for application 0100000011D90000:
    6F8B1226CC8CD958021D6BFD226EBF23F892AB9B000000000000000000000000
    F87FC6075104EC4D9642A4AA6BB2221600000000000000000000000000000000
    507F19D1240D09D00992248E8A0FD77EBD784EB4000000000000000000000000
    2D369D9999E3E10E665106F840FFFF9BDAA0BB8E000000000000000000000000
00:00:01.591 |I| Application EnsureSaveData: Ensuring required savedata exists.
00:00:01.610 |I| Loader Start: Application Loaded: Pokémon Brilliant Diamond v1.0.0 [0100000011d90000] [64-bit]
00:00:01.653 |I| GUI.WindowThread Hid Configure: Configured Controller ProController to Player1
00:00:01.660 |I| GUI.WindowThread Hid SetupNpad: Connected Controller ProController to Player1
00:00:01.752 |N| GUI.RenderThread Gpu PrintGpuInformation: AMD Radeon 860M Graphics (RADV KRACKAN1) (Vulkan v1.4.335, Driver v26.0.1)
00:00:01.752 |N| GUI.RenderThread Gpu PrintGpuInformation: GPU Memory: 5429 MiB
00:00:01.760 |I| GPU.MainThread Gpu LoadShaders: Loading 3331 shaders from the cache...
00:00:03.851 |I| GPU.MainThread Gpu LoadShaders: Shader cache loaded.
00:00:04.339 |W| HLE.GuestThread.46 Cpu Allocate: JIT Cache Region 0 exhausted, creating new Cache Region 1 (512 MB Total Allocation).
00:00:04.696 |I| HLE.GuestThread.46 Ptc LoadTranslations: 67183 translated functions loaded
00:00:04.710 |I| HLE.GuestThread.46 Ptc MakeAndSaveTranslations: 0 of 357 functions translated | Thread count: 15
00:00:05.850 |I| HLE.GuestThread.46 Ptc MakeAndSaveTranslations: 357 of 357 functions translated in 1.0104283 seconds | 0 functions blacklisted | Thread count: 15
00:00:05.918 |S| HLE.OsThread.47 ServiceAm GetAppletResourceUserId: Stubbed. {appletResourceUserId: 1}
00:00:05.925 |S| HLE.OsThread.47 ServiceAm AcquireForegroundRights: Stubbed. 
00:00:05.925 |S| HLE.OsThread.47 ServiceAm SetFocusHandlingMode: Stubbed. {unknownFlag1: False ; unknownFlag2: False ; unknownFlag3: True}
00:00:05.925 |S| HLE.OsThread.47 ServiceAm SetOutOfFocusSuspendingEnabled: Stubbed. {outOfFocusSuspendingEnabled: False}
00:00:05.931 |S| HLE.OsThread.47 ServicePctl Initialize: Stubbed. 
00:00:05.960 |S| HLE.OsThread.4 ServiceNv FinishInitialize: Stubbed. 
00:00:05.965 |S| HLE.OsThread.47 ServiceAm SetRestartMessageEnabled: Stubbed. {restartMessageEnabled: True}
00:00:05.966 |S| HLE.OsThread.47 ServiceAm SetPerformanceModeChangedNotification: Stubbed. {performanceModeChangedNotification: True}
00:00:05.966 |S| HLE.OsThread.47 ServiceAm SetOperationModeChangedNotification: Stubbed. {operationModeChangedNotification: True}
00:00:06.219 |S| HLE.OsThread.1 ServiceBsd RegisterClient: Stubbed. 
00:00:06.219 |S| HLE.OsThread.1 ServiceBsd StartMonitoring: Stubbed. {unknown0: 0}
00:00:06.377 |S| HLE.OsThread.47 ServiceSsl SetInterfaceVersion: Stubbed. {interfaceVersion: 3}
00:00:06.389 |S| HLE.OsThread.3 ServiceHid ActivateTouchScreen: Stubbed. {appletResourceUserId: 1}
00:00:06.390 |S| HLE.OsThread.3 ServiceHid ActiveNpadImpl: Stubbed. {appletResourceUserId: 1 ; revision: 3}
00:00:06.390 |S| HLE.OsThread.3 ServiceHid SetSupportedNpadStyleSet: Stubbed. {pid: 127 ; appletResourceUserId: 1 ; type: ProController, Handheld, JoyconPair}
00:00:06.393 |S| HLE.OsThread.3 ServiceHid SetSupportedNpadIdType: Stubbed. 9 Players: Handheld,Player1,Player2,Player3,Player4,Player5,Player6,Player7,Player8
00:00:06.404 |S| HLE.OsThread.4 ServiceNv InitializeEx: Stubbed. 
00:00:06.413 |S| HLE.OsThread.4 ServiceNv GetActiveSlotMask: Stubbed. 
00:00:06.447 |S| HLE.OsThread.4 ServiceNv SetNvMapFd: Stubbed. 
00:00:06.447 |S| HLE.OsThread.4 ServiceNv AllocGpfifoEx2: Stubbed. 
00:00:06.447 |S| HLE.OsThread.4 ServiceNv AllocObjCtx: Stubbed. 
00:00:06.448 |S| HLE.OsThread.4 ServiceNv SetErrorNotifier: Stubbed. 
00:00:06.448 |S| HLE.OsThread.4 ServiceNv SetUserData: Stubbed. 
00:00:06.449 |S| HLE.OsThread.4 ServiceNv SetTimeout: Stubbed. 
00:00:06.449 |S| HLE.OsThread.4 ServiceNv SetTimeslice: Stubbed. 
00:00:06.450 |S| HLE.OsThread.4 ServiceNv ZcullBind: Stubbed. 
00:00:06.455 |I| HLE.OsThread.47 SurfaceFlinger CreateLayerFromId: Creating layer 1
00:00:06.457 |I| HLE.OsThread.47 SurfaceFlinger CreateLayerFromId: Creating layer 2
00:00:06.507 |I| HLE.OsThread.11 AudioRenderer AcquireSessionId: Registered new output (0)
00:00:06.528 |I| HLE.OsThread.11 Audio EnsureAudioStreamSetup: New audio stream setup with a target sample count of 1024
00:00:06.683 |S| HLE.OsThread.3 ServiceHid SetSupportedNpadIdType: Stubbed. 2 Players: Player1,Handheld
00:00:06.683 |S| HLE.OsThread.3 ServiceHid SetSupportedNpadStyleSet: Stubbed. {pid: 127 ; appletResourceUserId: 1 ; type: ProController, Handheld, JoyconPair}
00:00:06.787 |I| Ptc.DiskWriter Ptc Save: Saved Translation Cache (size: 131854204 bytes, translated functions: 68234).
00:00:09.267 |S| HLE.OsThread.47 ServiceAcc InitializeApplicationInfo: Stubbed. {TitleId: 72057594337361920}
00:00:09.269 |S| HLE.OsThread.47 ServiceAcc IsUserAccountSwitchLocked: Stubbed. 
00:00:13.690 |S| HLE.OsThread.47 ServiceAm SetFocusHandlingMode: Stubbed. {unknownFlag1: False ; unknownFlag2: False ; unknownFlag3: True}
00:00:13.691 |S| HLE.OsThread.47 ServiceAm SetOutOfFocusSuspendingEnabled: Stubbed. {outOfFocusSuspendingEnabled: False}
00:00:13.701 |I| HLE.OsThread.11 AudioRenderer AcquireSessionId: Registered new output (1)
00:00:13.720 |I| HLE.OsThread.11 Audio EnsureAudioStreamSetup: New audio stream setup with a target sample count of 1024
00:00:13.760 |S| HLE.OsThread.4 ServiceNv ZbcSetTable: Stubbed. 
00:00:13.760 |S| HLE.OsThread.4 ServiceNv GetActiveSlotMask: Stubbed. 
00:00:17.176 |S| HLE.OsThread.4 ServiceNv ZbcSetTable: Stubbed. 
00:00:17.176 |S| HLE.OsThread.4 ServiceNv GetActiveSlotMask: Stubbed. 
00:00:23.815 |S| HLE.OsThread.3 ServiceHid StartSixAxisSensor: Stubbed. {appletResourceUserId: 1 ; sixAxisSensorHandle: 131075}
00:00:28.277 |S| HLE.OsThread.4 ServiceNv ZbcSetTable: Stubbed. 
00:00:28.277 |S| HLE.OsThread.4 ServiceNv GetActiveSlotMask: Stubbed. 
00:00:31.065 |S| HLE.OsThread.4 ServiceNv ZbcSetTable: Stubbed. 
00:00:31.065 |S| HLE.OsThread.4 ServiceNv GetActiveSlotMask: Stubbed. 
00:00:31.349 |S| HLE.OsThread.4 ServiceNv ZbcSetTable: Stubbed. 
00:00:31.349 |S| HLE.OsThread.4 ServiceNv GetActiveSlotMask: Stubbed. 
00:00:35.865 |I| Ptc.DiskWriter Ptc Save: Saved Profiling Info (size: 307615 bytes, profiled functions: 67559).
00:01:05.860 |I| Ptc.DiskWriter Ptc Save: Saved Profiling Info (size: 307621 bytes, profiled functions: 67560).
00:01:35.858 |I| Ptc.DiskWriter Ptc Save: Saved Profiling Info (size: 307776 bytes, profiled functions: 67599).
00:02:05.859 |I| Ptc.DiskWriter Ptc Save: Saved Profiling Info (size: 307815 bytes, profiled functions: 67606).
00:02:11.574 |W| HLE.GuestThread.49 KernelSvc : WaitProcessWideKeyAtomic() = TerminationRequested
00:02:11.574 |W| HLE.GuestThread.46 KernelSvc : WaitProcessWideKeyAtomic() = TerminationRequested
00:02:11.574 |W| HLE.GuestThread.48 KernelSvc : WaitSynchronization(handleIndex: 0xFFFFFFFF) = TerminationRequested
00:02:11.574 |W| HLE.GuestThread.66 KernelSvc : WaitProcessWideKeyAtomic() = TerminationRequested
00:02:11.574 |W| HLE.GuestThread.50 KernelSvc : WaitProcessWideKeyAtomic() = TerminationRequested
00:02:11.574 |W| HLE.GuestThread.51 KernelSvc : WaitProcessWideKeyAtomic() = TerminationRequested
00:02:11.574 |W| HLE.GuestThread.71 KernelSvc : WaitProcessWideKeyAtomic() = TerminationRequested
00:02:11.575 |W| HLE.GuestThread.52 KernelSvc : WaitProcessWideKeyAtomic() = TerminationRequested
00:02:11.575 |W| HLE.GuestThread.69 KernelSvc : WaitProcessWideKeyAtomic() = TerminationRequested
00:02:11.575 |W| HLE.GuestThread.72 KernelSvc : WaitSynchronization(handleIndex: 0xFFFFFFFF) = TerminationRequested
00:02:11.575 |W| HLE.GuestThread.53 KernelSvc : WaitProcessWideKeyAtomic() = TerminationRequested
00:02:11.575 |W| HLE.GuestThread.70 KernelSvc : WaitProcessWideKeyAtomic() = TerminationRequested
00:02:11.575 |W| HLE.GuestThread.76 KernelSvc : WaitProcessWideKeyAtomic() = TerminationRequested
00:02:11.575 |W| HLE.GuestThread.54 KernelSvc : WaitProcessWideKeyAtomic() = TerminationRequested
00:02:11.575 |W| HLE.GuestThread.74 KernelSvc : WaitSynchronization(handleIndex: 0xFFFFFFFF) = TerminationRequested
00:02:11.575 |W| HLE.GuestThread.73 KernelSvc : SendSyncRequest() = TerminationRequested
00:02:11.575 |W| HLE.GuestThread.55 KernelSvc : WaitProcessWideKeyAtomic() = TerminationRequested
00:02:11.575 |W| HLE.GuestThread.56 KernelSvc : WaitProcessWideKeyAtomic() = TerminationRequested
00:02:11.575 |W| HLE.GuestThread.68 KernelSvc : WaitProcessWideKeyAtomic() = TerminationRequested
00:02:11.575 |W| HLE.GuestThread.67 KernelSvc : WaitProcessWideKeyAtomic() = TerminationRequested
00:02:11.575 |W| HLE.GuestThread.57 KernelSvc : WaitProcessWideKeyAtomic() = TerminationRequested
00:02:11.575 |W| HLE.GuestThread.65 KernelSvc : WaitProcessWideKeyAtomic() = TerminationRequested
00:02:11.575 |W| HLE.GuestThread.64 KernelSvc : WaitProcessWideKeyAtomic() = TerminationRequested
00:02:11.575 |W| HLE.GuestThread.58 KernelSvc : WaitProcessWideKeyAtomic() = TerminationRequested
00:02:11.575 |W| HLE.GuestThread.63 KernelSvc : WaitProcessWideKeyAtomic() = TerminationRequested
00:02:11.575 |W| HLE.GuestThread.62 KernelSvc : WaitProcessWideKeyAtomic() = TerminationRequested
00:02:11.575 |W| HLE.GuestThread.59 KernelSvc : WaitProcessWideKeyAtomic() = TerminationRequested
00:02:11.575 |W| HLE.GuestThread.61 KernelSvc : WaitProcessWideKeyAtomic() = TerminationRequested
00:02:11.575 |W| HLE.GuestThread.60 KernelSvc : WaitProcessWideKeyAtomic() = TerminationRequested
00:02:11.575 |W| HLE.GuestThread.77 KernelSvc : WaitProcessWideKeyAtomic() = TerminationRequested
00:02:11.575 |W| HLE.GuestThread.78 KernelSvc : WaitProcessWideKeyAtomic() = TerminationRequested
00:02:11.575 |W| HLE.GuestThread.79 KernelSvc : WaitProcessWideKeyAtomic() = TerminationRequested
00:02:11.575 |W| HLE.GuestThread.80 KernelSvc : WaitProcessWideKeyAtomic() = TerminationRequested
00:02:11.575 |W| HLE.GuestThread.81 KernelSvc : WaitProcessWideKeyAtomic() = TerminationRequested
00:02:11.583 |E| HLE.OsThread.7 SurfaceFlinger DequeueBuffer: No available buffer slots
00:02:11.584 |E| HLE.OsThread.7 SurfaceFlinger OnTransact: Error returned by transaction DequeueBuffer: Busy
00:02:11.628 |I| HLE.OsThread.11 AudioRenderer ReleaseSessionId: Unregistered output (0)
00:02:11.675 |I| HLE.OsThread.11 AudioRenderer ReleaseSessionId: Unregistered output (1)
00:02:11.697 |W| GUI.WindowThread ServiceNv Close: Closing channel
00:02:11.869 |N| GUI.RenderThread Application ReloadConfig: Loading configuration from: /home/[redacted]/.config/Ryujinx/Config.json
00:00:00.048 |I| Gpu : Backend Threading (Auto): True
00:00:00.134 |N| Application LoadGuestApplication: Using Firmware Version: 19.0.1
00:00:00.134 |N| Application LoadGuestApplication: Loading content archive from '/home/[redacted]/Downloads/Games/Pokemon Brilliant Diamond [0100000011D90000][v0].nsp'.
00:00:00.134 |I| Application LoadGuestApplication: Loading as NSP.
00:00:00.139 |I| ModLoader QueryContentsDir: Searching mods for Application 0100000011D90000 in "/home/[redacted]/.config/Ryujinx/mods/contents"
00:00:00.139 |I| ModLoader QueryContentsDir: Searching mods for Application 0100000011D90000 in "/home/[redacted]/.config/Ryujinx/sdcard/atmosphere/contents"
00:00:00.139 |I| Loader Load: Loading rtld...
00:00:00.139 |I| Loader PrintRoSectionInfo: rtld:
    Module: nnrtld
00:00:00.139 |I| Loader Load: Loading main...
00:00:00.500 |I| Loader PrintRoSectionInfo: main:
    Module: F:\JenkinsWorkSpace\workspace\BuildRom_Launch\unity_project\Dpr\SwitchIL2CPPCache\il2cpp_cache\linkresult_22F671898E59E8B9B3F93C78532B1E40\SwitchPlayer.nss
    SDK Libraries: SDK MW+UnityTechnologies+Unity-2019_4_27_f1
                   SDK MW+Nintendo+NintendoSDK_libcurl-11_4_3-Release
                   SDK MW+Nintendo+NintendoSDK_libz-11_4_3-Release
                   SDK MW+Nintendo+NEX-4_6_11-appdl
                   SDK MW+Nintendo+PIA_UNITY-0.33.0
                   SDK MW+Nintendo+PiaSession-5_37_0
                   SDK MW+Nintendo+PiaTransport-5_37_0
                   SDK MW+Nintendo+NEX_DS-4_6_11
                   SDK MW+Nintendo+NEX_R2-4_6_11
                   SDK MW+Nintendo+NEX_RK-4_6_11
                   SDK MW+Nintendo+NEX_CO-4_6_11
                   SDK MW+Nintendo+NEX_SS-4_6_11
                   SDK MW+Nintendo+NEX_UT-4_6_11
                   SDK MW+Nintendo+PiaCommon-5_37_0
                   SDK MW+Nintendo+Pia-5_37_0_58082
                   SDK MW+Nintendo+PiaFramework-5_37_0
                   SDK MW+Nintendo+PiaLan-5_37_0
                   SDK MW+Nintendo+PiaLocal-5_37_0
                   SDK MW+Nintendo+PiaNex-5_37_0-forNEX-4_6_5
                   SDK MW+Nintendo+PiaReckoning-5_37_0
                   SDK MW+Nintendo+PiaSync-5_37_0
                   SDK MW+Nintendo+NEX_MM-4_6_11
                   SDK MW+Nintendo+PiaClone-5_37_0
00:00:00.500 |I| Loader Load: Loading subsdk0...
00:00:00.527 |I| Loader PrintRoSectionInfo: subsdk0:
    Module: multimedia
    SDK Libraries: SDK MW+Nintendo+NintendoSDK_movie-11_4_3-Release
00:00:00.527 |I| Loader Load: Loading sdk...
00:00:00.581 |I| Loader PrintRoSectionInfo: sdk:
    Module: nnSdk
    FS SDK Version: 11.4.3
    SDK Libraries: SDK MW+Nintendo+NintendoSDK_libz-11_4_3-Release
                   SDK MW+Nintendo+NintendoSdk_nnSdk-11_4_3-Release
                   SDK MW+Nintendo+NintendoSDK_NVN-11_4_3-Release
00:00:00.625 |I| Ptc Initialize: Initializing Profiled Persistent Translation Cache (enabled: True).
00:00:00.625 |I| Ptc Initialize: PPTC (v7009) Profile: 1.0.0-default
00:00:01.389 |I| Ptc Load: Loaded Translation Cache (size: 131854204 bytes, translated functions: 68234).
00:00:01.392 |I| Ptc Load: Loaded Profiling Info (size: 307815 bytes, profiled functions: 67606).
00:00:01.392 |I| Application ParseCapability: Application requested cores with index range 0 to 2
00:00:01.392 |I| Loader LoadNsos: Loading image 0 at 0x0000000008500000...
00:00:01.392 |I| Loader LoadNsos: Loading image 1 at 0x0000000008504000...
00:00:01.409 |I| Loader LoadNsos: Loading image 2 at 0x000000000d2bd000...
00:00:01.410 |I| Loader LoadNsos: Loading image 3 at 0x000000000d963000...
00:00:01.413 |I| ModLoader LoadCheats: Build ids found for application 0100000011D90000:
    6F8B1226CC8CD958021D6BFD226EBF23F892AB9B000000000000000000000000
    F87FC6075104EC4D9642A4AA6BB2221600000000000000000000000000000000
    507F19D1240D09D00992248E8A0FD77EBD784EB4000000000000000000000000
    2D369D9999E3E10E665106F840FFFF9BDAA0BB8E000000000000000000000000
00:00:01.413 |I| Application EnsureSaveData: Ensuring required savedata exists.
00:00:01.418 |I| Loader Start: Application Loaded: Pokémon Brilliant Diamond v1.0.0 [0100000011d90000] [64-bit]
00:00:01.429 |I| GUI.WindowThread Hid Configure: Configured Controller ProController to Player1
00:00:01.430 |I| GUI.WindowThread Hid SetupNpad: Connected Controller ProController to Player1
00:00:01.445 |N| GUI.RenderThread Gpu PrintGpuInformation: AMD Radeon 860M Graphics (RADV KRACKAN1) (Vulkan v1.4.335, Driver v26.0.1)
00:00:01.445 |N| GUI.RenderThread Gpu PrintGpuInformation: GPU Memory: 5429 MiB
00:00:01.445 |I| GPU.MainThread Gpu LoadShaders: Loading 3331 shaders from the cache...
00:00:02.815 |I| GPU.MainThread Gpu LoadShaders: Shader cache loaded.
00:00:03.135 |W| HLE.GuestThread.46 Cpu Allocate: JIT Cache Region 0 exhausted, creating new Cache Region 1 (512 MB Total Allocation).
00:00:03.494 |I| HLE.GuestThread.46 Ptc LoadTranslations: 67533 translated functions loaded
00:00:03.507 |I| HLE.GuestThread.46 Ptc MakeAndSaveTranslations: 0 of 73 functions translated | Thread count: 15
00:00:03.530 |I| HLE.GuestThread.46 Ptc MakeAndSaveTranslations: 73 of 73 functions translated in 0.023431 seconds | 0 functions blacklisted | Thread count: 15
00:00:03.578 |S| HLE.OsThread.47 ServiceAm GetAppletResourceUserId: Stubbed. {appletResourceUserId: 1}
00:00:03.578 |S| HLE.OsThread.47 ServiceAm AcquireForegroundRights: Stubbed. 
00:00:03.578 |S| HLE.OsThread.47 ServiceAm SetFocusHandlingMode: Stubbed. {unknownFlag1: False ; unknownFlag2: False ; unknownFlag3: True}
00:00:03.579 |S| HLE.OsThread.47 ServiceAm SetOutOfFocusSuspendingEnabled: Stubbed. {outOfFocusSuspendingEnabled: False}
00:00:03.579 |S| HLE.OsThread.47 ServicePctl Initialize: Stubbed. 
00:00:03.599 |S| HLE.OsThread.4 ServiceNv FinishInitialize: Stubbed. 
00:00:03.600 |S| HLE.OsThread.47 ServiceAm SetRestartMessageEnabled: Stubbed. {restartMessageEnabled: True}
00:00:03.601 |S| HLE.OsThread.47 ServiceAm SetPerformanceModeChangedNotification: Stubbed. {performanceModeChangedNotification: True}
00:00:03.601 |S| HLE.OsThread.47 ServiceAm SetOperationModeChangedNotification: Stubbed. {operationModeChangedNotification: True}
00:00:03.825 |S| HLE.OsThread.1 ServiceBsd RegisterClient: Stubbed. 
00:00:03.825 |S| HLE.OsThread.1 ServiceBsd StartMonitoring: Stubbed. {unknown0: 0}
00:00:03.945 |S| HLE.OsThread.47 ServiceSsl SetInterfaceVersion: Stubbed. {interfaceVersion: 3}
00:00:03.949 |S| HLE.OsThread.3 ServiceHid ActivateTouchScreen: Stubbed. {appletResourceUserId: 1}
00:00:03.949 |S| HLE.OsThread.3 ServiceHid ActiveNpadImpl: Stubbed. {appletResourceUserId: 1 ; revision: 3}
00:00:03.949 |S| HLE.OsThread.3 ServiceHid SetSupportedNpadStyleSet: Stubbed. {pid: 127 ; appletResourceUserId: 1 ; type: ProController, Handheld, JoyconPair}
00:00:03.950 |S| HLE.OsThread.3 ServiceHid SetSupportedNpadIdType: Stubbed. 9 Players: Handheld,Player1,Player2,Player3,Player4,Player5,Player6,Player7,Player8
00:00:03.952 |S| HLE.OsThread.4 ServiceNv InitializeEx: Stubbed. 
00:00:03.952 |S| HLE.OsThread.4 ServiceNv GetActiveSlotMask: Stubbed. 
00:00:03.965 |S| HLE.OsThread.4 ServiceNv SetNvMapFd: Stubbed. 
00:00:03.965 |S| HLE.OsThread.4 ServiceNv AllocGpfifoEx2: Stubbed. 
00:00:03.965 |S| HLE.OsThread.4 ServiceNv AllocObjCtx: Stubbed. 
00:00:03.966 |S| HLE.OsThread.4 ServiceNv SetErrorNotifier: Stubbed. 
00:00:03.966 |S| HLE.OsThread.4 ServiceNv SetUserData: Stubbed. 
00:00:03.966 |S| HLE.OsThread.4 ServiceNv SetTimeout: Stubbed. 
00:00:03.966 |S| HLE.OsThread.4 ServiceNv SetTimeslice: Stubbed. 
00:00:03.966 |S| HLE.OsThread.4 ServiceNv ZcullBind: Stubbed. 
00:00:03.967 |I| HLE.OsThread.47 SurfaceFlinger CreateLayerFromId: Creating layer 1
00:00:03.967 |I| HLE.OsThread.47 SurfaceFlinger CreateLayerFromId: Creating layer 2
00:00:03.988 |I| HLE.OsThread.11 AudioRenderer AcquireSessionId: Registered new output (0)
00:00:04.006 |I| HLE.OsThread.11 Audio EnsureAudioStreamSetup: New audio stream setup with a target sample count of 1024
00:00:04.148 |S| HLE.OsThread.3 ServiceHid SetSupportedNpadIdType: Stubbed. 2 Players: Player1,Handheld
00:00:04.148 |S| HLE.OsThread.3 ServiceHid SetSupportedNpadStyleSet: Stubbed. {pid: 127 ; appletResourceUserId: 1 ; type: ProController, Handheld, JoyconPair}
00:00:04.435 |I| Ptc.DiskWriter Ptc Save: Saved Translation Cache (size: 132003939 bytes, translated functions: 68307).
00:00:06.669 |S| HLE.OsThread.47 ServiceAcc InitializeApplicationInfo: Stubbed. {TitleId: 72057594337361920}
00:00:06.670 |S| HLE.OsThread.47 ServiceAcc IsUserAccountSwitchLocked: Stubbed. 
00:00:11.137 |S| HLE.OsThread.47 ServiceAm SetFocusHandlingMode: Stubbed. {unknownFlag1: False ; unknownFlag2: False ; unknownFlag3: True}
00:00:11.137 |S| HLE.OsThread.47 ServiceAm SetOutOfFocusSuspendingEnabled: Stubbed. {outOfFocusSuspendingEnabled: False}
00:00:11.148 |I| HLE.OsThread.11 AudioRenderer AcquireSessionId: Registered new output (1)
00:00:11.169 |I| HLE.OsThread.11 Audio EnsureAudioStreamSetup: New audio stream setup with a target sample count of 1024
00:00:11.190 |S| HLE.OsThread.4 ServiceNv ZbcSetTable: Stubbed. 
00:00:11.190 |S| HLE.OsThread.4 ServiceNv GetActiveSlotMask: Stubbed. 
00:00:14.431 |S| HLE.OsThread.4 ServiceNv ZbcSetTable: Stubbed. 
00:00:14.432 |S| HLE.OsThread.4 ServiceNv GetActiveSlotMask: Stubbed. 
00:00:17.836 |S| HLE.OsThread.3 ServiceHid StartSixAxisSensor: Stubbed. {appletResourceUserId: 1 ; sixAxisSensorHandle: 131075}
00:00:21.966 |S| HLE.OsThread.4 ServiceNv ZbcSetTable: Stubbed. 
00:00:21.966 |S| HLE.OsThread.4 ServiceNv GetActiveSlotMask: Stubbed. 
00:00:24.441 |S| HLE.OsThread.4 ServiceNv ZbcSetTable: Stubbed. 
00:00:24.441 |S| HLE.OsThread.4 ServiceNv GetActiveSlotMask: Stubbed. 
00:00:24.633 |S| HLE.OsThread.4 ServiceNv ZbcSetTable: Stubbed. 
00:00:24.633 |S| HLE.OsThread.4 ServiceNv GetActiveSlotMask: Stubbed. 
00:00:33.536 |I| Ptc.DiskWriter Ptc Save: Saved Profiling Info (size: 307836 bytes, profiled functions: 67610).
00:00:53.940 |S| HLE.OsThread.4 ServiceNv ZbcSetTable: Stubbed. 
00:00:53.940 |S| HLE.OsThread.4 ServiceNv GetActiveSlotMask: Stubbed. 
00:01:03.540 |I| Ptc.DiskWriter Ptc Save: Saved Profiling Info (size: 307841 bytes, profiled functions: 67611).
00:01:33.539 |I| Ptc.DiskWriter Ptc Save: Saved Profiling Info (size: 308209 bytes, profiled functions: 67700).
00:02:03.539 |I| Ptc.DiskWriter Ptc Save: Saved Profiling Info (size: 308219 bytes, profiled functions: 67702).
00:02:33.539 |I| Ptc.DiskWriter Ptc Save: Saved Profiling Info (size: 308224 bytes, profiled functions: 67703).
00:03:02.477 |I| .NET TP Worker ServiceNifm LocalInterfaceCacheHandler: NetworkAddress changed, invalidating cached data.
00:03:03.536 |I| Ptc.DiskWriter Ptc Save: Saved Profiling Info (size: 308229 bytes, profiled functions: 67704).
00:03:33.539 |I| Ptc.DiskWriter Ptc Save: Saved Profiling Info (size: 308232 bytes, profiled functions: 67705).
00:04:33.536 |I| Ptc.DiskWriter Ptc Save: Saved Profiling Info (size: 308246 bytes, profiled functions: 67708).
00:05:03.536 |I| Ptc.DiskWriter Ptc Save: Saved Profiling Info (size: 308376 bytes, profiled functions: 67737).
00:05:33.538 |I| Ptc.DiskWriter Ptc Save: Saved Profiling Info (size: 308386 bytes, profiled functions: 67737).
00:36:14.676 |I| .NET TP Worker ServiceNifm LocalInterfaceCacheHandler: NetworkAddress changed, invalidating cached data.
00:36:33.538 |I| Ptc.DiskWriter Ptc Save: Saved Profiling Info (size: 308401 bytes, profiled functions: 67741).
00:36:58.696 |S| HLE.OsThread.47 ServiceAm LockExit: Stubbed. 
00:36:58.705 |S| HLE.OsThread.4 ServiceNv ZbcSetTable: Stubbed. 
00:36:58.706 |S| HLE.OsThread.4 ServiceNv GetActiveSlotMask: Stubbed. 
00:36:58.886 |S| HLE.OsThread.47 ServiceAm UnlockExit: Stubbed. 
00:37:03.537 |I| Ptc.DiskWriter Ptc Save: Saved Profiling Info (size: 308406 bytes, profiled functions: 67742).
00:37:17.014 |S| HLE.OsThread.4 ServiceNv ZbcSetTable: Stubbed. 
00:37:17.014 |S| HLE.OsThread.4 ServiceNv GetActiveSlotMask: Stubbed. 
00:38:33.538 |I| Ptc.DiskWriter Ptc Save: Saved Profiling Info (size: 308417 bytes, profiled functions: 67744).
00:39:19.846 |I| .NET TP Worker ServiceNifm LocalInterfaceCacheHandler: NetworkAddress changed, invalidating cached data.
00:40:03.536 |I| Ptc.DiskWriter Ptc Save: Saved Profiling Info (size: 308416 bytes, profiled functions: 67745).
00:47:03.538 |I| Ptc.DiskWriter Ptc Save: Saved Profiling Info (size: 308421 bytes, profiled functions: 67746).
00:48:03.539 |I| Ptc.DiskWriter Ptc Save: Saved Profiling Info (size: 308426 bytes, profiled functions: 67747).
00:48:33.536 |I| Ptc.DiskWriter Ptc Save: Saved Profiling Info (size: 308434 bytes, profiled functions: 67749).
00:49:33.537 |I| Ptc.DiskWriter Ptc Save: Saved Profiling Info (size: 308441 bytes, profiled functions: 67749).
00:50:03.539 |I| Ptc.DiskWriter Ptc Save: Saved Profiling Info (size: 308451 bytes, profiled functions: 67751).
00:56:23.723 |E| .NET TP Worker ATTENTION: default value of option mesa_glthread overridden by environment.
01:00:33.534 |I| Ptc.DiskWriter Ptc Save: Saved Profiling Info (size: 308456 bytes, profiled functions: 67752).
01:01:03.538 |I| Ptc.DiskWriter Ptc Save: Saved Profiling Info (size: 308491 bytes, profiled functions: 67760).
01:02:03.537 |I| Ptc.DiskWriter Ptc Save: Saved Profiling Info (size: 308490 bytes, profiled functions: 67760).
01:02:07.701 |S| HLE.OsThread.47 ServiceAm LockExit: Stubbed. 
01:02:07.887 |S| HLE.OsThread.47 ServiceAm UnlockExit: Stubbed. 
01:02:28.476 |S| HLE.OsThread.47 ServiceAm LockExit: Stubbed. 
01:02:28.634 |S| HLE.OsThread.47 ServiceAm UnlockExit: Stubbed. 
01:02:33.537 |I| Ptc.DiskWriter Ptc Save: Saved Profiling Info (size: 308509 bytes, profiled functions: 67763).
01:02:46.893 |S| HLE.OsThread.47 ServiceAm LockExit: Stubbed. 
01:02:47.052 |S| HLE.OsThread.47 ServiceAm UnlockExit: Stubbed. 
01:03:03.538 |I| Ptc.DiskWriter Ptc Save: Saved Profiling Info (size: 308520 bytes, profiled functions: 67765).
01:03:16.691 |S| HLE.OsThread.47 ServiceAm LockExit: Stubbed. 
01:03:16.893 |S| HLE.OsThread.47 ServiceAm UnlockExit: Stubbed. 
01:03:33.539 |I| Ptc.DiskWriter Ptc Save: Saved Profiling Info (size: 308522 bytes, profiled functions: 67765).
01:04:03.537 |I| Ptc.DiskWriter Ptc Save: Saved Profiling Info (size: 308526 bytes, profiled functions: 67765).
01:09:19.657 |I| .NET TP Worker ServiceNifm LocalInterfaceCacheHandler: NetworkAddress changed, invalidating cached data.
