00:00:00.285 |I| Configuration LogValueChange: ResScale set to: 1
00:00:00.301 |I| Configuration LogValueChange: ResScaleCustom set to: 1
00:00:00.301 |I| Configuration LogValueChange: MaxAnisotropy set to: -1
00:00:00.302 |I| Configuration LogValueChange: AspectRatio set to: Fixed16x9
00:00:00.303 |I| Configuration LogValueChange: PreferredGpu set to: 0x1002_0x1114
00:00:00.303 |I| Configuration LogValueChange: ScalingFilterLevel set to: 80
00:00:00.304 |I| Configuration LogValueChange: CustomVSyncInterval set to: 120
00:00:00.304 |I| Configuration LogValueChange: EnableShaderCache set to: True
00:00:00.304 |I| Configuration LogValueChange: EnableMacroHLE set to: True
00:00:00.304 |I| Configuration LogValueChange: Language set to: AmericanEnglish
00:00:00.305 |I| Configuration LogValueChange: Region set to: USA
00:00:00.305 |I| Configuration LogValueChange: TimeZone set to: UTC
00:00:00.308 |I| Configuration LogValueChange: SystemTimeOffset set to: -37
00:00:00.308 |I| Configuration LogValueChange: EnableDockedMode set to: True
00:00:00.308 |I| Configuration LogValueChange: EnablePtc set to: True
00:00:00.311 |I| Configuration LogValueChange: TickScalar set to: 50
00:00:00.311 |I| Configuration LogValueChange: EnableFsIntegrityChecks set to: True
00:00:00.312 |I| Configuration LogValueChange: AudioBackend set to: SDL2
00:00:00.312 |I| Configuration LogValueChange: AudioVolume set to: 1
00:00:00.313 |I| Configuration LogValueChange: MemoryManagerMode set to: HostMappedUnsafe
00:00:00.314 |I| Configuration LogValueChange: UseHypervisor set to: True
00:00:00.316 |I| Configuration LogValueChange: LdnPassphrase set to: 
00:00:00.316 |I| Configuration LogValueChange: LdnServer set to: 
00:00:00.317 |I| Configuration LogValueChange: GdbStubPort set to: 55555
00:00:00.328 |W| Application GetActualScaleFactor: Couldn't determine monitor DPI: Wayland not yet supported
00:00:00.329 |N| Application PrintSystemInfo:    ___                 __    _              
00:00:00.329 |N| Application PrintSystemInfo:   / _ \  __ __ __ __  / /   (_)  ___   ___ _
00:00:00.329 |N| Application PrintSystemInfo:  / , _/ / // // // / / _ \ / /  / _ \ / _ `/
00:00:00.329 |N| Application PrintSystemInfo: /_/|_|  \_, / \_,_/ /_.__//_/  /_//_/ \_, / 
00:00:00.329 |N| Application PrintSystemInfo:        /___/                         /___/  
00:00:00.329 |N| Application PrintSystemInfo: Ryujinx Version: 1.3.3
00:00:00.329 |N| Application PrintSystemInfo: .NET Runtime: .NET 9.0.9
00:00:00.342 |N| Application PrintSystemInfo: Operating System: Arch Linux (X64)
00:00:00.342 |N| Application PrintSystemInfo: CPU: AMD Ryzen AI 7 350 w/ Radeon 860M ; 16 logical
00:00:00.346 |N| Application PrintSystemInfo: RAM: Total 14.9 GiB ; Available 13.4 GiB
00:00:00.349 |N| Application PrintSystemInfo: Logs Enabled: Info, Warning, Error, Guest, Stub
00:00:00.350 |N| Application PrintSystemInfo: Launch Mode: UserProfile
00:00:00.652 |E| .NET TP Worker ATTENTION: default value of option mesa_glthread overridden by environment.
00:00:00.705 |E| .NET TP Worker ATTENTION: default value of option mesa_glthread overridden by environment.
00:00:00.708 |E| .NET TP Worker ATTENTION: default value of option mesa_glthread overridden by environment.
00:00:04.864 |E| .NET TP Worker ATTENTION: default value of option mesa_glthread overridden by environment.
00:00:00.081 |I| Gpu : Backend Threading (Auto): True
00:00:00.294 |N| Application LoadGuestApplication: Using Firmware Version: 19.0.1
00:00:00.294 |N| Application LoadGuestApplication: Loading content archive from '/home/[redacted]/Downloads/Games/Pokemon Brilliant Diamond [0100000011D90000][v0].nsp'.
00:00:00.294 |I| Application LoadGuestApplication: Loading as NSP.
00:00:00.314 |I| ModLoader QueryContentsDir: Searching mods for Application 0100000011D90000 in "/home/[redacted]/.config/Ryujinx/mods/contents"
00:00:00.315 |I| ModLoader QueryContentsDir: Searching mods for Application 0100000011D90000 in "/home/[redacted]/.config/Ryujinx/sdcard/atmosphere/contents"
00:00:00.325 |I| Loader Load: Loading rtld...
00:00:00.342 |I| Loader PrintRoSectionInfo: rtld:
    Module: nnrtld
00:00:00.342 |I| Loader Load: Loading main...
00:00:00.736 |I| Loader PrintRoSectionInfo: main:
    Module: F:\JenkinsWorkSpace\workspace\BuildRom_Launch\unity_project\Dpr\SwitchIL2CPPCache\il2cpp_cache\linkresult_22F671898E59E8B9B3F93C78532B1E40\SwitchPlayer.nss
    SDK Libraries: SDK MW+UnityTechnologies+Unity-2019_4_27_f1
                   SDK MW+Nintendo+NintendoSDK_libcurl-11_4_3-Release
                   SDK MW+Nintendo+NintendoSDK_libz-11_4_3-Release
                   SDK MW+Nintendo+NEX-4_6_11-appdl
                   SDK MW+Nintendo+PIA_UNITY-0.33.0
                   SDK MW+Nintendo+PiaSession-5_37_0
                   SDK MW+Nintendo+PiaTransport-5_37_0
                   SDK MW+Nintendo+NEX_DS-4_6_11
                   SDK MW+Nintendo+NEX_R2-4_6_11
                   SDK MW+Nintendo+NEX_RK-4_6_11
                   SDK MW+Nintendo+NEX_CO-4_6_11
                   SDK MW+Nintendo+NEX_SS-4_6_11
                   SDK MW+Nintendo+NEX_UT-4_6_11
                   SDK MW+Nintendo+PiaCommon-5_37_0
                   SDK MW+Nintendo+Pia-5_37_0_58082
                   SDK MW+Nintendo+PiaFramework-5_37_0
                   SDK MW+Nintendo+PiaLan-5_37_0
                   SDK MW+Nintendo+PiaLocal-5_37_0
                   SDK MW+Nintendo+PiaNex-5_37_0-forNEX-4_6_5
                   SDK MW+Nintendo+PiaReckoning-5_37_0
                   SDK MW+Nintendo+PiaSync-5_37_0
                   SDK MW+Nintendo+NEX_MM-4_6_11
                   SDK MW+Nintendo+PiaClone-5_37_0
00:00:00.737 |I| Loader Load: Loading subsdk0...
00:00:00.760 |I| Loader PrintRoSectionInfo: subsdk0:
    Module: multimedia
    SDK Libraries: SDK MW+Nintendo+NintendoSDK_movie-11_4_3-Release
00:00:00.760 |I| Loader Load: Loading sdk...
00:00:00.808 |I| Loader PrintRoSectionInfo: sdk:
    Module: nnSdk
    FS SDK Version: 11.4.3
    SDK Libraries: SDK MW+Nintendo+NintendoSDK_libz-11_4_3-Release
                   SDK MW+Nintendo+NintendoSdk_nnSdk-11_4_3-Release
                   SDK MW+Nintendo+NintendoSDK_NVN-11_4_3-Release
00:00:00.911 |I| Ptc Initialize: Initializing Profiled Persistent Translation Cache (enabled: True).
00:00:00.911 |I| Ptc Initialize: PPTC (v7009) Profile: 1.0.0-default
00:00:01.600 |I| Ptc Load: Loaded Translation Cache (size: 136915723 bytes, translated functions: 70770).
00:00:01.614 |I| Ptc Load: Loaded Profiling Info (size: 315871 bytes, profiled functions: 69225).
00:00:01.617 |I| Application ParseCapability: Application requested cores with index range 0 to 2
00:00:01.618 |I| Loader LoadNsos: Loading image 0 at 0x0000000008500000...
00:00:01.618 |I| Loader LoadNsos: Loading image 1 at 0x0000000008504000...
00:00:01.641 |I| Loader LoadNsos: Loading image 2 at 0x000000000d2bd000...
00:00:01.643 |I| Loader LoadNsos: Loading image 3 at 0x000000000d963000...
00:00:01.648 |I| ModLoader LoadCheats: Build ids found for application 0100000011D90000:
    6F8B1226CC8CD958021D6BFD226EBF23F892AB9B000000000000000000000000
    F87FC6075104EC4D9642A4AA6BB2221600000000000000000000000000000000
    507F19D1240D09D00992248E8A0FD77EBD784EB4000000000000000000000000
    2D369D9999E3E10E665106F840FFFF9BDAA0BB8E000000000000000000000000
00:00:01.650 |I| Application EnsureSaveData: Ensuring required savedata exists.
00:00:01.671 |I| Loader Start: Application Loaded: Pokémon Brilliant Diamond v1.0.0 [0100000011d90000] [64-bit]
00:00:01.702 |I| GUI.WindowThread Hid Configure: Configured Controller ProController to Player1
00:00:01.712 |I| GUI.WindowThread Hid SetupNpad: Connected Controller ProController to Player1
00:00:01.800 |N| GUI.RenderThread Gpu PrintGpuInformation: AMD Radeon 860M Graphics (RADV KRACKAN1) (Vulkan v1.4.335, Driver v26.0.1)
00:00:01.800 |N| GUI.RenderThread Gpu PrintGpuInformation: GPU Memory: 5429 MiB
00:00:01.809 |I| GPU.MainThread Gpu LoadShaders: Loading 3413 shaders from the cache...
00:00:03.674 |I| GPU.MainThread Gpu LoadShaders: Shader cache loaded.
00:00:04.159 |W| HLE.GuestThread.46 Cpu Allocate: JIT Cache Region 0 exhausted, creating new Cache Region 1 (512 MB Total Allocation).
00:00:04.535 |I| HLE.GuestThread.46 Ptc LoadTranslations: 69115 translated functions loaded
00:00:04.552 |I| HLE.GuestThread.46 Ptc MakeAndSaveTranslations: 0 of 110 functions translated | Thread count: 15
00:00:05.122 |I| HLE.GuestThread.46 Ptc MakeAndSaveTranslations: 110 of 110 functions translated in 0.4353306 seconds | 0 functions blacklisted | Thread count: 15
00:00:05.184 |S| HLE.OsThread.47 ServiceAm GetAppletResourceUserId: Stubbed. {appletResourceUserId: 1}
00:00:05.191 |S| HLE.OsThread.47 ServiceAm AcquireForegroundRights: Stubbed. 
00:00:05.191 |S| HLE.OsThread.47 ServiceAm SetFocusHandlingMode: Stubbed. {unknownFlag1: False ; unknownFlag2: False ; unknownFlag3: True}
00:00:05.191 |S| HLE.OsThread.47 ServiceAm SetOutOfFocusSuspendingEnabled: Stubbed. {outOfFocusSuspendingEnabled: False}
00:00:05.195 |S| HLE.OsThread.47 ServicePctl Initialize: Stubbed. 
00:00:05.225 |S| HLE.OsThread.4 ServiceNv FinishInitialize: Stubbed. 
00:00:05.228 |S| HLE.OsThread.47 ServiceAm SetRestartMessageEnabled: Stubbed. {restartMessageEnabled: True}
00:00:05.229 |S| HLE.OsThread.47 ServiceAm SetPerformanceModeChangedNotification: Stubbed. {performanceModeChangedNotification: True}
00:00:05.229 |S| HLE.OsThread.47 ServiceAm SetOperationModeChangedNotification: Stubbed. {operationModeChangedNotification: True}
00:00:05.465 |S| HLE.OsThread.1 ServiceBsd RegisterClient: Stubbed. 
00:00:05.466 |S| HLE.OsThread.1 ServiceBsd StartMonitoring: Stubbed. {unknown0: 0}
00:00:05.609 |S| HLE.OsThread.47 ServiceSsl SetInterfaceVersion: Stubbed. {interfaceVersion: 3}
00:00:05.616 |S| HLE.OsThread.3 ServiceHid ActivateTouchScreen: Stubbed. {appletResourceUserId: 1}
00:00:05.617 |S| HLE.OsThread.3 ServiceHid ActiveNpadImpl: Stubbed. {appletResourceUserId: 1 ; revision: 3}
00:00:05.617 |S| HLE.OsThread.3 ServiceHid SetSupportedNpadStyleSet: Stubbed. {pid: 127 ; appletResourceUserId: 1 ; type: ProController, Handheld, JoyconPair}
00:00:05.620 |S| HLE.OsThread.3 ServiceHid SetSupportedNpadIdType: Stubbed. 9 Players: Handheld,Player1,Player2,Player3,Player4,Player5,Player6,Player7,Player8
00:00:05.635 |S| HLE.OsThread.4 ServiceNv InitializeEx: Stubbed. 
00:00:05.643 |S| HLE.OsThread.4 ServiceNv GetActiveSlotMask: Stubbed. 
00:00:05.676 |S| HLE.OsThread.4 ServiceNv SetNvMapFd: Stubbed. 
00:00:05.676 |S| HLE.OsThread.4 ServiceNv AllocGpfifoEx2: Stubbed. 
00:00:05.676 |S| HLE.OsThread.4 ServiceNv AllocObjCtx: Stubbed. 
00:00:05.677 |S| HLE.OsThread.4 ServiceNv SetErrorNotifier: Stubbed. 
00:00:05.677 |S| HLE.OsThread.4 ServiceNv SetUserData: Stubbed. 
00:00:05.678 |S| HLE.OsThread.4 ServiceNv SetTimeout: Stubbed. 
00:00:05.678 |S| HLE.OsThread.4 ServiceNv SetTimeslice: Stubbed. 
00:00:05.678 |S| HLE.OsThread.4 ServiceNv ZcullBind: Stubbed. 
00:00:05.681 |I| HLE.OsThread.47 SurfaceFlinger CreateLayerFromId: Creating layer 1
00:00:05.682 |I| HLE.OsThread.47 SurfaceFlinger CreateLayerFromId: Creating layer 2
00:00:05.717 |I| HLE.OsThread.11 AudioRenderer AcquireSessionId: Registered new output (0)
00:00:05.740 |I| HLE.OsThread.11 Audio EnsureAudioStreamSetup: New audio stream setup with a target sample count of 1024
00:00:05.889 |S| HLE.OsThread.3 ServiceHid SetSupportedNpadIdType: Stubbed. 2 Players: Player1,Handheld
00:00:05.889 |S| HLE.OsThread.3 ServiceHid SetSupportedNpadStyleSet: Stubbed. {pid: 127 ; appletResourceUserId: 1 ; type: ProController, Handheld, JoyconPair}
00:00:06.089 |I| Ptc.DiskWriter Ptc Save: Saved Translation Cache (size: 137364404 bytes, translated functions: 70880).
00:00:08.237 |S| HLE.OsThread.47 ServiceAcc InitializeApplicationInfo: Stubbed. {TitleId: 72057594337361920}
00:00:08.239 |S| HLE.OsThread.47 ServiceAcc IsUserAccountSwitchLocked: Stubbed. 
00:00:12.682 |S| HLE.OsThread.47 ServiceAm SetFocusHandlingMode: Stubbed. {unknownFlag1: False ; unknownFlag2: False ; unknownFlag3: True}
00:00:12.683 |S| HLE.OsThread.47 ServiceAm SetOutOfFocusSuspendingEnabled: Stubbed. {outOfFocusSuspendingEnabled: False}
00:00:12.693 |I| HLE.OsThread.11 AudioRenderer AcquireSessionId: Registered new output (1)
00:00:12.714 |I| HLE.OsThread.11 Audio EnsureAudioStreamSetup: New audio stream setup with a target sample count of 1024
00:00:12.739 |S| HLE.OsThread.4 ServiceNv ZbcSetTable: Stubbed. 
00:00:12.739 |S| HLE.OsThread.4 ServiceNv GetActiveSlotMask: Stubbed. 
00:00:16.015 |S| HLE.OsThread.4 ServiceNv ZbcSetTable: Stubbed. 
00:00:16.015 |S| HLE.OsThread.4 ServiceNv GetActiveSlotMask: Stubbed. 
00:00:52.994 |I| .NET TP Worker ServiceNifm LocalInterfaceCacheHandler: NetworkAddress changed, invalidating cached data.
00:00:53.646 |I| .NET TP Worker ServiceNifm LocalInterfaceCacheHandler: NetworkAddress changed, invalidating cached data.
00:00:54.410 |I| .NET TP Worker ServiceNifm LocalInterfaceCacheHandler: NetworkAddress changed, invalidating cached data.
00:03:57.054 |S| HLE.OsThread.3 ServiceHid StartSixAxisSensor: Stubbed. {appletResourceUserId: 1 ; sixAxisSensorHandle: 131075}
00:04:01.410 |S| HLE.OsThread.4 ServiceNv ZbcSetTable: Stubbed. 
00:04:01.411 |S| HLE.OsThread.4 ServiceNv GetActiveSlotMask: Stubbed. 
00:04:05.132 |I| Ptc.DiskWriter Ptc Save: Saved Profiling Info (size: 315877 bytes, profiled functions: 69226).
00:19:31.350 |I| .NET TP Worker ServiceNifm LocalInterfaceCacheHandler: NetworkAddress changed, invalidating cached data.
00:19:42.230 |I| .NET TP Worker ServiceNifm LocalInterfaceCacheHandler: NetworkAddress changed, invalidating cached data.
00:49:42.033 |I| .NET TP Worker ServiceNifm LocalInterfaceCacheHandler: NetworkAddress changed, invalidating cached data.
01:17:05.132 |I| Ptc.DiskWriter Ptc Save: Saved Profiling Info (size: 315891 bytes, profiled functions: 69229).
01:19:41.915 |I| .NET TP Worker ServiceNifm LocalInterfaceCacheHandler: NetworkAddress changed, invalidating cached data.
