00:00:00.294 |I| Configuration LogValueChange: ResScale set to: 1
00:00:00.310 |I| Configuration LogValueChange: ResScaleCustom set to: 1
00:00:00.310 |I| Configuration LogValueChange: MaxAnisotropy set to: -1
00:00:00.311 |I| Configuration LogValueChange: AspectRatio set to: Fixed16x9
00:00:00.312 |I| Configuration LogValueChange: PreferredGpu set to: 0x1002_0x1114
00:00:00.313 |I| Configuration LogValueChange: ScalingFilterLevel set to: 80
00:00:00.313 |I| Configuration LogValueChange: CustomVSyncInterval set to: 120
00:00:00.313 |I| Configuration LogValueChange: EnableShaderCache set to: True
00:00:00.313 |I| Configuration LogValueChange: EnableMacroHLE set to: True
00:00:00.314 |I| Configuration LogValueChange: Language set to: AmericanEnglish
00:00:00.314 |I| Configuration LogValueChange: Region set to: USA
00:00:00.314 |I| Configuration LogValueChange: TimeZone set to: UTC
00:00:00.317 |I| Configuration LogValueChange: SystemTimeOffset set to: -37
00:00:00.318 |I| Configuration LogValueChange: EnableDockedMode set to: True
00:00:00.318 |I| Configuration LogValueChange: EnablePtc set to: True
00:00:00.321 |I| Configuration LogValueChange: TickScalar set to: 50
00:00:00.321 |I| Configuration LogValueChange: EnableFsIntegrityChecks set to: True
00:00:00.323 |I| Configuration LogValueChange: AudioBackend set to: SDL2
00:00:00.323 |I| Configuration LogValueChange: AudioVolume set to: 1
00:00:00.325 |I| Configuration LogValueChange: MemoryManagerMode set to: HostMappedUnsafe
00:00:00.326 |I| Configuration LogValueChange: UseHypervisor set to: True
00:00:00.330 |I| Configuration LogValueChange: LdnPassphrase set to: 
00:00:00.330 |I| Configuration LogValueChange: LdnServer set to: 
00:00:00.330 |I| Configuration LogValueChange: GdbStubPort set to: 55555
00:00:00.344 |W| Application GetActualScaleFactor: Couldn't determine monitor DPI: Wayland not yet supported
00:00:00.345 |N| Application PrintSystemInfo:    ___                 __    _              
00:00:00.345 |N| Application PrintSystemInfo:   / _ \  __ __ __ __  / /   (_)  ___   ___ _
00:00:00.345 |N| Application PrintSystemInfo:  / , _/ / // // // / / _ \ / /  / _ \ / _ `/
00:00:00.345 |N| Application PrintSystemInfo: /_/|_|  \_, / \_,_/ /_.__//_/  /_//_/ \_, / 
00:00:00.345 |N| Application PrintSystemInfo:        /___/                         /___/  
00:00:00.345 |N| Application PrintSystemInfo: Ryujinx Version: 1.3.3
00:00:00.345 |N| Application PrintSystemInfo: .NET Runtime: .NET 9.0.9
00:00:00.359 |N| Application PrintSystemInfo: Operating System: Arch Linux (X64)
00:00:00.359 |N| Application PrintSystemInfo: CPU: AMD Ryzen AI 7 350 w/ Radeon 860M ; 16 logical
00:00:00.363 |N| Application PrintSystemInfo: RAM: Total 14.9 GiB ; Available 13.4 GiB
00:00:00.367 |N| Application PrintSystemInfo: Logs Enabled: Info, Warning, Error, Guest, Stub
00:00:00.367 |N| Application PrintSystemInfo: Launch Mode: UserProfile
00:00:00.659 |E| .NET TP Worker ATTENTION: default value of option mesa_glthread overridden by environment.
00:00:00.711 |E| .NET TP Worker ATTENTION: default value of option mesa_glthread overridden by environment.
00:00:00.713 |E| .NET TP Worker ATTENTION: default value of option mesa_glthread overridden by environment.
00:00:04.583 |I| Application QueryLatestAsync: Checking for updates from: https://update.ryujinx.app/latest/query?os=linux&arch=amd64&rc=stable
00:00:04.738 |E| .NET TP Worker ATTENTION: default value of option mesa_glthread overridden by environment.
00:00:05.358 |I| Application BeginUpdateAsync: Up to date.
00:00:00.085 |I| Gpu : Backend Threading (Auto): True
00:00:00.310 |N| Application LoadGuestApplication: Using Firmware Version: 19.0.1
00:00:00.310 |N| Application LoadGuestApplication: Loading content archive from '/home/[redacted]/Downloads/Games/Pokemon Brilliant Diamond [0100000011D90000][v0].nsp'.
00:00:00.310 |I| Application LoadGuestApplication: Loading as NSP.
00:00:00.337 |I| ModLoader QueryContentsDir: Searching mods for Application 0100000011D90000 in "/home/[redacted]/.config/Ryujinx/mods/contents"
00:00:00.338 |I| ModLoader QueryContentsDir: Searching mods for Application 0100000011D90000 in "/home/[redacted]/.config/Ryujinx/sdcard/atmosphere/contents"
00:00:00.342 |I| Loader Load: Loading rtld...
00:00:00.368 |I| Loader PrintRoSectionInfo: rtld:
    Module: nnrtld
00:00:00.368 |I| Loader Load: Loading main...
00:00:00.770 |I| Loader PrintRoSectionInfo: main:
    Module: F:\JenkinsWorkSpace\workspace\BuildRom_Launch\unity_project\Dpr\SwitchIL2CPPCache\il2cpp_cache\linkresult_22F671898E59E8B9B3F93C78532B1E40\SwitchPlayer.nss
    SDK Libraries: SDK MW+UnityTechnologies+Unity-2019_4_27_f1
                   SDK MW+Nintendo+NintendoSDK_libcurl-11_4_3-Release
                   SDK MW+Nintendo+NintendoSDK_libz-11_4_3-Release
                   SDK MW+Nintendo+NEX-4_6_11-appdl
                   SDK MW+Nintendo+PIA_UNITY-0.33.0
                   SDK MW+Nintendo+PiaSession-5_37_0
                   SDK MW+Nintendo+PiaTransport-5_37_0
                   SDK MW+Nintendo+NEX_DS-4_6_11
                   SDK MW+Nintendo+NEX_R2-4_6_11
                   SDK MW+Nintendo+NEX_RK-4_6_11
                   SDK MW+Nintendo+NEX_CO-4_6_11
                   SDK MW+Nintendo+NEX_SS-4_6_11
                   SDK MW+Nintendo+NEX_UT-4_6_11
                   SDK MW+Nintendo+PiaCommon-5_37_0
                   SDK MW+Nintendo+Pia-5_37_0_58082
                   SDK MW+Nintendo+PiaFramework-5_37_0
                   SDK MW+Nintendo+PiaLan-5_37_0
                   SDK MW+Nintendo+PiaLocal-5_37_0
                   SDK MW+Nintendo+PiaNex-5_37_0-forNEX-4_6_5
                   SDK MW+Nintendo+PiaReckoning-5_37_0
                   SDK MW+Nintendo+PiaSync-5_37_0
                   SDK MW+Nintendo+NEX_MM-4_6_11
                   SDK MW+Nintendo+PiaClone-5_37_0
00:00:00.770 |I| Loader Load: Loading subsdk0...
00:00:00.794 |I| Loader PrintRoSectionInfo: subsdk0:
    Module: multimedia
    SDK Libraries: SDK MW+Nintendo+NintendoSDK_movie-11_4_3-Release
00:00:00.794 |I| Loader Load: Loading sdk...
00:00:00.845 |I| Loader PrintRoSectionInfo: sdk:
    Module: nnSdk
    FS SDK Version: 11.4.3
    SDK Libraries: SDK MW+Nintendo+NintendoSDK_libz-11_4_3-Release
                   SDK MW+Nintendo+NintendoSdk_nnSdk-11_4_3-Release
                   SDK MW+Nintendo+NintendoSDK_NVN-11_4_3-Release
00:00:00.931 |I| Ptc Initialize: Initializing Profiled Persistent Translation Cache (enabled: True).
00:00:00.931 |I| Ptc Initialize: PPTC (v7009) Profile: 1.0.0-default
00:00:01.632 |I| Ptc Load: Loaded Translation Cache (size: 137364404 bytes, translated functions: 70880).
00:00:01.647 |I| Ptc Load: Loaded Profiling Info (size: 315891 bytes, profiled functions: 69229).
00:00:01.650 |I| Application ParseCapability: Application requested cores with index range 0 to 2
00:00:01.650 |I| Loader LoadNsos: Loading image 0 at 0x0000000008500000...
00:00:01.651 |I| Loader LoadNsos: Loading image 1 at 0x0000000008504000...
00:00:01.676 |I| Loader LoadNsos: Loading image 2 at 0x000000000d2bd000...
00:00:01.677 |I| Loader LoadNsos: Loading image 3 at 0x000000000d963000...
00:00:01.681 |I| ModLoader LoadCheats: Build ids found for application 0100000011D90000:
    6F8B1226CC8CD958021D6BFD226EBF23F892AB9B000000000000000000000000
    F87FC6075104EC4D9642A4AA6BB2221600000000000000000000000000000000
    507F19D1240D09D00992248E8A0FD77EBD784EB4000000000000000000000000
    2D369D9999E3E10E665106F840FFFF9BDAA0BB8E000000000000000000000000
00:00:01.683 |I| Application EnsureSaveData: Ensuring required savedata exists.
00:00:01.702 |I| Loader Start: Application Loaded: Pokémon Brilliant Diamond v1.0.0 [0100000011d90000] [64-bit]
00:00:01.738 |I| GUI.WindowThread Hid Configure: Configured Controller ProController to Player1
00:00:01.745 |I| GUI.WindowThread Hid SetupNpad: Connected Controller ProController to Player1
00:00:01.836 |N| GUI.RenderThread Gpu PrintGpuInformation: AMD Radeon 860M Graphics (RADV KRACKAN1) (Vulkan v1.4.335, Driver v26.0.1)
00:00:01.836 |N| GUI.RenderThread Gpu PrintGpuInformation: GPU Memory: 5429 MiB
00:00:01.842 |I| GPU.MainThread Gpu LoadShaders: Loading 3413 shaders from the cache...
00:00:03.668 |I| GPU.MainThread Gpu LoadShaders: Shader cache loaded.
00:00:04.233 |W| HLE.GuestThread.46 Cpu Allocate: JIT Cache Region 0 exhausted, creating new Cache Region 1 (512 MB Total Allocation).
00:00:04.606 |I| HLE.GuestThread.46 Ptc LoadTranslations: 69225 translated functions loaded
00:00:04.621 |I| HLE.GuestThread.46 Ptc MakeAndSaveTranslations: 0 of 4 functions translated | Thread count: 15
00:00:04.828 |I| HLE.GuestThread.46 Ptc MakeAndSaveTranslations: 4 of 4 functions translated in 0.0796192 seconds | 0 functions blacklisted | Thread count: 15
00:00:04.891 |S| HLE.OsThread.47 ServiceAm GetAppletResourceUserId: Stubbed. {appletResourceUserId: 1}
00:00:04.897 |S| HLE.OsThread.47 ServiceAm AcquireForegroundRights: Stubbed. 
00:00:04.898 |S| HLE.OsThread.47 ServiceAm SetFocusHandlingMode: Stubbed. {unknownFlag1: False ; unknownFlag2: False ; unknownFlag3: True}
00:00:04.898 |S| HLE.OsThread.47 ServiceAm SetOutOfFocusSuspendingEnabled: Stubbed. {outOfFocusSuspendingEnabled: False}
00:00:04.901 |S| HLE.OsThread.47 ServicePctl Initialize: Stubbed. 
00:00:04.923 |S| HLE.OsThread.4 ServiceNv FinishInitialize: Stubbed. 
00:00:04.927 |S| HLE.OsThread.47 ServiceAm SetRestartMessageEnabled: Stubbed. {restartMessageEnabled: True}
00:00:04.928 |S| HLE.OsThread.47 ServiceAm SetPerformanceModeChangedNotification: Stubbed. {performanceModeChangedNotification: True}
00:00:04.928 |S| HLE.OsThread.47 ServiceAm SetOperationModeChangedNotification: Stubbed. {operationModeChangedNotification: True}
00:00:05.169 |S| HLE.OsThread.1 ServiceBsd RegisterClient: Stubbed. 
00:00:05.169 |S| HLE.OsThread.1 ServiceBsd StartMonitoring: Stubbed. {unknown0: 0}
00:00:05.323 |S| HLE.OsThread.47 ServiceSsl SetInterfaceVersion: Stubbed. {interfaceVersion: 3}
00:00:05.330 |S| HLE.OsThread.3 ServiceHid ActivateTouchScreen: Stubbed. {appletResourceUserId: 1}
00:00:05.331 |S| HLE.OsThread.3 ServiceHid ActiveNpadImpl: Stubbed. {appletResourceUserId: 1 ; revision: 3}
00:00:05.331 |S| HLE.OsThread.3 ServiceHid SetSupportedNpadStyleSet: Stubbed. {pid: 127 ; appletResourceUserId: 1 ; type: ProController, Handheld, JoyconPair}
00:00:05.334 |S| HLE.OsThread.3 ServiceHid SetSupportedNpadIdType: Stubbed. 9 Players: Handheld,Player1,Player2,Player3,Player4,Player5,Player6,Player7,Player8
00:00:05.350 |S| HLE.OsThread.4 ServiceNv InitializeEx: Stubbed. 
00:00:05.361 |S| HLE.OsThread.4 ServiceNv GetActiveSlotMask: Stubbed. 
00:00:05.398 |S| HLE.OsThread.4 ServiceNv SetNvMapFd: Stubbed. 
00:00:05.399 |S| HLE.OsThread.4 ServiceNv AllocGpfifoEx2: Stubbed. 
00:00:05.399 |S| HLE.OsThread.4 ServiceNv AllocObjCtx: Stubbed. 
00:00:05.400 |S| HLE.OsThread.4 ServiceNv SetErrorNotifier: Stubbed. 
00:00:05.400 |S| HLE.OsThread.4 ServiceNv SetUserData: Stubbed. 
00:00:05.400 |S| HLE.OsThread.4 ServiceNv SetTimeout: Stubbed. 
00:00:05.400 |S| HLE.OsThread.4 ServiceNv SetTimeslice: Stubbed. 
00:00:05.401 |S| HLE.OsThread.4 ServiceNv ZcullBind: Stubbed. 
00:00:05.406 |I| HLE.OsThread.47 SurfaceFlinger CreateLayerFromId: Creating layer 1
00:00:05.406 |I| HLE.OsThread.47 SurfaceFlinger CreateLayerFromId: Creating layer 2
00:00:05.454 |I| HLE.OsThread.11 AudioRenderer AcquireSessionId: Registered new output (0)
00:00:05.475 |I| HLE.OsThread.11 Audio EnsureAudioStreamSetup: New audio stream setup with a target sample count of 1024
00:00:05.628 |S| HLE.OsThread.3 ServiceHid SetSupportedNpadIdType: Stubbed. 2 Players: Player1,Handheld
00:00:05.628 |S| HLE.OsThread.3 ServiceHid SetSupportedNpadStyleSet: Stubbed. {pid: 127 ; appletResourceUserId: 1 ; type: ProController, Handheld, JoyconPair}
00:00:05.824 |I| Ptc.DiskWriter Ptc Save: Saved Translation Cache (size: 137368584 bytes, translated functions: 70884).
00:00:08.019 |S| HLE.OsThread.47 ServiceAcc InitializeApplicationInfo: Stubbed. {TitleId: 72057594337361920}
00:00:08.020 |S| HLE.OsThread.47 ServiceAcc IsUserAccountSwitchLocked: Stubbed. 
00:00:12.437 |S| HLE.OsThread.47 ServiceAm SetFocusHandlingMode: Stubbed. {unknownFlag1: False ; unknownFlag2: False ; unknownFlag3: True}
00:00:12.437 |S| HLE.OsThread.47 ServiceAm SetOutOfFocusSuspendingEnabled: Stubbed. {outOfFocusSuspendingEnabled: False}
00:00:12.448 |I| HLE.OsThread.11 AudioRenderer AcquireSessionId: Registered new output (1)
00:00:12.467 |I| HLE.OsThread.11 Audio EnsureAudioStreamSetup: New audio stream setup with a target sample count of 1024
00:00:12.506 |S| HLE.OsThread.4 ServiceNv ZbcSetTable: Stubbed. 
00:00:12.506 |S| HLE.OsThread.4 ServiceNv GetActiveSlotMask: Stubbed. 
00:00:16.811 |S| HLE.OsThread.4 ServiceNv ZbcSetTable: Stubbed. 
00:00:16.811 |S| HLE.OsThread.4 ServiceNv GetActiveSlotMask: Stubbed. 
00:00:34.843 |I| Ptc.DiskWriter Ptc Save: Saved Profiling Info (size: 315902 bytes, profiled functions: 69231).
00:01:05.483 |S| HLE.OsThread.3 ServiceHid StartSixAxisSensor: Stubbed. {appletResourceUserId: 1 ; sixAxisSensorHandle: 131075}
00:01:09.905 |S| HLE.OsThread.4 ServiceNv ZbcSetTable: Stubbed. 
00:01:09.905 |S| HLE.OsThread.4 ServiceNv GetActiveSlotMask: Stubbed. 
00:01:29.705 |S| HLE.OsThread.47 ServiceAm LockExit: Stubbed. 
00:01:29.928 |S| HLE.OsThread.47 ServiceAm UnlockExit: Stubbed. 
00:01:34.836 |I| Ptc.DiskWriter Ptc Save: Saved Profiling Info (size: 315914 bytes, profiled functions: 69233).
00:02:04.836 |I| Ptc.DiskWriter Ptc Save: Saved Profiling Info (size: 316065 bytes, profiled functions: 69271).
00:02:10.164 |S| HLE.OsThread.47 ServiceAm LockExit: Stubbed. 
00:02:10.424 |S| HLE.OsThread.47 ServiceAm UnlockExit: Stubbed. 
00:02:34.837 |I| Ptc.DiskWriter Ptc Save: Saved Profiling Info (size: 316070 bytes, profiled functions: 69272).
00:05:08.847 |S| HLE.OsThread.4 ServiceNv ZbcSetTable: Stubbed. 
00:05:08.847 |S| HLE.OsThread.4 ServiceNv GetActiveSlotMask: Stubbed. 
00:05:08.851 |S| HLE.OsThread.4 ServiceNv ZbcSetTable: Stubbed. 
00:05:08.851 |S| HLE.OsThread.4 ServiceNv GetActiveSlotMask: Stubbed. 
00:05:34.836 |I| Ptc.DiskWriter Ptc Save: Saved Profiling Info (size: 316320 bytes, profiled functions: 69332).
00:07:39.663 |S| HLE.OsThread.47 ServiceAm LockExit: Stubbed. 
00:07:39.856 |S| HLE.OsThread.47 ServiceAm UnlockExit: Stubbed. 
00:08:12.398 |S| HLE.OsThread.47 ServiceAm LockExit: Stubbed. 
00:08:12.667 |S| HLE.OsThread.47 ServiceAm UnlockExit: Stubbed. 
00:10:04.837 |I| Ptc.DiskWriter Ptc Save: Saved Profiling Info (size: 316339 bytes, profiled functions: 69336).
00:10:34.836 |I| Ptc.DiskWriter Ptc Save: Saved Profiling Info (size: 316344 bytes, profiled functions: 69337).
00:13:04.838 |I| Ptc.DiskWriter Ptc Save: Saved Profiling Info (size: 316348 bytes, profiled functions: 69338).
00:13:34.835 |I| Ptc.DiskWriter Ptc Save: Saved Profiling Info (size: 316366 bytes, profiled functions: 69342).
00:14:04.836 |I| Ptc.DiskWriter Ptc Save: Saved Profiling Info (size: 316386 bytes, profiled functions: 69346).
00:15:34.844 |I| Ptc.DiskWriter Ptc Save: Saved Profiling Info (size: 316400 bytes, profiled functions: 69349).
00:16:04.839 |I| Ptc.DiskWriter Ptc Save: Saved Profiling Info (size: 316405 bytes, profiled functions: 69350).
00:17:30.884 |S| HLE.OsThread.4 ServiceNv ZbcSetTable: Stubbed. 
00:17:30.884 |S| HLE.OsThread.4 ServiceNv GetActiveSlotMask: Stubbed. 
00:17:34.836 |I| Ptc.DiskWriter Ptc Save: Saved Profiling Info (size: 316409 bytes, profiled functions: 69351).
00:18:04.836 |I| Ptc.DiskWriter Ptc Save: Saved Profiling Info (size: 316432 bytes, profiled functions: 69356).
00:18:34.838 |I| Ptc.DiskWriter Ptc Save: Saved Profiling Info (size: 316437 bytes, profiled functions: 69357).
00:19:34.837 |I| Ptc.DiskWriter Ptc Save: Saved Profiling Info (size: 316441 bytes, profiled functions: 69358).
00:20:04.836 |I| Ptc.DiskWriter Ptc Save: Saved Profiling Info (size: 316459 bytes, profiled functions: 69362).
00:22:04.836 |I| Ptc.DiskWriter Ptc Save: Saved Profiling Info (size: 316471 bytes, profiled functions: 69364).
00:23:34.836 |I| Ptc.DiskWriter Ptc Save: Saved Profiling Info (size: 316479 bytes, profiled functions: 69366).
00:28:18.269 |I| .NET TP Worker ServiceNifm LocalInterfaceCacheHandler: NetworkAddress changed, invalidating cached data.
00:28:49.804 |I| .NET TP Worker ServiceNifm LocalInterfaceCacheHandler: NetworkAddress changed, invalidating cached data.
00:49:17.972 |I| .NET TP Worker ServiceNifm LocalInterfaceCacheHandler: NetworkAddress changed, invalidating cached data.
00:49:32.900 |I| .NET TP Worker ServiceNifm LocalInterfaceCacheHandler: NetworkAddress changed, invalidating cached data.
01:04:04.837 |I| Ptc.DiskWriter Ptc Save: Saved Profiling Info (size: 316477 bytes, profiled functions: 69366).
01:05:04.841 |I| Ptc.DiskWriter Ptc Save: Saved Profiling Info (size: 316475 bytes, profiled functions: 69366).
01:05:18.201 |S| HLE.OsThread.47 ServiceAm LockExit: Stubbed. 
01:05:18.386 |S| HLE.OsThread.47 ServiceAm UnlockExit: Stubbed. 
01:05:32.465 |S| HLE.OsThread.47 ServiceAm LockExit: Stubbed. 
01:05:32.653 |S| HLE.OsThread.47 ServiceAm UnlockExit: Stubbed. 
01:05:52.337 |S| HLE.OsThread.47 ServiceAm LockExit: Stubbed. 
01:05:52.499 |S| HLE.OsThread.47 ServiceAm UnlockExit: Stubbed. 
01:06:45.902 |S| HLE.OsThread.47 ServiceAm LockExit: Stubbed. 
01:06:46.054 |S| HLE.OsThread.47 ServiceAm UnlockExit: Stubbed. 
01:07:04.836 |I| Ptc.DiskWriter Ptc Save: Saved Profiling Info (size: 316480 bytes, profiled functions: 69367).
01:07:34.836 |I| Ptc.DiskWriter Ptc Save: Saved Profiling Info (size: 316495 bytes, profiled functions: 69370).
01:08:35.959 |S| HLE.OsThread.47 ServiceAm LockExit: Stubbed. 
01:08:36.120 |S| HLE.OsThread.47 ServiceAm UnlockExit: Stubbed. 
01:08:38.122 |S| HLE.OsThread.47 ServiceAm LockExit: Stubbed. 
01:08:38.278 |S| HLE.OsThread.47 ServiceAm UnlockExit: Stubbed. 
01:09:04.837 |I| Ptc.DiskWriter Ptc Save: Saved Profiling Info (size: 316500 bytes, profiled functions: 69371).
01:09:52.986 |I| .NET TP Worker ServiceNifm LocalInterfaceCacheHandler: NetworkAddress changed, invalidating cached data.
01:10:04.992 |S| HLE.OsThread.47 ServiceAm LockExit: Stubbed. 
01:10:05.156 |S| HLE.OsThread.47 ServiceAm UnlockExit: Stubbed. 
01:10:16.426 |S| HLE.OsThread.47 ServiceAm LockExit: Stubbed. 
01:10:16.594 |S| HLE.OsThread.47 ServiceAm UnlockExit: Stubbed. 
01:10:34.835 |I| Ptc.DiskWriter Ptc Save: Saved Profiling Info (size: 316505 bytes, profiled functions: 69372).
01:11:02.668 |S| HLE.OsThread.47 ServiceAm LockExit: Stubbed. 
01:11:02.847 |S| HLE.OsThread.47 ServiceAm UnlockExit: Stubbed. 
01:11:06.022 |S| HLE.OsThread.47 ServiceAm LockExit: Stubbed. 
01:11:06.201 |S| HLE.OsThread.47 ServiceAm UnlockExit: Stubbed. 
01:12:04.840 |I| Ptc.DiskWriter Ptc Save: Saved Profiling Info (size: 316512 bytes, profiled functions: 69374).
01:12:34.836 |I| Ptc.DiskWriter Ptc Save: Saved Profiling Info (size: 316518 bytes, profiled functions: 69375).
01:13:04.834 |I| Ptc.DiskWriter Ptc Save: Saved Profiling Info (size: 316523 bytes, profiled functions: 69376).
01:14:57.728 |I| .NET TP Worker ServiceNifm LocalInterfaceCacheHandler: NetworkAddress changed, invalidating cached data.
01:16:16.134 |S| HLE.OsThread.47 ServiceAm LockExit: Stubbed. 
01:16:16.144 |S| HLE.OsThread.47 ServiceAm UnlockExit: Stubbed. 
01:16:21.482 |W| HLE.GuestThread.46 KernelSvc : WaitProcessWideKeyAtomic() = TerminationRequested
01:16:21.482 |W| HLE.GuestThread.48 KernelSvc : WaitSynchronization(handleIndex: 0xFFFFFFFF) = TerminationRequested
01:16:21.482 |W| HLE.GuestThread.49 KernelSvc : WaitProcessWideKeyAtomic() = TerminationRequested
01:16:21.482 |W| HLE.GuestThread.55 KernelSvc : WaitProcessWideKeyAtomic() = TerminationRequested
01:16:21.482 |W| HLE.GuestThread.50 KernelSvc : WaitProcessWideKeyAtomic() = TerminationRequested
01:16:21.482 |W| HLE.GuestThread.52 KernelSvc : WaitProcessWideKeyAtomic() = TerminationRequested
01:16:21.482 |W| HLE.GuestThread.71 KernelSvc : WaitProcessWideKeyAtomic() = TerminationRequested
01:16:21.482 |W| HLE.GuestThread.51 KernelSvc : WaitProcessWideKeyAtomic() = TerminationRequested
01:16:21.482 |W| HLE.GuestThread.54 KernelSvc : WaitProcessWideKeyAtomic() = TerminationRequested
01:16:21.482 |W| HLE.GuestThread.72 KernelSvc : WaitSynchronization(handleIndex: 0xFFFFFFFF) = TerminationRequested
01:16:21.482 |W| HLE.GuestThread.53 KernelSvc : WaitProcessWideKeyAtomic() = TerminationRequested
01:16:21.482 |W| HLE.GuestThread.56 KernelSvc : WaitProcessWideKeyAtomic() = TerminationRequested
01:16:21.482 |W| HLE.GuestThread.109 KernelSvc : WaitProcessWideKeyAtomic() = TerminationRequested
01:16:21.482 |W| HLE.GuestThread.57 KernelSvc : WaitProcessWideKeyAtomic() = TerminationRequested
01:16:21.482 |W| HLE.GuestThread.60 KernelSvc : WaitProcessWideKeyAtomic() = TerminationRequested
01:16:21.482 |W| HLE.GuestThread.108 KernelSvc : WaitProcessWideKeyAtomic() = TerminationRequested
01:16:21.482 |W| HLE.GuestThread.58 KernelSvc : WaitProcessWideKeyAtomic() = TerminationRequested
01:16:21.482 |W| HLE.GuestThread.64 KernelSvc : WaitProcessWideKeyAtomic() = TerminationRequested
01:16:21.482 |W| HLE.GuestThread.59 KernelSvc : WaitProcessWideKeyAtomic() = TerminationRequested
01:16:21.482 |W| HLE.GuestThread.65 KernelSvc : WaitProcessWideKeyAtomic() = TerminationRequested
01:16:21.482 |W| HLE.GuestThread.76 KernelSvc : WaitProcessWideKeyAtomic() = TerminationRequested
01:16:21.482 |W| HLE.GuestThread.61 KernelSvc : WaitProcessWideKeyAtomic() = TerminationRequested
01:16:21.482 |W| HLE.GuestThread.69 KernelSvc : WaitProcessWideKeyAtomic() = TerminationRequested
01:16:21.482 |W| HLE.GuestThread.74 KernelSvc : WaitSynchronization(handleIndex: 0xFFFFFFFF) = TerminationRequested
01:16:21.483 |W| HLE.GuestThread.73 KernelSvc : SendSyncRequest() = TerminationRequested
01:16:21.483 |W| HLE.GuestThread.70 KernelSvc : WaitProcessWideKeyAtomic() = TerminationRequested
01:16:21.483 |W| HLE.GuestThread.62 KernelSvc : WaitProcessWideKeyAtomic() = TerminationRequested
01:16:21.483 |W| HLE.GuestThread.68 KernelSvc : WaitProcessWideKeyAtomic() = TerminationRequested
01:16:21.483 |W| HLE.GuestThread.67 KernelSvc : WaitProcessWideKeyAtomic() = TerminationRequested
01:16:21.483 |W| HLE.GuestThread.63 KernelSvc : WaitProcessWideKeyAtomic() = TerminationRequested
01:16:21.483 |W| HLE.GuestThread.66 KernelSvc : WaitProcessWideKeyAtomic() = TerminationRequested
01:16:21.483 |W| HLE.GuestThread.77 KernelSvc : WaitProcessWideKeyAtomic() = TerminationRequested
01:16:21.483 |W| HLE.GuestThread.78 KernelSvc : WaitProcessWideKeyAtomic() = TerminationRequested
01:16:21.483 |W| HLE.GuestThread.79 KernelSvc : WaitProcessWideKeyAtomic() = TerminationRequested
01:16:21.483 |W| HLE.GuestThread.80 KernelSvc : WaitProcessWideKeyAtomic() = TerminationRequested
01:16:21.483 |W| HLE.GuestThread.81 KernelSvc : WaitProcessWideKeyAtomic() = TerminationRequested
01:16:21.485 |E| HLE.OsThread.7 SurfaceFlinger DequeueBuffer: No available buffer slots
01:16:21.487 |E| HLE.OsThread.7 SurfaceFlinger OnTransact: Error returned by transaction DequeueBuffer: Busy
01:16:21.529 |I| HLE.OsThread.11 AudioRenderer ReleaseSessionId: Unregistered output (0)
01:16:21.576 |I| HLE.OsThread.11 AudioRenderer ReleaseSessionId: Unregistered output (1)
01:16:21.594 |W| GUI.WindowThread ServiceNv Close: Closing channel
01:16:22.071 |N| GUI.RenderThread Application ReloadConfig: Loading configuration from: /home/[redacted]/.config/Ryujinx/Config.json
