00:00:00.316 |I| Configuration LogValueChange: ResScale set to: 1
00:00:00.333 |I| Configuration LogValueChange: ResScaleCustom set to: 1
00:00:00.333 |I| Configuration LogValueChange: MaxAnisotropy set to: -1
00:00:00.334 |I| Configuration LogValueChange: AspectRatio set to: Fixed16x9
00:00:00.335 |I| Configuration LogValueChange: PreferredGpu set to: 0x1002_0x1114
00:00:00.335 |I| Configuration LogValueChange: ScalingFilterLevel set to: 80
00:00:00.336 |I| Configuration LogValueChange: CustomVSyncInterval set to: 120
00:00:00.336 |I| Configuration LogValueChange: EnableShaderCache set to: True
00:00:00.336 |I| Configuration LogValueChange: EnableMacroHLE set to: True
00:00:00.337 |I| Configuration LogValueChange: Language set to: AmericanEnglish
00:00:00.337 |I| Configuration LogValueChange: Region set to: USA
00:00:00.337 |I| Configuration LogValueChange: TimeZone set to: UTC
00:00:00.340 |I| Configuration LogValueChange: SystemTimeOffset set to: -37
00:00:00.340 |I| Configuration LogValueChange: EnableDockedMode set to: True
00:00:00.340 |I| Configuration LogValueChange: EnablePtc set to: True
00:00:00.343 |I| Configuration LogValueChange: TickScalar set to: 50
00:00:00.343 |I| Configuration LogValueChange: EnableFsIntegrityChecks set to: True
00:00:00.344 |I| Configuration LogValueChange: AudioBackend set to: SDL2
00:00:00.344 |I| Configuration LogValueChange: AudioVolume set to: 1
00:00:00.345 |I| Configuration LogValueChange: MemoryManagerMode set to: HostMappedUnsafe
00:00:00.346 |I| Configuration LogValueChange: UseHypervisor set to: True
00:00:00.348 |I| Configuration LogValueChange: LdnPassphrase set to: 
00:00:00.348 |I| Configuration LogValueChange: LdnServer set to: 
00:00:00.348 |I| Configuration LogValueChange: GdbStubPort set to: 55555
00:00:00.360 |W| Application GetActualScaleFactor: Couldn't determine monitor DPI: Wayland not yet supported
00:00:00.360 |N| Application PrintSystemInfo:    ___                 __    _              
00:00:00.360 |N| Application PrintSystemInfo:   / _ \  __ __ __ __  / /   (_)  ___   ___ _
00:00:00.360 |N| Application PrintSystemInfo:  / , _/ / // // // / / _ \ / /  / _ \ / _ `/
00:00:00.360 |N| Application PrintSystemInfo: /_/|_|  \_, / \_,_/ /_.__//_/  /_//_/ \_, / 
00:00:00.360 |N| Application PrintSystemInfo:        /___/                         /___/  
00:00:00.360 |N| Application PrintSystemInfo: Ryujinx Version: 1.3.3
00:00:00.360 |N| Application PrintSystemInfo: .NET Runtime: .NET 9.0.9
00:00:00.374 |N| Application PrintSystemInfo: Operating System: Arch Linux (X64)
00:00:00.374 |N| Application PrintSystemInfo: CPU: AMD Ryzen AI 7 350 w/ Radeon 860M ; 16 logical
00:00:00.377 |N| Application PrintSystemInfo: RAM: Total 14.9 GiB ; Available 11.1 GiB
00:00:00.381 |N| Application PrintSystemInfo: Logs Enabled: Info, Warning, Error, Guest, Stub
00:00:00.382 |N| Application PrintSystemInfo: Launch Mode: UserProfile
00:00:00.682 |E| .NET TP Worker ATTENTION: default value of option mesa_glthread overridden by environment.
00:00:00.739 |E| .NET TP Worker ATTENTION: default value of option mesa_glthread overridden by environment.
00:00:00.742 |E| .NET TP Worker ATTENTION: default value of option mesa_glthread overridden by environment.
00:00:04.906 |I| Application QueryLatestAsync: Checking for updates from: https://update.ryujinx.app/latest/query?os=linux&arch=amd64&rc=stable
00:00:05.088 |E| .NET TP Worker ATTENTION: default value of option mesa_glthread overridden by environment.
00:00:05.838 |I| Application BeginUpdateAsync: Up to date.
00:00:00.082 |I| Gpu : Backend Threading (Auto): True
00:00:00.297 |N| Application LoadGuestApplication: Using Firmware Version: 19.0.1
00:00:00.298 |N| Application LoadGuestApplication: Loading content archive from '/home/[redacted]/Downloads/Games/Pokemon Brilliant Diamond [0100000011D90000][v0].nsp'.
00:00:00.298 |I| Application LoadGuestApplication: Loading as NSP.
00:00:00.321 |I| ModLoader QueryContentsDir: Searching mods for Application 0100000011D90000 in "/home/[redacted]/.config/Ryujinx/mods/contents"
00:00:00.322 |I| ModLoader QueryContentsDir: Searching mods for Application 0100000011D90000 in "/home/[redacted]/.config/Ryujinx/sdcard/atmosphere/contents"
00:00:00.326 |I| Loader Load: Loading rtld...
00:00:00.341 |I| Loader PrintRoSectionInfo: rtld:
    Module: nnrtld
00:00:00.341 |I| Loader Load: Loading main...
00:00:00.782 |I| Loader PrintRoSectionInfo: main:
    Module: F:\JenkinsWorkSpace\workspace\BuildRom_Launch\unity_project\Dpr\SwitchIL2CPPCache\il2cpp_cache\linkresult_22F671898E59E8B9B3F93C78532B1E40\SwitchPlayer.nss
    SDK Libraries: SDK MW+UnityTechnologies+Unity-2019_4_27_f1
                   SDK MW+Nintendo+NintendoSDK_libcurl-11_4_3-Release
                   SDK MW+Nintendo+NintendoSDK_libz-11_4_3-Release
                   SDK MW+Nintendo+NEX-4_6_11-appdl
                   SDK MW+Nintendo+PIA_UNITY-0.33.0
                   SDK MW+Nintendo+PiaSession-5_37_0
                   SDK MW+Nintendo+PiaTransport-5_37_0
                   SDK MW+Nintendo+NEX_DS-4_6_11
                   SDK MW+Nintendo+NEX_R2-4_6_11
                   SDK MW+Nintendo+NEX_RK-4_6_11
                   SDK MW+Nintendo+NEX_CO-4_6_11
                   SDK MW+Nintendo+NEX_SS-4_6_11
                   SDK MW+Nintendo+NEX_UT-4_6_11
                   SDK MW+Nintendo+PiaCommon-5_37_0
                   SDK MW+Nintendo+Pia-5_37_0_58082
                   SDK MW+Nintendo+PiaFramework-5_37_0
                   SDK MW+Nintendo+PiaLan-5_37_0
                   SDK MW+Nintendo+PiaLocal-5_37_0
                   SDK MW+Nintendo+PiaNex-5_37_0-forNEX-4_6_5
                   SDK MW+Nintendo+PiaReckoning-5_37_0
                   SDK MW+Nintendo+PiaSync-5_37_0
                   SDK MW+Nintendo+NEX_MM-4_6_11
                   SDK MW+Nintendo+PiaClone-5_37_0
00:00:00.782 |I| Loader Load: Loading subsdk0...
00:00:00.806 |I| Loader PrintRoSectionInfo: subsdk0:
    Module: multimedia
    SDK Libraries: SDK MW+Nintendo+NintendoSDK_movie-11_4_3-Release
00:00:00.806 |I| Loader Load: Loading sdk...
00:00:00.855 |I| Loader PrintRoSectionInfo: sdk:
    Module: nnSdk
    FS SDK Version: 11.4.3
    SDK Libraries: SDK MW+Nintendo+NintendoSDK_libz-11_4_3-Release
                   SDK MW+Nintendo+NintendoSdk_nnSdk-11_4_3-Release
                   SDK MW+Nintendo+NintendoSDK_NVN-11_4_3-Release
00:00:00.936 |I| Ptc Initialize: Initializing Profiled Persistent Translation Cache (enabled: True).
00:00:00.936 |I| Ptc Initialize: PPTC (v7009) Profile: 1.0.0-default
00:00:01.611 |I| Ptc Load: Loaded Translation Cache (size: 132003939 bytes, translated functions: 68307).
00:00:01.624 |I| Ptc Load: Loaded Profiling Info (size: 308526 bytes, profiled functions: 67765).
00:00:01.627 |I| Application ParseCapability: Application requested cores with index range 0 to 2
00:00:01.628 |I| Loader LoadNsos: Loading image 0 at 0x0000000008500000...
00:00:01.628 |I| Loader LoadNsos: Loading image 1 at 0x0000000008504000...
00:00:01.653 |I| Loader LoadNsos: Loading image 2 at 0x000000000d2bd000...
00:00:01.654 |I| Loader LoadNsos: Loading image 3 at 0x000000000d963000...
00:00:01.657 |I| ModLoader LoadCheats: Build ids found for application 0100000011D90000:
    6F8B1226CC8CD958021D6BFD226EBF23F892AB9B000000000000000000000000
    F87FC6075104EC4D9642A4AA6BB2221600000000000000000000000000000000
    507F19D1240D09D00992248E8A0FD77EBD784EB4000000000000000000000000
    2D369D9999E3E10E665106F840FFFF9BDAA0BB8E000000000000000000000000
00:00:01.660 |I| Application EnsureSaveData: Ensuring required savedata exists.
00:00:01.679 |I| Loader Start: Application Loaded: Pokémon Brilliant Diamond v1.0.0 [0100000011d90000] [64-bit]
00:00:01.721 |I| GUI.WindowThread Hid Configure: Configured Controller ProController to Player1
00:00:01.729 |I| GUI.WindowThread Hid SetupNpad: Connected Controller ProController to Player1
00:00:01.826 |N| GUI.RenderThread Gpu PrintGpuInformation: AMD Radeon 860M Graphics (RADV KRACKAN1) (Vulkan v1.4.335, Driver v26.0.1)
00:00:01.826 |N| GUI.RenderThread Gpu PrintGpuInformation: GPU Memory: 5429 MiB
00:00:01.832 |I| GPU.MainThread Gpu LoadShaders: Loading 3343 shaders from the cache...
00:00:03.781 |I| GPU.MainThread Gpu LoadShaders: Shader cache loaded.
00:00:04.304 |W| HLE.GuestThread.46 Cpu Allocate: JIT Cache Region 0 exhausted, creating new Cache Region 1 (512 MB Total Allocation).
00:00:04.666 |I| HLE.GuestThread.46 Ptc LoadTranslations: 67592 translated functions loaded
00:00:04.681 |I| HLE.GuestThread.46 Ptc MakeAndSaveTranslations: 0 of 173 functions translated | Thread count: 15
00:00:05.524 |I| HLE.GuestThread.46 Ptc MakeAndSaveTranslations: 173 of 173 functions translated in 0.7061173 seconds | 0 functions blacklisted | Thread count: 15
00:00:05.599 |S| HLE.OsThread.47 ServiceAm GetAppletResourceUserId: Stubbed. {appletResourceUserId: 1}
00:00:05.609 |S| HLE.OsThread.47 ServiceAm AcquireForegroundRights: Stubbed. 
00:00:05.610 |S| HLE.OsThread.47 ServiceAm SetFocusHandlingMode: Stubbed. {unknownFlag1: False ; unknownFlag2: False ; unknownFlag3: True}
00:00:05.610 |S| HLE.OsThread.47 ServiceAm SetOutOfFocusSuspendingEnabled: Stubbed. {outOfFocusSuspendingEnabled: False}
00:00:05.617 |S| HLE.OsThread.47 ServicePctl Initialize: Stubbed. 
00:00:05.641 |S| HLE.OsThread.4 ServiceNv FinishInitialize: Stubbed. 
00:00:05.645 |S| HLE.OsThread.47 ServiceAm SetRestartMessageEnabled: Stubbed. {restartMessageEnabled: True}
00:00:05.646 |S| HLE.OsThread.47 ServiceAm SetPerformanceModeChangedNotification: Stubbed. {performanceModeChangedNotification: True}
00:00:05.646 |S| HLE.OsThread.47 ServiceAm SetOperationModeChangedNotification: Stubbed. {operationModeChangedNotification: True}
00:00:05.902 |S| HLE.OsThread.1 ServiceBsd RegisterClient: Stubbed. 
00:00:05.903 |S| HLE.OsThread.1 ServiceBsd StartMonitoring: Stubbed. {unknown0: 0}
00:00:06.047 |S| HLE.OsThread.47 ServiceSsl SetInterfaceVersion: Stubbed. {interfaceVersion: 3}
00:00:06.054 |S| HLE.OsThread.3 ServiceHid ActivateTouchScreen: Stubbed. {appletResourceUserId: 1}
00:00:06.055 |S| HLE.OsThread.3 ServiceHid ActiveNpadImpl: Stubbed. {appletResourceUserId: 1 ; revision: 3}
00:00:06.055 |S| HLE.OsThread.3 ServiceHid SetSupportedNpadStyleSet: Stubbed. {pid: 127 ; appletResourceUserId: 1 ; type: ProController, Handheld, JoyconPair}
00:00:06.056 |I| GUI.WindowThread Hid SetupNpad: Disconnected Controller ProController from Player1
00:00:06.057 |S| HLE.OsThread.3 ServiceHid SetSupportedNpadIdType: Stubbed. 9 Players: Handheld,Player1,Player2,Player3,Player4,Player5,Player6,Player7,Player8
00:00:06.058 |W| GUI.WindowThread Hid Remap: No matching controllers found. Application requests 'ProController, Handheld, JoyconPair' on 'Player1, Player2, Player3, Player4, Player5, Player6, Player7, Player8, Handheld'
00:00:06.059 |I| GUI.WindowThread Hid SetupNpad: Connected Controller ProController to Player1
00:00:06.070 |S| HLE.OsThread.4 ServiceNv InitializeEx: Stubbed. 
00:00:06.079 |S| HLE.OsThread.4 ServiceNv GetActiveSlotMask: Stubbed. 
00:00:06.109 |S| HLE.OsThread.4 ServiceNv SetNvMapFd: Stubbed. 
00:00:06.110 |S| HLE.OsThread.4 ServiceNv AllocGpfifoEx2: Stubbed. 
00:00:06.110 |S| HLE.OsThread.4 ServiceNv AllocObjCtx: Stubbed. 
00:00:06.111 |S| HLE.OsThread.4 ServiceNv SetErrorNotifier: Stubbed. 
00:00:06.111 |S| HLE.OsThread.4 ServiceNv SetUserData: Stubbed. 
00:00:06.111 |S| HLE.OsThread.4 ServiceNv SetTimeout: Stubbed. 
00:00:06.111 |S| HLE.OsThread.4 ServiceNv SetTimeslice: Stubbed. 
00:00:06.112 |S| HLE.OsThread.4 ServiceNv ZcullBind: Stubbed. 
00:00:06.114 |I| HLE.OsThread.47 SurfaceFlinger CreateLayerFromId: Creating layer 1
00:00:06.115 |I| HLE.OsThread.47 SurfaceFlinger CreateLayerFromId: Creating layer 2
00:00:06.150 |I| HLE.OsThread.11 AudioRenderer AcquireSessionId: Registered new output (0)
00:00:06.173 |I| HLE.OsThread.11 Audio EnsureAudioStreamSetup: New audio stream setup with a target sample count of 1024
00:00:06.319 |S| HLE.OsThread.3 ServiceHid SetSupportedNpadIdType: Stubbed. 2 Players: Player1,Handheld
00:00:06.319 |S| HLE.OsThread.3 ServiceHid SetSupportedNpadStyleSet: Stubbed. {pid: 127 ; appletResourceUserId: 1 ; type: ProController, Handheld, JoyconPair}
00:00:06.532 |I| Ptc.DiskWriter Ptc Save: Saved Translation Cache (size: 132819621 bytes, translated functions: 68480).
00:00:08.928 |S| HLE.OsThread.47 ServiceAcc InitializeApplicationInfo: Stubbed. {TitleId: 72057594337361920}
00:00:08.930 |S| HLE.OsThread.47 ServiceAcc IsUserAccountSwitchLocked: Stubbed. 
00:00:13.508 |S| HLE.OsThread.47 ServiceAm SetFocusHandlingMode: Stubbed. {unknownFlag1: False ; unknownFlag2: False ; unknownFlag3: True}
00:00:13.509 |S| HLE.OsThread.47 ServiceAm SetOutOfFocusSuspendingEnabled: Stubbed. {outOfFocusSuspendingEnabled: False}
00:00:13.519 |I| HLE.OsThread.11 AudioRenderer AcquireSessionId: Registered new output (1)
00:00:13.537 |I| HLE.OsThread.11 Audio EnsureAudioStreamSetup: New audio stream setup with a target sample count of 1024
00:00:13.569 |S| HLE.OsThread.4 ServiceNv ZbcSetTable: Stubbed. 
00:00:13.569 |S| HLE.OsThread.4 ServiceNv GetActiveSlotMask: Stubbed. 
00:00:16.986 |S| HLE.OsThread.4 ServiceNv ZbcSetTable: Stubbed. 
00:00:16.986 |S| HLE.OsThread.4 ServiceNv GetActiveSlotMask: Stubbed. 
00:00:35.542 |I| Ptc.DiskWriter Ptc Save: Saved Profiling Info (size: 308582 bytes, profiled functions: 67776).
00:02:46.891 |S| HLE.OsThread.3 ServiceHid StartSixAxisSensor: Stubbed. {appletResourceUserId: 1 ; sixAxisSensorHandle: 131075}
00:02:51.079 |S| HLE.OsThread.4 ServiceNv ZbcSetTable: Stubbed. 
00:02:51.079 |S| HLE.OsThread.4 ServiceNv GetActiveSlotMask: Stubbed. 
00:02:51.296 |S| HLE.OsThread.4 ServiceNv ZbcSetTable: Stubbed. 
00:02:51.296 |S| HLE.OsThread.4 ServiceNv GetActiveSlotMask: Stubbed. 
00:03:05.534 |I| Ptc.DiskWriter Ptc Save: Saved Profiling Info (size: 308596 bytes, profiled functions: 67779).
00:03:35.535 |I| Ptc.DiskWriter Ptc Save: Saved Profiling Info (size: 308601 bytes, profiled functions: 67780).
00:03:40.474 |S| HLE.OsThread.4 ServiceNv ZbcSetTable: Stubbed. 
00:03:40.474 |S| HLE.OsThread.4 ServiceNv GetActiveSlotMask: Stubbed. 
00:03:40.478 |S| HLE.OsThread.4 ServiceNv ZbcSetTable: Stubbed. 
00:03:40.478 |S| HLE.OsThread.4 ServiceNv GetActiveSlotMask: Stubbed. 
00:04:05.533 |I| Ptc.DiskWriter Ptc Save: Saved Profiling Info (size: 308985 bytes, profiled functions: 67873).
00:04:35.533 |I| Ptc.DiskWriter Ptc Save: Saved Profiling Info (size: 308994 bytes, profiled functions: 67875).
00:05:05.534 |I| Ptc.DiskWriter Ptc Save: Saved Profiling Info (size: 309050 bytes, profiled functions: 67887).
00:05:35.533 |I| Ptc.DiskWriter Ptc Save: Saved Profiling Info (size: 309045 bytes, profiled functions: 67887).
00:08:35.531 |I| Ptc.DiskWriter Ptc Save: Saved Profiling Info (size: 309049 bytes, profiled functions: 67888).
00:09:05.534 |I| Ptc.DiskWriter Ptc Save: Saved Profiling Info (size: 309054 bytes, profiled functions: 67889).
00:09:35.537 |I| Ptc.DiskWriter Ptc Save: Saved Profiling Info (size: 309057 bytes, profiled functions: 67890).
00:10:05.533 |I| Ptc.DiskWriter Ptc Save: Saved Profiling Info (size: 309066 bytes, profiled functions: 67892).
00:10:35.534 |I| Ptc.DiskWriter Ptc Save: Saved Profiling Info (size: 309095 bytes, profiled functions: 67898).
00:11:05.532 |I| Ptc.DiskWriter Ptc Save: Saved Profiling Info (size: 309121 bytes, profiled functions: 67904).
00:11:35.533 |I| Ptc.DiskWriter Ptc Save: Saved Profiling Info (size: 309156 bytes, profiled functions: 67911).
00:12:05.533 |I| Ptc.DiskWriter Ptc Save: Saved Profiling Info (size: 309255 bytes, profiled functions: 67933).
00:12:35.539 |I| Ptc.DiskWriter Ptc Save: Saved Profiling Info (size: 309260 bytes, profiled functions: 67934).
00:13:05.532 |I| Ptc.DiskWriter Ptc Save: Saved Profiling Info (size: 309270 bytes, profiled functions: 67936).
00:13:35.532 |I| Ptc.DiskWriter Ptc Save: Saved Profiling Info (size: 309295 bytes, profiled functions: 67941).
00:14:05.533 |I| Ptc.DiskWriter Ptc Save: Saved Profiling Info (size: 309342 bytes, profiled functions: 67950).
00:15:05.531 |I| Ptc.DiskWriter Ptc Save: Saved Profiling Info (size: 309347 bytes, profiled functions: 67951).
00:15:19.990 |S| HLE.OsThread.47 ServiceAm LockExit: Stubbed. 
00:15:20.001 |S| HLE.OsThread.4 ServiceNv ZbcSetTable: Stubbed. 
00:15:20.001 |S| HLE.OsThread.4 ServiceNv GetActiveSlotMask: Stubbed. 
00:15:20.153 |S| HLE.OsThread.47 ServiceAm UnlockExit: Stubbed. 
00:15:20.161 |S| HLE.OsThread.4 ServiceNv ZbcSetTable: Stubbed. 
00:15:20.161 |S| HLE.OsThread.4 ServiceNv GetActiveSlotMask: Stubbed. 
00:15:35.533 |I| Ptc.DiskWriter Ptc Save: Saved Profiling Info (size: 309357 bytes, profiled functions: 67953).
00:25:43.340 |I| .NET TP Worker ServiceNifm LocalInterfaceCacheHandler: NetworkAddress changed, invalidating cached data.
00:28:33.746 |S| HLE.OsThread.4 ServiceNv ZbcSetTable: Stubbed. 
00:28:33.746 |S| HLE.OsThread.4 ServiceNv GetActiveSlotMask: Stubbed. 
00:28:33.780 |S| HLE.OsThread.4 ServiceNv ZbcSetTable: Stubbed. 
00:28:33.780 |S| HLE.OsThread.4 ServiceNv GetActiveSlotMask: Stubbed. 
00:28:33.813 |S| HLE.OsThread.4 ServiceNv ZbcSetTable: Stubbed. 
00:28:33.813 |S| HLE.OsThread.4 ServiceNv GetActiveSlotMask: Stubbed. 
00:28:33.846 |S| HLE.OsThread.4 ServiceNv ZbcSetTable: Stubbed. 
00:28:33.847 |S| HLE.OsThread.4 ServiceNv GetActiveSlotMask: Stubbed. 
00:32:00.297 |I| .NET TP Worker ServiceNifm LocalInterfaceCacheHandler: NetworkAddress changed, invalidating cached data.
00:32:24.009 |I| .NET TP Worker ServiceNifm LocalInterfaceCacheHandler: NetworkAddress changed, invalidating cached data.
00:32:41.655 |S| HLE.OsThread.47 ServiceAm LockExit: Stubbed. 
00:32:41.986 |S| HLE.OsThread.47 ServiceAm UnlockExit: Stubbed. 
00:41:23.752 |S| HLE.OsThread.47 ServiceAm LockExit: Stubbed. 
00:41:23.762 |S| HLE.OsThread.47 ServiceAm UnlockExit: Stubbed. 
00:41:35.532 |I| Ptc.DiskWriter Ptc Save: Saved Profiling Info (size: 309376 bytes, profiled functions: 67957).
00:41:37.674 |W| HLE.GuestThread.49 KernelSvc : WaitProcessWideKeyAtomic() = TerminationRequested
00:41:37.674 |W| HLE.GuestThread.46 KernelSvc : WaitProcessWideKeyAtomic() = TerminationRequested
00:41:37.674 |W| HLE.GuestThread.48 KernelSvc : WaitSynchronization(handleIndex: 0xFFFFFFFF) = TerminationRequested
00:41:37.674 |W| HLE.GuestThread.52 KernelSvc : WaitProcessWideKeyAtomic() = TerminationRequested
00:41:37.674 |W| HLE.GuestThread.50 KernelSvc : WaitProcessWideKeyAtomic() = TerminationRequested
00:41:37.674 |W| HLE.GuestThread.70 KernelSvc : WaitProcessWideKeyAtomic() = TerminationRequested
00:41:37.674 |W| HLE.GuestThread.51 KernelSvc : WaitProcessWideKeyAtomic() = TerminationRequested
00:41:37.674 |W| HLE.GuestThread.53 KernelSvc : WaitProcessWideKeyAtomic() = TerminationRequested
00:41:37.674 |W| HLE.GuestThread.71 KernelSvc : WaitProcessWideKeyAtomic() = TerminationRequested
00:41:37.674 |W| HLE.GuestThread.57 KernelSvc : WaitProcessWideKeyAtomic() = TerminationRequested
00:41:37.674 |W| HLE.GuestThread.69 KernelSvc : WaitProcessWideKeyAtomic() = TerminationRequested
00:41:37.674 |W| HLE.GuestThread.54 KernelSvc : WaitProcessWideKeyAtomic() = TerminationRequested
00:41:37.674 |W| HLE.GuestThread.89 KernelSvc : WaitProcessWideKeyAtomic() = TerminationRequested
00:41:37.674 |W| HLE.GuestThread.55 KernelSvc : WaitProcessWideKeyAtomic() = TerminationRequested
00:41:37.674 |W| HLE.GuestThread.72 KernelSvc : WaitSynchronization(handleIndex: 0xFFFFFFFF) = TerminationRequested
00:41:37.674 |W| HLE.GuestThread.76 KernelSvc : WaitProcessWideKeyAtomic() = TerminationRequested
00:41:37.674 |W| HLE.GuestThread.56 KernelSvc : WaitProcessWideKeyAtomic() = TerminationRequested
00:41:37.674 |W| HLE.GuestThread.73 KernelSvc : SendSyncRequest() = TerminationRequested
00:41:37.674 |W| HLE.GuestThread.58 KernelSvc : WaitProcessWideKeyAtomic() = TerminationRequested
00:41:37.674 |W| HLE.GuestThread.68 KernelSvc : WaitProcessWideKeyAtomic() = TerminationRequested
00:41:37.674 |W| HLE.GuestThread.74 KernelSvc : WaitSynchronization(handleIndex: 0xFFFFFFFF) = TerminationRequested
00:41:37.674 |W| HLE.GuestThread.67 KernelSvc : WaitProcessWideKeyAtomic() = TerminationRequested
00:41:37.674 |W| HLE.GuestThread.59 KernelSvc : WaitProcessWideKeyAtomic() = TerminationRequested
00:41:37.674 |W| HLE.GuestThread.66 KernelSvc : WaitProcessWideKeyAtomic() = TerminationRequested
00:41:37.674 |W| HLE.GuestThread.60 KernelSvc : WaitProcessWideKeyAtomic() = TerminationRequested
00:41:37.674 |W| HLE.GuestThread.65 KernelSvc : WaitProcessWideKeyAtomic() = TerminationRequested
00:41:37.674 |W| HLE.GuestThread.64 KernelSvc : WaitProcessWideKeyAtomic() = TerminationRequested
00:41:37.674 |W| HLE.GuestThread.63 KernelSvc : WaitProcessWideKeyAtomic() = TerminationRequested
00:41:37.674 |W| HLE.GuestThread.61 KernelSvc : WaitProcessWideKeyAtomic() = TerminationRequested
00:41:37.674 |W| HLE.GuestThread.62 KernelSvc : WaitProcessWideKeyAtomic() = TerminationRequested
00:41:37.674 |W| HLE.GuestThread.77 KernelSvc : WaitProcessWideKeyAtomic() = TerminationRequested
00:41:37.674 |W| HLE.GuestThread.78 KernelSvc : WaitProcessWideKeyAtomic() = TerminationRequested
00:41:37.674 |W| HLE.GuestThread.79 KernelSvc : WaitProcessWideKeyAtomic() = TerminationRequested
00:41:37.674 |W| HLE.GuestThread.80 KernelSvc : WaitProcessWideKeyAtomic() = TerminationRequested
00:41:37.674 |W| HLE.GuestThread.81 KernelSvc : WaitProcessWideKeyAtomic() = TerminationRequested
00:41:37.678 |E| HLE.OsThread.7 SurfaceFlinger DequeueBuffer: No available buffer slots
00:41:37.680 |E| HLE.OsThread.7 SurfaceFlinger OnTransact: Error returned by transaction DequeueBuffer: Busy
00:41:37.723 |I| HLE.OsThread.11 AudioRenderer ReleaseSessionId: Unregistered output (0)
00:41:37.770 |I| HLE.OsThread.11 AudioRenderer ReleaseSessionId: Unregistered output (1)
00:41:37.793 |W| GUI.WindowThread ServiceNv Close: Closing channel
00:41:38.062 |N| GUI.RenderThread Application ReloadConfig: Loading configuration from: /home/[redacted]/.config/Ryujinx/Config.json
