00:00:00.287 |I| Configuration LogValueChange: ResScale set to: 1
00:00:00.304 |I| Configuration LogValueChange: ResScaleCustom set to: 1
00:00:00.304 |I| Configuration LogValueChange: MaxAnisotropy set to: -1
00:00:00.305 |I| Configuration LogValueChange: AspectRatio set to: Fixed16x9
00:00:00.306 |I| Configuration LogValueChange: PreferredGpu set to: 0x1002_0x1114
00:00:00.307 |I| Configuration LogValueChange: ScalingFilterLevel set to: 80
00:00:00.307 |I| Configuration LogValueChange: CustomVSyncInterval set to: 120
00:00:00.307 |I| Configuration LogValueChange: EnableShaderCache set to: True
00:00:00.307 |I| Configuration LogValueChange: EnableMacroHLE set to: True
00:00:00.308 |I| Configuration LogValueChange: Language set to: AmericanEnglish
00:00:00.309 |I| Configuration LogValueChange: Region set to: USA
00:00:00.309 |I| Configuration LogValueChange: TimeZone set to: UTC
00:00:00.312 |I| Configuration LogValueChange: SystemTimeOffset set to: -37
00:00:00.312 |I| Configuration LogValueChange: EnableDockedMode set to: True
00:00:00.312 |I| Configuration LogValueChange: EnablePtc set to: True
00:00:00.313 |I| Configuration LogValueChange: TickScalar set to: 50
00:00:00.313 |I| Configuration LogValueChange: EnableFsIntegrityChecks set to: True
00:00:00.314 |I| Configuration LogValueChange: AudioBackend set to: SDL2
00:00:00.314 |I| Configuration LogValueChange: AudioVolume set to: 1
00:00:00.315 |I| Configuration LogValueChange: MemoryManagerMode set to: HostMappedUnsafe
00:00:00.316 |I| Configuration LogValueChange: UseHypervisor set to: True
00:00:00.318 |I| Configuration LogValueChange: LdnPassphrase set to: 
00:00:00.318 |I| Configuration LogValueChange: LdnServer set to: 
00:00:00.319 |I| Configuration LogValueChange: GdbStubPort set to: 55555
00:00:00.330 |W| Application GetActualScaleFactor: Couldn't determine monitor DPI: Wayland not yet supported
00:00:00.330 |N| Application PrintSystemInfo:    ___                 __    _              
00:00:00.330 |N| Application PrintSystemInfo:   / _ \  __ __ __ __  / /   (_)  ___   ___ _
00:00:00.330 |N| Application PrintSystemInfo:  / , _/ / // // // / / _ \ / /  / _ \ / _ `/
00:00:00.330 |N| Application PrintSystemInfo: /_/|_|  \_, / \_,_/ /_.__//_/  /_//_/ \_, / 
00:00:00.330 |N| Application PrintSystemInfo:        /___/                         /___/  
00:00:00.330 |N| Application PrintSystemInfo: Ryujinx Version: 1.3.3
00:00:00.330 |N| Application PrintSystemInfo: .NET Runtime: .NET 9.0.9
00:00:00.344 |N| Application PrintSystemInfo: Operating System: Arch Linux (X64)
00:00:00.344 |N| Application PrintSystemInfo: CPU: AMD Ryzen AI 7 350 w/ Radeon 860M ; 16 logical
00:00:00.348 |N| Application PrintSystemInfo: RAM: Total 14.9 GiB ; Available 9.8 GiB
00:00:00.352 |N| Application PrintSystemInfo: Logs Enabled: Info, Warning, Error, Guest, Stub
00:00:00.352 |N| Application PrintSystemInfo: Launch Mode: UserProfile
00:00:00.659 |E| .NET TP Worker ATTENTION: default value of option mesa_glthread overridden by environment.
00:00:00.700 |E| .NET TP Worker ATTENTION: default value of option mesa_glthread overridden by environment.
00:00:00.703 |E| .NET TP Worker ATTENTION: default value of option mesa_glthread overridden by environment.
00:00:04.570 |I| Application QueryLatestAsync: Checking for updates from: https://update.ryujinx.app/latest/query?os=linux&arch=amd64&rc=stable
00:00:05.336 |I| Application BeginUpdateAsync: Up to date.
00:00:00.073 |I| Gpu : Backend Threading (Auto): True
00:00:00.276 |N| Application LoadGuestApplication: Using Firmware Version: 19.0.1
00:00:00.276 |N| Application LoadGuestApplication: Loading content archive from '/home/[redacted]/Downloads/Games/Pokemon Brilliant Diamond [0100000011D90000][v0].nsp'.
00:00:00.276 |I| Application LoadGuestApplication: Loading as NSP.
00:00:00.305 |I| ModLoader QueryContentsDir: Searching mods for Application 0100000011D90000 in "/home/[redacted]/.config/Ryujinx/mods/contents"
00:00:00.307 |I| ModLoader QueryContentsDir: Searching mods for Application 0100000011D90000 in "/home/[redacted]/.config/Ryujinx/sdcard/atmosphere/contents"
00:00:00.309 |I| Loader Load: Loading rtld...
00:00:00.323 |I| Loader PrintRoSectionInfo: rtld:
    Module: nnrtld
00:00:00.323 |I| Loader Load: Loading main...
00:00:00.713 |I| Loader PrintRoSectionInfo: main:
    Module: F:\JenkinsWorkSpace\workspace\BuildRom_Launch\unity_project\Dpr\SwitchIL2CPPCache\il2cpp_cache\linkresult_22F671898E59E8B9B3F93C78532B1E40\SwitchPlayer.nss
    SDK Libraries: SDK MW+UnityTechnologies+Unity-2019_4_27_f1
                   SDK MW+Nintendo+NintendoSDK_libcurl-11_4_3-Release
                   SDK MW+Nintendo+NintendoSDK_libz-11_4_3-Release
                   SDK MW+Nintendo+NEX-4_6_11-appdl
                   SDK MW+Nintendo+PIA_UNITY-0.33.0
                   SDK MW+Nintendo+PiaSession-5_37_0
                   SDK MW+Nintendo+PiaTransport-5_37_0
                   SDK MW+Nintendo+NEX_DS-4_6_11
                   SDK MW+Nintendo+NEX_R2-4_6_11
                   SDK MW+Nintendo+NEX_RK-4_6_11
                   SDK MW+Nintendo+NEX_CO-4_6_11
                   SDK MW+Nintendo+NEX_SS-4_6_11
                   SDK MW+Nintendo+NEX_UT-4_6_11
                   SDK MW+Nintendo+PiaCommon-5_37_0
                   SDK MW+Nintendo+Pia-5_37_0_58082
                   SDK MW+Nintendo+PiaFramework-5_37_0
                   SDK MW+Nintendo+PiaLan-5_37_0
                   SDK MW+Nintendo+PiaLocal-5_37_0
                   SDK MW+Nintendo+PiaNex-5_37_0-forNEX-4_6_5
                   SDK MW+Nintendo+PiaReckoning-5_37_0
                   SDK MW+Nintendo+PiaSync-5_37_0
                   SDK MW+Nintendo+NEX_MM-4_6_11
                   SDK MW+Nintendo+PiaClone-5_37_0
00:00:00.714 |I| Loader Load: Loading subsdk0...
00:00:00.737 |I| Loader PrintRoSectionInfo: subsdk0:
    Module: multimedia
    SDK Libraries: SDK MW+Nintendo+NintendoSDK_movie-11_4_3-Release
00:00:00.737 |I| Loader Load: Loading sdk...
00:00:00.786 |I| Loader PrintRoSectionInfo: sdk:
    Module: nnSdk
    FS SDK Version: 11.4.3
    SDK Libraries: SDK MW+Nintendo+NintendoSDK_libz-11_4_3-Release
                   SDK MW+Nintendo+NintendoSdk_nnSdk-11_4_3-Release
                   SDK MW+Nintendo+NintendoSDK_NVN-11_4_3-Release
00:00:00.884 |I| Ptc Initialize: Initializing Profiled Persistent Translation Cache (enabled: True).
00:00:00.885 |I| Ptc Initialize: PPTC (v7009) Profile: 1.0.0-default
00:00:01.553 |I| Ptc Load: Loaded Translation Cache (size: 133841423 bytes, translated functions: 68743).
00:00:01.564 |I| Ptc Load: Loaded Profiling Info (size: 311744 bytes, profiled functions: 68431).
00:00:01.567 |I| Application ParseCapability: Application requested cores with index range 0 to 2
00:00:01.567 |I| Loader LoadNsos: Loading image 0 at 0x0000000008500000...
00:00:01.568 |I| Loader LoadNsos: Loading image 1 at 0x0000000008504000...
00:00:01.590 |I| Loader LoadNsos: Loading image 2 at 0x000000000d2bd000...
00:00:01.591 |I| Loader LoadNsos: Loading image 3 at 0x000000000d963000...
00:00:01.595 |I| ModLoader LoadCheats: Build ids found for application 0100000011D90000:
    6F8B1226CC8CD958021D6BFD226EBF23F892AB9B000000000000000000000000
    F87FC6075104EC4D9642A4AA6BB2221600000000000000000000000000000000
    507F19D1240D09D00992248E8A0FD77EBD784EB4000000000000000000000000
    2D369D9999E3E10E665106F840FFFF9BDAA0BB8E000000000000000000000000
00:00:01.597 |I| Application EnsureSaveData: Ensuring required savedata exists.
00:00:01.619 |I| Loader Start: Application Loaded: Pokémon Brilliant Diamond v1.0.0 [0100000011d90000] [64-bit]
00:00:01.660 |I| GUI.WindowThread Hid Configure: Configured Controller ProController to Player1
00:00:01.667 |I| GUI.WindowThread Hid SetupNpad: Connected Controller ProController to Player1
00:00:01.759 |N| GUI.RenderThread Gpu PrintGpuInformation: AMD Radeon 860M Graphics (RADV KRACKAN1) (Vulkan v1.4.335, Driver v26.0.1)
00:00:01.759 |N| GUI.RenderThread Gpu PrintGpuInformation: GPU Memory: 5429 MiB
00:00:01.765 |I| GPU.MainThread Gpu LoadShaders: Loading 3392 shaders from the cache...
00:00:03.659 |I| GPU.MainThread Gpu LoadShaders: Shader cache loaded.
00:00:04.258 |W| HLE.GuestThread.46 Cpu Allocate: JIT Cache Region 0 exhausted, creating new Cache Region 1 (512 MB Total Allocation).
00:00:04.615 |I| HLE.GuestThread.46 Ptc LoadTranslations: 67758 translated functions loaded
00:00:04.630 |I| HLE.GuestThread.46 Ptc MakeAndSaveTranslations: 0 of 673 functions translated | Thread count: 15
00:00:06.070 |I| HLE.GuestThread.46 Ptc MakeAndSaveTranslations: 673 of 673 functions translated in 1.3123217 seconds | 0 functions blacklisted | Thread count: 15
00:00:06.144 |S| HLE.OsThread.47 ServiceAm GetAppletResourceUserId: Stubbed. {appletResourceUserId: 1}
00:00:06.152 |S| HLE.OsThread.47 ServiceAm AcquireForegroundRights: Stubbed. 
00:00:06.152 |S| HLE.OsThread.47 ServiceAm SetFocusHandlingMode: Stubbed. {unknownFlag1: False ; unknownFlag2: False ; unknownFlag3: True}
00:00:06.152 |S| HLE.OsThread.47 ServiceAm SetOutOfFocusSuspendingEnabled: Stubbed. {outOfFocusSuspendingEnabled: False}
00:00:06.157 |S| HLE.OsThread.47 ServicePctl Initialize: Stubbed. 
00:00:06.186 |S| HLE.OsThread.4 ServiceNv FinishInitialize: Stubbed. 
00:00:06.190 |S| HLE.OsThread.47 ServiceAm SetRestartMessageEnabled: Stubbed. {restartMessageEnabled: True}
00:00:06.190 |S| HLE.OsThread.47 ServiceAm SetPerformanceModeChangedNotification: Stubbed. {performanceModeChangedNotification: True}
00:00:06.190 |S| HLE.OsThread.47 ServiceAm SetOperationModeChangedNotification: Stubbed. {operationModeChangedNotification: True}
00:00:06.433 |S| HLE.OsThread.1 ServiceBsd RegisterClient: Stubbed. 
00:00:06.434 |S| HLE.OsThread.1 ServiceBsd StartMonitoring: Stubbed. {unknown0: 0}
00:00:06.575 |S| HLE.OsThread.47 ServiceSsl SetInterfaceVersion: Stubbed. {interfaceVersion: 3}
00:00:06.584 |S| HLE.OsThread.3 ServiceHid ActivateTouchScreen: Stubbed. {appletResourceUserId: 1}
00:00:06.584 |S| HLE.OsThread.3 ServiceHid ActiveNpadImpl: Stubbed. {appletResourceUserId: 1 ; revision: 3}
00:00:06.584 |S| HLE.OsThread.3 ServiceHid SetSupportedNpadStyleSet: Stubbed. {pid: 127 ; appletResourceUserId: 1 ; type: ProController, Handheld, JoyconPair}
00:00:06.587 |S| HLE.OsThread.3 ServiceHid SetSupportedNpadIdType: Stubbed. 9 Players: Handheld,Player1,Player2,Player3,Player4,Player5,Player6,Player7,Player8
00:00:06.604 |S| HLE.OsThread.4 ServiceNv InitializeEx: Stubbed. 
00:00:06.612 |S| HLE.OsThread.4 ServiceNv GetActiveSlotMask: Stubbed. 
00:00:06.642 |S| HLE.OsThread.4 ServiceNv SetNvMapFd: Stubbed. 
00:00:06.642 |S| HLE.OsThread.4 ServiceNv AllocGpfifoEx2: Stubbed. 
00:00:06.642 |S| HLE.OsThread.4 ServiceNv AllocObjCtx: Stubbed. 
00:00:06.643 |S| HLE.OsThread.4 ServiceNv SetErrorNotifier: Stubbed. 
00:00:06.643 |S| HLE.OsThread.4 ServiceNv SetUserData: Stubbed. 
00:00:06.643 |S| HLE.OsThread.4 ServiceNv SetTimeout: Stubbed. 
00:00:06.643 |S| HLE.OsThread.4 ServiceNv SetTimeslice: Stubbed. 
00:00:06.644 |S| HLE.OsThread.4 ServiceNv ZcullBind: Stubbed. 
00:00:06.647 |I| HLE.OsThread.47 SurfaceFlinger CreateLayerFromId: Creating layer 1
00:00:06.648 |I| HLE.OsThread.47 SurfaceFlinger CreateLayerFromId: Creating layer 2
00:00:06.680 |I| HLE.OsThread.11 AudioRenderer AcquireSessionId: Registered new output (0)
00:00:06.705 |I| HLE.OsThread.11 Audio EnsureAudioStreamSetup: New audio stream setup with a target sample count of 1024
00:00:06.851 |S| HLE.OsThread.3 ServiceHid SetSupportedNpadIdType: Stubbed. 2 Players: Player1,Handheld
00:00:06.852 |S| HLE.OsThread.3 ServiceHid SetSupportedNpadStyleSet: Stubbed. {pid: 127 ; appletResourceUserId: 1 ; type: ProController, Handheld, JoyconPair}
00:00:07.037 |I| Ptc.DiskWriter Ptc Save: Saved Translation Cache (size: 135208709 bytes, translated functions: 69416).
00:00:09.397 |S| HLE.OsThread.47 ServiceAcc InitializeApplicationInfo: Stubbed. {TitleId: 72057594337361920}
00:00:09.399 |S| HLE.OsThread.47 ServiceAcc IsUserAccountSwitchLocked: Stubbed. 
00:00:13.873 |S| HLE.OsThread.47 ServiceAm SetFocusHandlingMode: Stubbed. {unknownFlag1: False ; unknownFlag2: False ; unknownFlag3: True}
00:00:13.874 |S| HLE.OsThread.47 ServiceAm SetOutOfFocusSuspendingEnabled: Stubbed. {outOfFocusSuspendingEnabled: False}
00:00:13.885 |I| HLE.OsThread.11 AudioRenderer AcquireSessionId: Registered new output (1)
00:00:13.906 |I| HLE.OsThread.11 Audio EnsureAudioStreamSetup: New audio stream setup with a target sample count of 1024
00:00:13.931 |S| HLE.OsThread.4 ServiceNv ZbcSetTable: Stubbed. 
00:00:13.931 |S| HLE.OsThread.4 ServiceNv GetActiveSlotMask: Stubbed. 
00:00:17.311 |S| HLE.OsThread.4 ServiceNv ZbcSetTable: Stubbed. 
00:00:17.312 |S| HLE.OsThread.4 ServiceNv GetActiveSlotMask: Stubbed. 
00:00:21.184 |S| HLE.OsThread.3 ServiceHid StartSixAxisSensor: Stubbed. {appletResourceUserId: 1 ; sixAxisSensorHandle: 131075}
00:00:25.404 |S| HLE.OsThread.4 ServiceNv ZbcSetTable: Stubbed. 
00:00:25.404 |S| HLE.OsThread.4 ServiceNv GetActiveSlotMask: Stubbed. 
00:00:36.088 |I| Ptc.DiskWriter Ptc Save: Saved Profiling Info (size: 311826 bytes, profiled functions: 68447).
00:01:06.088 |I| Ptc.DiskWriter Ptc Save: Saved Profiling Info (size: 311831 bytes, profiled functions: 68448).
00:01:06.145 |S| HLE.OsThread.4 ServiceNv ZbcSetTable: Stubbed. 
00:01:06.145 |S| HLE.OsThread.4 ServiceNv GetActiveSlotMask: Stubbed. 
00:01:27.398 |S| HLE.OsThread.47 ServiceAm LockExit: Stubbed. 
00:01:27.423 |S| HLE.OsThread.47 ServiceAm UnlockExit: Stubbed. 
00:01:36.080 |I| Ptc.DiskWriter Ptc Save: Saved Profiling Info (size: 311976 bytes, profiled functions: 68482).
00:01:36.188 |I| .NET TP Worker ServiceNifm LocalInterfaceCacheHandler: NetworkAddress changed, invalidating cached data.
00:01:43.004 |I| .NET TP Worker ServiceNifm LocalInterfaceCacheHandler: NetworkAddress changed, invalidating cached data.
00:02:29.680 |I| .NET TP Worker ServiceNifm LocalInterfaceCacheHandler: NetworkAddress changed, invalidating cached data.
00:03:42.152 |I| .NET TP Worker ServiceNifm LocalInterfaceCacheHandler: NetworkAddress changed, invalidating cached data.
00:09:06.085 |I| Ptc.DiskWriter Ptc Save: Saved Profiling Info (size: 311983 bytes, profiled functions: 68484).
00:10:06.080 |I| Ptc.DiskWriter Ptc Save: Saved Profiling Info (size: 312033 bytes, profiled functions: 68491).
00:11:06.080 |I| Ptc.DiskWriter Ptc Save: Saved Profiling Info (size: 312035 bytes, profiled functions: 68491).
00:14:06.078 |I| Ptc.DiskWriter Ptc Save: Saved Profiling Info (size: 312040 bytes, profiled functions: 68492).
00:16:06.081 |I| Ptc.DiskWriter Ptc Save: Saved Profiling Info (size: 312058 bytes, profiled functions: 68496).
00:16:36.075 |I| Ptc.DiskWriter Ptc Save: Saved Profiling Info (size: 312067 bytes, profiled functions: 68498).
00:16:58.757 |S| HLE.OsThread.47 ServiceAm LockExit: Stubbed. 
00:16:59.021 |S| HLE.OsThread.47 ServiceAm UnlockExit: Stubbed. 
00:17:06.080 |I| Ptc.DiskWriter Ptc Save: Saved Profiling Info (size: 312094 bytes, profiled functions: 68504).
00:17:26.088 |S| HLE.OsThread.47 ServiceAm LockExit: Stubbed. 
00:17:26.315 |S| HLE.OsThread.47 ServiceAm UnlockExit: Stubbed. 
00:17:30.391 |S| HLE.OsThread.47 ServiceAm LockExit: Stubbed. 
00:17:30.664 |S| HLE.OsThread.47 ServiceAm UnlockExit: Stubbed. 
00:17:36.080 |I| Ptc.DiskWriter Ptc Save: Saved Profiling Info (size: 312103 bytes, profiled functions: 68506).
00:19:39.260 |I| .NET TP Worker ServiceNifm LocalInterfaceCacheHandler: NetworkAddress changed, invalidating cached data.
00:22:21.416 |S| HLE.OsThread.47 ServiceAm LockExit: Stubbed. 
00:22:21.623 |S| HLE.OsThread.47 ServiceAm UnlockExit: Stubbed. 
00:22:32.716 |S| HLE.OsThread.47 ServiceAm LockExit: Stubbed. 
00:22:33.026 |S| HLE.OsThread.47 ServiceAm UnlockExit: Stubbed. 
00:22:36.078 |I| Ptc.DiskWriter Ptc Save: Saved Profiling Info (size: 312113 bytes, profiled functions: 68508).
00:22:37.463 |S| HLE.OsThread.47 ServiceAm LockExit: Stubbed. 
00:22:37.613 |S| HLE.OsThread.47 ServiceAm UnlockExit: Stubbed. 
00:23:03.630 |I| .NET TP Worker ServiceNifm LocalInterfaceCacheHandler: NetworkAddress changed, invalidating cached data.
00:24:06.080 |I| Ptc.DiskWriter Ptc Save: Saved Profiling Info (size: 312118 bytes, profiled functions: 68509).
00:26:06.077 |I| Ptc.DiskWriter Ptc Save: Saved Profiling Info (size: 312178 bytes, profiled functions: 68523).
00:26:36.079 |I| Ptc.DiskWriter Ptc Save: Saved Profiling Info (size: 312186 bytes, profiled functions: 68525).
00:27:06.078 |I| Ptc.DiskWriter Ptc Save: Saved Profiling Info (size: 312190 bytes, profiled functions: 68526).
00:27:50.771 |S| HLE.OsThread.4 ServiceNv ZbcSetTable: Stubbed. 
00:27:50.771 |S| HLE.OsThread.4 ServiceNv GetActiveSlotMask: Stubbed. 
00:27:50.806 |S| HLE.OsThread.4 ServiceNv ZbcSetTable: Stubbed. 
00:27:50.806 |S| HLE.OsThread.4 ServiceNv GetActiveSlotMask: Stubbed. 
00:28:36.077 |I| Ptc.DiskWriter Ptc Save: Saved Profiling Info (size: 312195 bytes, profiled functions: 68527).
00:28:42.450 |S| HLE.OsThread.47 ServiceAm LockExit: Stubbed. 
00:28:42.681 |S| HLE.OsThread.47 ServiceAm UnlockExit: Stubbed. 
00:29:06.076 |I| Ptc.DiskWriter Ptc Save: Saved Profiling Info (size: 312240 bytes, profiled functions: 68537).
00:29:34.169 |S| HLE.OsThread.4 ServiceNv ZbcSetTable: Stubbed. 
00:29:34.169 |S| HLE.OsThread.4 ServiceNv GetActiveSlotMask: Stubbed. 
00:31:06.079 |I| Ptc.DiskWriter Ptc Save: Saved Profiling Info (size: 312255 bytes, profiled functions: 68540).
00:31:16.834 |S| HLE.OsThread.4 ServiceNv ZbcSetTable: Stubbed. 
00:31:16.834 |S| HLE.OsThread.4 ServiceNv GetActiveSlotMask: Stubbed. 
00:31:36.079 |I| Ptc.DiskWriter Ptc Save: Saved Profiling Info (size: 312271 bytes, profiled functions: 68543).
00:32:06.078 |I| Ptc.DiskWriter Ptc Save: Saved Profiling Info (size: 312282 bytes, profiled functions: 68545).
00:32:36.078 |I| Ptc.DiskWriter Ptc Save: Saved Profiling Info (size: 312298 bytes, profiled functions: 68548).
00:33:06.079 |I| Ptc.DiskWriter Ptc Save: Saved Profiling Info (size: 312322 bytes, profiled functions: 68553).
00:33:36.078 |I| Ptc.DiskWriter Ptc Save: Saved Profiling Info (size: 312330 bytes, profiled functions: 68555).
00:34:06.078 |I| Ptc.DiskWriter Ptc Save: Saved Profiling Info (size: 312342 bytes, profiled functions: 68558).
00:34:40.305 |S| HLE.OsThread.47 ServiceAm LockExit: Stubbed. 
00:34:40.523 |S| HLE.OsThread.47 ServiceAm UnlockExit: Stubbed. 
00:34:54.517 |S| HLE.OsThread.47 ServiceAm LockExit: Stubbed. 
00:34:54.800 |S| HLE.OsThread.47 ServiceAm UnlockExit: Stubbed. 
00:35:06.078 |I| Ptc.DiskWriter Ptc Save: Saved Profiling Info (size: 312358 bytes, profiled functions: 68561).
00:35:36.078 |I| Ptc.DiskWriter Ptc Save: Saved Profiling Info (size: 312410 bytes, profiled functions: 68572).
00:36:06.078 |I| Ptc.DiskWriter Ptc Save: Saved Profiling Info (size: 312460 bytes, profiled functions: 68585).
00:36:36.078 |I| Ptc.DiskWriter Ptc Save: Saved Profiling Info (size: 312560 bytes, profiled functions: 68607).
00:37:36.080 |I| Ptc.DiskWriter Ptc Save: Saved Profiling Info (size: 312572 bytes, profiled functions: 68610).
00:38:36.079 |I| Ptc.DiskWriter Ptc Save: Saved Profiling Info (size: 312601 bytes, profiled functions: 68615).
00:38:39.637 |S| HLE.OsThread.47 ServiceAm LockExit: Stubbed. 
00:38:39.842 |S| HLE.OsThread.47 ServiceAm UnlockExit: Stubbed. 
00:38:43.518 |S| HLE.OsThread.47 ServiceAm LockExit: Stubbed. 
00:38:43.755 |S| HLE.OsThread.47 ServiceAm UnlockExit: Stubbed. 
00:39:06.081 |I| Ptc.DiskWriter Ptc Save: Saved Profiling Info (size: 312641 bytes, profiled functions: 68625).
00:39:11.767 |S| HLE.OsThread.47 ServiceAm LockExit: Stubbed. 
00:39:11.918 |S| HLE.OsThread.47 ServiceAm UnlockExit: Stubbed. 
00:39:36.083 |I| Ptc.DiskWriter Ptc Save: Saved Profiling Info (size: 312649 bytes, profiled functions: 68627).
00:45:36.078 |I| Ptc.DiskWriter Ptc Save: Saved Profiling Info (size: 313161 bytes, profiled functions: 68751).
00:46:05.784 |S| HLE.OsThread.47 ServiceAm LockExit: Stubbed. 
00:46:06.060 |S| HLE.OsThread.47 ServiceAm UnlockExit: Stubbed. 
00:46:06.076 |I| Ptc.DiskWriter Ptc Save: Saved Profiling Info (size: 313317 bytes, profiled functions: 68768).
00:46:22.200 |S| HLE.OsThread.47 ServiceAm LockExit: Stubbed. 
00:46:22.359 |S| HLE.OsThread.47 ServiceAm UnlockExit: Stubbed. 
00:46:36.078 |I| Ptc.DiskWriter Ptc Save: Saved Profiling Info (size: 313331 bytes, profiled functions: 68771).
00:46:50.385 |S| HLE.OsThread.47 ServiceAm LockExit: Stubbed. 
00:46:50.655 |S| HLE.OsThread.47 ServiceAm UnlockExit: Stubbed. 
00:47:06.078 |I| Ptc.DiskWriter Ptc Save: Saved Profiling Info (size: 313329 bytes, profiled functions: 68771).
00:47:36.079 |I| Ptc.DiskWriter Ptc Save: Saved Profiling Info (size: 313346 bytes, profiled functions: 68774).
00:48:06.080 |I| Ptc.DiskWriter Ptc Save: Saved Profiling Info (size: 313389 bytes, profiled functions: 68784).
00:48:36.080 |I| Ptc.DiskWriter Ptc Save: Saved Profiling Info (size: 313395 bytes, profiled functions: 68785).
00:49:36.076 |I| Ptc.DiskWriter Ptc Save: Saved Profiling Info (size: 313400 bytes, profiled functions: 68786).
00:49:39.740 |I| .NET TP Worker ServiceNifm LocalInterfaceCacheHandler: NetworkAddress changed, invalidating cached data.
00:49:46.576 |I| .NET TP Worker ServiceNifm LocalInterfaceCacheHandler: NetworkAddress changed, invalidating cached data.
00:50:06.079 |I| Ptc.DiskWriter Ptc Save: Saved Profiling Info (size: 313423 bytes, profiled functions: 68791).
00:51:06.078 |I| Ptc.DiskWriter Ptc Save: Saved Profiling Info (size: 313446 bytes, profiled functions: 68796).
00:51:36.079 |I| Ptc.DiskWriter Ptc Save: Saved Profiling Info (size: 313452 bytes, profiled functions: 68797).
00:52:06.080 |I| Ptc.DiskWriter Ptc Save: Saved Profiling Info (size: 313471 bytes, profiled functions: 68801).
00:53:06.081 |I| Ptc.DiskWriter Ptc Save: Saved Profiling Info (size: 313473 bytes, profiled functions: 68801).
00:53:43.460 |S| HLE.OsThread.47 ServiceAm LockExit: Stubbed. 
00:53:43.663 |S| HLE.OsThread.47 ServiceAm UnlockExit: Stubbed. 
00:53:50.997 |S| HLE.OsThread.47 ServiceAm LockExit: Stubbed. 
00:53:51.227 |S| HLE.OsThread.47 ServiceAm UnlockExit: Stubbed. 
00:53:59.229 |S| HLE.OsThread.47 ServiceAm LockExit: Stubbed. 
00:53:59.395 |S| HLE.OsThread.47 ServiceAm UnlockExit: Stubbed. 
00:54:06.078 |I| Ptc.DiskWriter Ptc Save: Saved Profiling Info (size: 313486 bytes, profiled functions: 68803).
00:55:06.077 |I| Ptc.DiskWriter Ptc Save: Saved Profiling Info (size: 313500 bytes, profiled functions: 68806).
00:55:36.079 |I| Ptc.DiskWriter Ptc Save: Saved Profiling Info (size: 313537 bytes, profiled functions: 68814).
00:56:06.077 |I| Ptc.DiskWriter Ptc Save: Saved Profiling Info (size: 313542 bytes, profiled functions: 68814).
00:56:36.078 |I| Ptc.DiskWriter Ptc Save: Saved Profiling Info (size: 313559 bytes, profiled functions: 68818).
00:56:42.669 |I| .NET TP Worker ServiceNifm LocalInterfaceCacheHandler: NetworkAddress changed, invalidating cached data.
00:56:55.737 |I| .NET TP Worker ServiceNifm LocalInterfaceCacheHandler: NetworkAddress changed, invalidating cached data.
00:57:23.022 |S| HLE.OsThread.47 ServiceAm LockExit: Stubbed. 
00:57:23.251 |S| HLE.OsThread.47 ServiceAm UnlockExit: Stubbed. 
00:58:06.081 |I| Ptc.DiskWriter Ptc Save: Saved Profiling Info (size: 313578 bytes, profiled functions: 68822).
00:59:05.924 |S| HLE.OsThread.47 ServiceAm LockExit: Stubbed. 
00:59:05.940 |S| HLE.OsThread.47 ServiceAm UnlockExit: Stubbed. 
00:59:06.078 |I| Ptc.DiskWriter Ptc Save: Saved Profiling Info (size: 313625 bytes, profiled functions: 68833).
00:59:21.536 |I| .NET TP Worker ServiceNifm LocalInterfaceCacheHandler: NetworkAddress changed, invalidating cached data.
00:59:28.275 |I| .NET TP Worker ServiceNifm LocalInterfaceCacheHandler: NetworkAddress changed, invalidating cached data.
00:59:41.659 |S| HLE.OsThread.47 ServiceAm LockExit: Stubbed. 
00:59:41.897 |S| HLE.OsThread.47 ServiceAm UnlockExit: Stubbed. 
01:00:06.076 |I| Ptc.DiskWriter Ptc Save: Saved Profiling Info (size: 313742 bytes, profiled functions: 68856).
01:00:31.359 |S| HLE.OsThread.47 ServiceAm LockExit: Stubbed. 
01:00:31.674 |S| HLE.OsThread.47 ServiceAm UnlockExit: Stubbed. 
01:00:36.077 |I| Ptc.DiskWriter Ptc Save: Saved Profiling Info (size: 313756 bytes, profiled functions: 68859).
01:00:59.798 |S| HLE.OsThread.47 ServiceAm LockExit: Stubbed. 
01:01:00.003 |S| HLE.OsThread.47 ServiceAm UnlockExit: Stubbed. 
01:01:06.078 |I| Ptc.DiskWriter Ptc Save: Saved Profiling Info (size: 313760 bytes, profiled functions: 68860).
01:01:36.079 |I| Ptc.DiskWriter Ptc Save: Saved Profiling Info (size: 313788 bytes, profiled functions: 68866).
01:02:06.078 |I| Ptc.DiskWriter Ptc Save: Saved Profiling Info (size: 313784 bytes, profiled functions: 68866).
01:02:36.078 |I| Ptc.DiskWriter Ptc Save: Saved Profiling Info (size: 313808 bytes, profiled functions: 68871).
01:03:06.081 |I| Ptc.DiskWriter Ptc Save: Saved Profiling Info (size: 313830 bytes, profiled functions: 68874).
01:03:36.081 |I| Ptc.DiskWriter Ptc Save: Saved Profiling Info (size: 313840 bytes, profiled functions: 68876).
01:04:06.078 |I| Ptc.DiskWriter Ptc Save: Saved Profiling Info (size: 313880 bytes, profiled functions: 68886).
01:04:36.079 |I| Ptc.DiskWriter Ptc Save: Saved Profiling Info (size: 313889 bytes, profiled functions: 68887).
01:05:06.079 |I| Ptc.DiskWriter Ptc Save: Saved Profiling Info (size: 313919 bytes, profiled functions: 68893).
01:05:36.076 |I| Ptc.DiskWriter Ptc Save: Saved Profiling Info (size: 313925 bytes, profiled functions: 68893).
01:06:36.077 |I| Ptc.DiskWriter Ptc Save: Saved Profiling Info (size: 313931 bytes, profiled functions: 68894).
01:07:06.083 |I| Ptc.DiskWriter Ptc Save: Saved Profiling Info (size: 313936 bytes, profiled functions: 68895).
01:07:36.080 |I| Ptc.DiskWriter Ptc Save: Saved Profiling Info (size: 313939 bytes, profiled functions: 68895).
01:08:06.078 |I| Ptc.DiskWriter Ptc Save: Saved Profiling Info (size: 313951 bytes, profiled functions: 68897).
01:09:19.987 |I| .NET TP Worker ServiceNifm LocalInterfaceCacheHandler: NetworkAddress changed, invalidating cached data.
01:09:32.985 |I| .NET TP Worker ServiceNifm LocalInterfaceCacheHandler: NetworkAddress changed, invalidating cached data.
01:09:36.076 |I| Ptc.DiskWriter Ptc Save: Saved Profiling Info (size: 313954 bytes, profiled functions: 68898).
01:10:06.079 |I| Ptc.DiskWriter Ptc Save: Saved Profiling Info (size: 313965 bytes, profiled functions: 68899).
01:11:06.078 |I| Ptc.DiskWriter Ptc Save: Saved Profiling Info (size: 313972 bytes, profiled functions: 68900).
01:12:06.079 |I| Ptc.DiskWriter Ptc Save: Saved Profiling Info (size: 313973 bytes, profiled functions: 68901).
01:12:36.077 |I| Ptc.DiskWriter Ptc Save: Saved Profiling Info (size: 313978 bytes, profiled functions: 68902).
01:13:36.077 |I| Ptc.DiskWriter Ptc Save: Saved Profiling Info (size: 313990 bytes, profiled functions: 68905).
01:14:36.079 |I| Ptc.DiskWriter Ptc Save: Saved Profiling Info (size: 314000 bytes, profiled functions: 68907).
01:15:06.078 |I| Ptc.DiskWriter Ptc Save: Saved Profiling Info (size: 314005 bytes, profiled functions: 68908).
01:15:36.834 |S| HLE.OsThread.47 ServiceAm LockExit: Stubbed. 
01:15:37.155 |S| HLE.OsThread.47 ServiceAm UnlockExit: Stubbed. 
01:16:06.078 |I| Ptc.DiskWriter Ptc Save: Saved Profiling Info (size: 314012 bytes, profiled functions: 68908).
01:16:36.078 |I| Ptc.DiskWriter Ptc Save: Saved Profiling Info (size: 314014 bytes, profiled functions: 68908).
01:17:03.981 |S| HLE.OsThread.47 ServiceAm LockExit: Stubbed. 
01:17:04.207 |S| HLE.OsThread.47 ServiceAm UnlockExit: Stubbed. 
01:17:06.076 |I| Ptc.DiskWriter Ptc Save: Saved Profiling Info (size: 314026 bytes, profiled functions: 68910).
01:17:30.396 |S| HLE.OsThread.47 ServiceAm LockExit: Stubbed. 
01:17:30.700 |S| HLE.OsThread.47 ServiceAm UnlockExit: Stubbed. 
01:17:36.077 |I| Ptc.DiskWriter Ptc Save: Saved Profiling Info (size: 314020 bytes, profiled functions: 68911).
01:17:50.447 |S| HLE.OsThread.47 ServiceAm LockExit: Stubbed. 
01:17:50.629 |S| HLE.OsThread.47 ServiceAm UnlockExit: Stubbed. 
01:17:57.872 |S| HLE.OsThread.47 ServiceAm LockExit: Stubbed. 
01:17:57.882 |S| HLE.OsThread.4 ServiceNv ZbcSetTable: Stubbed. 
01:17:57.882 |S| HLE.OsThread.4 ServiceNv GetActiveSlotMask: Stubbed. 
01:17:58.217 |S| HLE.OsThread.47 ServiceAm UnlockExit: Stubbed. 
01:18:36.079 |I| Ptc.DiskWriter Ptc Save: Saved Profiling Info (size: 314122 bytes, profiled functions: 68937).
01:20:36.076 |I| Ptc.DiskWriter Ptc Save: Saved Profiling Info (size: 314139 bytes, profiled functions: 68938).
01:20:36.255 |S| HLE.OsThread.4 ServiceNv ZbcSetTable: Stubbed. 
01:20:36.255 |S| HLE.OsThread.4 ServiceNv GetActiveSlotMask: Stubbed. 
01:21:06.078 |I| Ptc.DiskWriter Ptc Save: Saved Profiling Info (size: 314166 bytes, profiled functions: 68944).
01:21:36.077 |I| Ptc.DiskWriter Ptc Save: Saved Profiling Info (size: 314171 bytes, profiled functions: 68945).
01:22:06.084 |I| Ptc.DiskWriter Ptc Save: Saved Profiling Info (size: 314214 bytes, profiled functions: 68956).
01:23:06.077 |I| Ptc.DiskWriter Ptc Save: Saved Profiling Info (size: 314195 bytes, profiled functions: 68956).
01:24:36.077 |I| Ptc.DiskWriter Ptc Save: Saved Profiling Info (size: 314202 bytes, profiled functions: 68956).
01:25:06.078 |I| Ptc.DiskWriter Ptc Save: Saved Profiling Info (size: 314204 bytes, profiled functions: 68956).
01:26:06.076 |I| Ptc.DiskWriter Ptc Save: Saved Profiling Info (size: 314200 bytes, profiled functions: 68956).
01:27:36.076 |I| Ptc.DiskWriter Ptc Save: Saved Profiling Info (size: 314201 bytes, profiled functions: 68957).
01:28:06.078 |I| Ptc.DiskWriter Ptc Save: Saved Profiling Info (size: 314212 bytes, profiled functions: 68959).
01:29:06.078 |I| Ptc.DiskWriter Ptc Save: Saved Profiling Info (size: 314217 bytes, profiled functions: 68960).
01:31:06.079 |I| Ptc.DiskWriter Ptc Save: Saved Profiling Info (size: 314223 bytes, profiled functions: 68961).
01:32:06.077 |I| Ptc.DiskWriter Ptc Save: Saved Profiling Info (size: 314228 bytes, profiled functions: 68962).
01:32:36.078 |I| Ptc.DiskWriter Ptc Save: Saved Profiling Info (size: 314240 bytes, profiled functions: 68964).
01:33:06.078 |I| Ptc.DiskWriter Ptc Save: Saved Profiling Info (size: 314245 bytes, profiled functions: 68965).
01:33:36.076 |I| Ptc.DiskWriter Ptc Save: Saved Profiling Info (size: 314249 bytes, profiled functions: 68966).
01:34:36.080 |I| Ptc.DiskWriter Ptc Save: Saved Profiling Info (size: 314249 bytes, profiled functions: 68966).
01:35:06.076 |I| Ptc.DiskWriter Ptc Save: Saved Profiling Info (size: 314245 bytes, profiled functions: 68966).
01:39:06.077 |I| Ptc.DiskWriter Ptc Save: Saved Profiling Info (size: 314247 bytes, profiled functions: 68966).
01:40:01.050 |I| .NET TP Worker ServiceNifm LocalInterfaceCacheHandler: NetworkAddress changed, invalidating cached data.
01:40:01.121 |S| HLE.OsThread.4 ServiceNv ZbcSetTable: Stubbed. 
01:40:01.121 |S| HLE.OsThread.4 ServiceNv GetActiveSlotMask: Stubbed. 
01:40:06.077 |I| Ptc.DiskWriter Ptc Save: Saved Profiling Info (size: 314260 bytes, profiled functions: 68969).
01:40:36.079 |I| Ptc.DiskWriter Ptc Save: Saved Profiling Info (size: 314291 bytes, profiled functions: 68975).
01:43:06.079 |I| Ptc.DiskWriter Ptc Save: Saved Profiling Info (size: 314393 bytes, profiled functions: 68998).
01:43:36.079 |I| Ptc.DiskWriter Ptc Save: Saved Profiling Info (size: 314402 bytes, profiled functions: 68999).
01:44:06.076 |I| Ptc.DiskWriter Ptc Save: Saved Profiling Info (size: 314434 bytes, profiled functions: 69001).
01:44:36.079 |I| Ptc.DiskWriter Ptc Save: Saved Profiling Info (size: 314536 bytes, profiled functions: 69016).
01:45:06.078 |I| Ptc.DiskWriter Ptc Save: Saved Profiling Info (size: 314538 bytes, profiled functions: 69016).
01:45:36.077 |I| Ptc.DiskWriter Ptc Save: Saved Profiling Info (size: 314543 bytes, profiled functions: 69017).
01:46:06.078 |I| Ptc.DiskWriter Ptc Save: Saved Profiling Info (size: 314572 bytes, profiled functions: 69024).
01:46:36.077 |I| Ptc.DiskWriter Ptc Save: Saved Profiling Info (size: 314611 bytes, profiled functions: 69032).
01:47:06.078 |I| Ptc.DiskWriter Ptc Save: Saved Profiling Info (size: 314625 bytes, profiled functions: 69033).
01:47:36.077 |I| Ptc.DiskWriter Ptc Save: Saved Profiling Info (size: 314637 bytes, profiled functions: 69035).
01:48:06.078 |I| Ptc.DiskWriter Ptc Save: Saved Profiling Info (size: 314668 bytes, profiled functions: 69041).
01:48:36.078 |I| Ptc.DiskWriter Ptc Save: Saved Profiling Info (size: 314695 bytes, profiled functions: 69043).
01:49:02.054 |S| HLE.OsThread.47 ServiceAm LockExit: Stubbed. 
01:49:02.241 |S| HLE.OsThread.47 ServiceAm UnlockExit: Stubbed. 
01:49:06.077 |I| Ptc.DiskWriter Ptc Save: Saved Profiling Info (size: 314708 bytes, profiled functions: 69043).
01:49:24.883 |S| HLE.OsThread.47 ServiceAm LockExit: Stubbed. 
01:49:25.185 |S| HLE.OsThread.47 ServiceAm UnlockExit: Stubbed. 
01:49:36.078 |I| Ptc.DiskWriter Ptc Save: Saved Profiling Info (size: 314722 bytes, profiled functions: 69043).
01:49:45.197 |S| HLE.OsThread.47 ServiceAm LockExit: Stubbed. 
01:49:45.410 |S| HLE.OsThread.47 ServiceAm UnlockExit: Stubbed. 
01:50:06.078 |I| Ptc.DiskWriter Ptc Save: Saved Profiling Info (size: 314740 bytes, profiled functions: 69044).
01:50:36.076 |I| Ptc.DiskWriter Ptc Save: Saved Profiling Info (size: 314751 bytes, profiled functions: 69044).
01:50:40.672 |S| HLE.OsThread.47 ServiceAm LockExit: Stubbed. 
01:50:40.987 |S| HLE.OsThread.47 ServiceAm UnlockExit: Stubbed. 
01:51:06.076 |I| Ptc.DiskWriter Ptc Save: Saved Profiling Info (size: 314766 bytes, profiled functions: 69045).
01:51:23.131 |S| HLE.OsThread.47 ServiceAm LockExit: Stubbed. 
01:51:23.364 |S| HLE.OsThread.47 ServiceAm UnlockExit: Stubbed. 
01:51:27.476 |S| HLE.OsThread.47 ServiceAm LockExit: Stubbed. 
01:51:27.792 |S| HLE.OsThread.47 ServiceAm UnlockExit: Stubbed. 
01:51:29.726 |S| HLE.OsThread.47 ServiceAm LockExit: Stubbed. 
01:51:29.899 |S| HLE.OsThread.47 ServiceAm UnlockExit: Stubbed. 
01:51:36.078 |I| Ptc.DiskWriter Ptc Save: Saved Profiling Info (size: 314805 bytes, profiled functions: 69047).
01:52:06.077 |I| Ptc.DiskWriter Ptc Save: Saved Profiling Info (size: 314812 bytes, profiled functions: 69047).
01:52:17.876 |S| HLE.OsThread.47 ServiceAm LockExit: Stubbed. 
01:52:18.237 |S| HLE.OsThread.47 ServiceAm UnlockExit: Stubbed. 
01:52:36.077 |I| Ptc.DiskWriter Ptc Save: Saved Profiling Info (size: 314818 bytes, profiled functions: 69048).
01:53:06.078 |I| Ptc.DiskWriter Ptc Save: Saved Profiling Info (size: 314864 bytes, profiled functions: 69058).
01:53:36.076 |I| Ptc.DiskWriter Ptc Save: Saved Profiling Info (size: 314891 bytes, profiled functions: 69064).
01:54:06.076 |I| Ptc.DiskWriter Ptc Save: Saved Profiling Info (size: 314926 bytes, profiled functions: 69065).
01:54:36.076 |I| Ptc.DiskWriter Ptc Save: Saved Profiling Info (size: 314928 bytes, profiled functions: 69065).
01:55:06.077 |I| Ptc.DiskWriter Ptc Save: Saved Profiling Info (size: 314924 bytes, profiled functions: 69065).
01:55:36.078 |I| Ptc.DiskWriter Ptc Save: Saved Profiling Info (size: 314919 bytes, profiled functions: 69065).
01:56:06.076 |I| Ptc.DiskWriter Ptc Save: Saved Profiling Info (size: 314933 bytes, profiled functions: 69067).
01:56:36.078 |I| Ptc.DiskWriter Ptc Save: Saved Profiling Info (size: 314958 bytes, profiled functions: 69067).
01:57:06.077 |I| Ptc.DiskWriter Ptc Save: Saved Profiling Info (size: 315007 bytes, profiled functions: 69069).
01:57:36.078 |I| Ptc.DiskWriter Ptc Save: Saved Profiling Info (size: 315035 bytes, profiled functions: 69072).
01:58:06.079 |I| Ptc.DiskWriter Ptc Save: Saved Profiling Info (size: 315122 bytes, profiled functions: 69092).
01:58:36.077 |I| Ptc.DiskWriter Ptc Save: Saved Profiling Info (size: 315145 bytes, profiled functions: 69094).
01:59:06.076 |I| Ptc.DiskWriter Ptc Save: Saved Profiling Info (size: 315187 bytes, profiled functions: 69098).
01:59:36.078 |I| Ptc.DiskWriter Ptc Save: Saved Profiling Info (size: 315210 bytes, profiled functions: 69099).
02:00:06.078 |I| Ptc.DiskWriter Ptc Save: Saved Profiling Info (size: 315200 bytes, profiled functions: 69099).
02:01:36.077 |I| Ptc.DiskWriter Ptc Save: Saved Profiling Info (size: 315202 bytes, profiled functions: 69100).
02:02:06.078 |I| Ptc.DiskWriter Ptc Save: Saved Profiling Info (size: 315212 bytes, profiled functions: 69102).
02:02:36.076 |I| Ptc.DiskWriter Ptc Save: Saved Profiling Info (size: 315227 bytes, profiled functions: 69103).
02:03:06.076 |I| Ptc.DiskWriter Ptc Save: Saved Profiling Info (size: 315257 bytes, profiled functions: 69105).
02:03:36.076 |I| Ptc.DiskWriter Ptc Save: Saved Profiling Info (size: 315278 bytes, profiled functions: 69106).
02:04:06.077 |I| Ptc.DiskWriter Ptc Save: Saved Profiling Info (size: 315283 bytes, profiled functions: 69107).
02:28:36.083 |I| Ptc.DiskWriter Ptc Save: Saved Profiling Info (size: 315282 bytes, profiled functions: 69108).
02:29:06.078 |I| Ptc.DiskWriter Ptc Save: Saved Profiling Info (size: 315283 bytes, profiled functions: 69108).
02:29:36.079 |I| Ptc.DiskWriter Ptc Save: Saved Profiling Info (size: 315284 bytes, profiled functions: 69108).
02:30:06.077 |I| Ptc.DiskWriter Ptc Save: Saved Profiling Info (size: 315312 bytes, profiled functions: 69109).
02:30:36.078 |I| Ptc.DiskWriter Ptc Save: Saved Profiling Info (size: 315294 bytes, profiled functions: 69109).
02:31:06.076 |I| Ptc.DiskWriter Ptc Save: Saved Profiling Info (size: 315327 bytes, profiled functions: 69109).
02:31:36.078 |I| Ptc.DiskWriter Ptc Save: Saved Profiling Info (size: 315363 bytes, profiled functions: 69113).
02:32:06.077 |I| Ptc.DiskWriter Ptc Save: Saved Profiling Info (size: 315365 bytes, profiled functions: 69113).
02:32:36.076 |I| Ptc.DiskWriter Ptc Save: Saved Profiling Info (size: 315401 bytes, profiled functions: 69117).
02:33:06.078 |I| Ptc.DiskWriter Ptc Save: Saved Profiling Info (size: 315397 bytes, profiled functions: 69117).
02:33:36.076 |I| Ptc.DiskWriter Ptc Save: Saved Profiling Info (size: 315403 bytes, profiled functions: 69118).
03:44:54.555 |I| .NET TP Worker ServiceNifm LocalInterfaceCacheHandler: NetworkAddress changed, invalidating cached data.
03:45:25.020 |I| .NET TP Worker ServiceNifm LocalInterfaceCacheHandler: NetworkAddress changed, invalidating cached data.
